<?xml version="1.0"?>
<link_info>
   <banner>TI ARM Linker Unix v16.9.3.LTS</banner>
   <copyright>Copyright (c) 1996-2017 Texas Instruments Incorporated</copyright>
   <link_time>0x5a6cca69</link_time>
   <link_errors>0x0</link_errors>
   <output_file>tm4c_esp8266.out</output_file>
   <entry_point>
      <name>_c_int00</name>
      <address>0x3755</address>
   </entry_point>
   <input_file_list>
      <input_file id="fl-2">
         <path>./</path>
         <kind>object</kind>
         <file>main.obj</file>
         <name>main.obj</name>
      </input_file>
      <input_file id="fl-3">
         <path>./</path>
         <kind>object</kind>
         <file>tm4c1294ncpdt_startup_ccs.obj</file>
         <name>tm4c1294ncpdt_startup_ccs.obj</name>
      </input_file>
      <input_file id="fl-4">
         <path>./</path>
         <kind>object</kind>
         <file>uartstdio.obj</file>
         <name>uartstdio.obj</name>
      </input_file>
      <input_file id="fl-5">
         <path>./HAL/tm4c1294/</path>
         <kind>object</kind>
         <file>hal_common_tm4c.obj</file>
         <name>hal_common_tm4c.obj</name>
      </input_file>
      <input_file id="fl-6">
         <path>./HAL/tm4c1294/</path>
         <kind>object</kind>
         <file>hal_esp_tm4c.obj</file>
         <name>hal_esp_tm4c.obj</name>
      </input_file>
      <input_file id="fl-7">
         <path>./esp8266/</path>
         <kind>object</kind>
         <file>esp8266.obj</file>
         <name>esp8266.obj</name>
      </input_file>
      <input_file id="fl-8">
         <path>./esp8266/</path>
         <kind>object</kind>
         <file>espClient.obj</file>
         <name>espClient.obj</name>
      </input_file>
      <input_file id="fl-9">
         <path>./libs/</path>
         <kind>object</kind>
         <file>myLib.obj</file>
         <name>myLib.obj</name>
      </input_file>
      <input_file id="fl-a">
         <path>./serialPort/</path>
         <kind>object</kind>
         <file>uartHW.obj</file>
         <name>uartHW.obj</name>
      </input_file>
      <input_file id="fl-f">
         <kind>object</kind>
         <file>&lt;internal&gt;</file>
         <name>&lt;internal&gt;</name>
      </input_file>
      <input_file id="fl-c5">
         <path>/home/v125/Programming/ti/ccsv7/tools/compiler/ti-cgt-arm_16.9.3.LTS/lib/</path>
         <kind>archive</kind>
         <file>rtsv7M4_T_le_v4SPD16_eabi.lib</file>
         <name>boot.obj</name>
      </input_file>
      <input_file id="fl-c6">
         <path>/home/v125/Programming/ti/ccsv7/tools/compiler/ti-cgt-arm_16.9.3.LTS/lib/</path>
         <kind>archive</kind>
         <file>rtsv7M4_T_le_v4SPD16_eabi.lib</file>
         <name>copy_decompress_lzss.obj</name>
      </input_file>
      <input_file id="fl-c7">
         <path>/home/v125/Programming/ti/ccsv7/tools/compiler/ti-cgt-arm_16.9.3.LTS/lib/</path>
         <kind>archive</kind>
         <file>rtsv7M4_T_le_v4SPD16_eabi.lib</file>
         <name>copy_decompress_none.obj</name>
      </input_file>
      <input_file id="fl-c8">
         <path>/home/v125/Programming/ti/ccsv7/tools/compiler/ti-cgt-arm_16.9.3.LTS/lib/</path>
         <kind>archive</kind>
         <file>rtsv7M4_T_le_v4SPD16_eabi.lib</file>
         <name>copy_zero_init.obj</name>
      </input_file>
      <input_file id="fl-c9">
         <path>/home/v125/Programming/ti/ccsv7/tools/compiler/ti-cgt-arm_16.9.3.LTS/lib/</path>
         <kind>archive</kind>
         <file>rtsv7M4_T_le_v4SPD16_eabi.lib</file>
         <name>delete.obj</name>
      </input_file>
      <input_file id="fl-ca">
         <path>/home/v125/Programming/ti/ccsv7/tools/compiler/ti-cgt-arm_16.9.3.LTS/lib/</path>
         <kind>archive</kind>
         <file>rtsv7M4_T_le_v4SPD16_eabi.lib</file>
         <name>dtor_list.obj</name>
      </input_file>
      <input_file id="fl-cb">
         <path>/home/v125/Programming/ti/ccsv7/tools/compiler/ti-cgt-arm_16.9.3.LTS/lib/</path>
         <kind>archive</kind>
         <file>rtsv7M4_T_le_v4SPD16_eabi.lib</file>
         <name>e_powf.obj</name>
      </input_file>
      <input_file id="fl-cc">
         <path>/home/v125/Programming/ti/ccsv7/tools/compiler/ti-cgt-arm_16.9.3.LTS/lib/</path>
         <kind>archive</kind>
         <file>rtsv7M4_T_le_v4SPD16_eabi.lib</file>
         <name>e_sqrtf.obj</name>
      </input_file>
      <input_file id="fl-cd">
         <path>/home/v125/Programming/ti/ccsv7/tools/compiler/ti-cgt-arm_16.9.3.LTS/lib/</path>
         <kind>archive</kind>
         <file>rtsv7M4_T_le_v4SPD16_eabi.lib</file>
         <name>errno.obj</name>
      </input_file>
      <input_file id="fl-ce">
         <path>/home/v125/Programming/ti/ccsv7/tools/compiler/ti-cgt-arm_16.9.3.LTS/lib/</path>
         <kind>archive</kind>
         <file>rtsv7M4_T_le_v4SPD16_eabi.lib</file>
         <name>exit.obj</name>
      </input_file>
      <input_file id="fl-cf">
         <path>/home/v125/Programming/ti/ccsv7/tools/compiler/ti-cgt-arm_16.9.3.LTS/lib/</path>
         <kind>archive</kind>
         <file>rtsv7M4_T_le_v4SPD16_eabi.lib</file>
         <name>fd_div_t2.obj</name>
      </input_file>
      <input_file id="fl-d0">
         <path>/home/v125/Programming/ti/ccsv7/tools/compiler/ti-cgt-arm_16.9.3.LTS/lib/</path>
         <kind>archive</kind>
         <file>rtsv7M4_T_le_v4SPD16_eabi.lib</file>
         <name>fd_mul_t2.obj</name>
      </input_file>
      <input_file id="fl-d1">
         <path>/home/v125/Programming/ti/ccsv7/tools/compiler/ti-cgt-arm_16.9.3.LTS/lib/</path>
         <kind>archive</kind>
         <file>rtsv7M4_T_le_v4SPD16_eabi.lib</file>
         <name>fd_tos_t2.obj</name>
      </input_file>
      <input_file id="fl-d2">
         <path>/home/v125/Programming/ti/ccsv7/tools/compiler/ti-cgt-arm_16.9.3.LTS/lib/</path>
         <kind>archive</kind>
         <file>rtsv7M4_T_le_v4SPD16_eabi.lib</file>
         <name>fs_tod_t2.obj</name>
      </input_file>
      <input_file id="fl-d3">
         <path>/home/v125/Programming/ti/ccsv7/tools/compiler/ti-cgt-arm_16.9.3.LTS/lib/</path>
         <kind>archive</kind>
         <file>rtsv7M4_T_le_v4SPD16_eabi.lib</file>
         <name>guard.obj</name>
      </input_file>
      <input_file id="fl-d4">
         <path>/home/v125/Programming/ti/ccsv7/tools/compiler/ti-cgt-arm_16.9.3.LTS/lib/</path>
         <kind>archive</kind>
         <file>rtsv7M4_T_le_v4SPD16_eabi.lib</file>
         <name>isdigit.obj</name>
      </input_file>
      <input_file id="fl-d5">
         <path>/home/v125/Programming/ti/ccsv7/tools/compiler/ti-cgt-arm_16.9.3.LTS/lib/</path>
         <kind>archive</kind>
         <file>rtsv7M4_T_le_v4SPD16_eabi.lib</file>
         <name>memcpy_t2.obj</name>
      </input_file>
      <input_file id="fl-d6">
         <path>/home/v125/Programming/ti/ccsv7/tools/compiler/ti-cgt-arm_16.9.3.LTS/lib/</path>
         <kind>archive</kind>
         <file>rtsv7M4_T_le_v4SPD16_eabi.lib</file>
         <name>memory.obj</name>
      </input_file>
      <input_file id="fl-d7">
         <path>/home/v125/Programming/ti/ccsv7/tools/compiler/ti-cgt-arm_16.9.3.LTS/lib/</path>
         <kind>archive</kind>
         <file>rtsv7M4_T_le_v4SPD16_eabi.lib</file>
         <name>memset_t2.obj</name>
      </input_file>
      <input_file id="fl-d8">
         <path>/home/v125/Programming/ti/ccsv7/tools/compiler/ti-cgt-arm_16.9.3.LTS/lib/</path>
         <kind>archive</kind>
         <file>rtsv7M4_T_le_v4SPD16_eabi.lib</file>
         <name>mpu_init.obj</name>
      </input_file>
      <input_file id="fl-d9">
         <path>/home/v125/Programming/ti/ccsv7/tools/compiler/ti-cgt-arm_16.9.3.LTS/lib/</path>
         <kind>archive</kind>
         <file>rtsv7M4_T_le_v4SPD16_eabi.lib</file>
         <name>new_.obj</name>
      </input_file>
      <input_file id="fl-da">
         <path>/home/v125/Programming/ti/ccsv7/tools/compiler/ti-cgt-arm_16.9.3.LTS/lib/</path>
         <kind>archive</kind>
         <file>rtsv7M4_T_le_v4SPD16_eabi.lib</file>
         <name>newhandler.obj</name>
      </input_file>
      <input_file id="fl-db">
         <path>/home/v125/Programming/ti/ccsv7/tools/compiler/ti-cgt-arm_16.9.3.LTS/lib/</path>
         <kind>archive</kind>
         <file>rtsv7M4_T_le_v4SPD16_eabi.lib</file>
         <name>pre_init.obj</name>
      </input_file>
      <input_file id="fl-dc">
         <path>/home/v125/Programming/ti/ccsv7/tools/compiler/ti-cgt-arm_16.9.3.LTS/lib/</path>
         <kind>archive</kind>
         <file>rtsv7M4_T_le_v4SPD16_eabi.lib</file>
         <name>s_lroundf.obj</name>
      </input_file>
      <input_file id="fl-dd">
         <path>/home/v125/Programming/ti/ccsv7/tools/compiler/ti-cgt-arm_16.9.3.LTS/lib/</path>
         <kind>archive</kind>
         <file>rtsv7M4_T_le_v4SPD16_eabi.lib</file>
         <name>s_roundf.obj</name>
      </input_file>
      <input_file id="fl-de">
         <path>/home/v125/Programming/ti/ccsv7/tools/compiler/ti-cgt-arm_16.9.3.LTS/lib/</path>
         <kind>archive</kind>
         <file>rtsv7M4_T_le_v4SPD16_eabi.lib</file>
         <name>s_scalbnf.obj</name>
      </input_file>
      <input_file id="fl-df">
         <path>/home/v125/Programming/ti/ccsv7/tools/compiler/ti-cgt-arm_16.9.3.LTS/lib/</path>
         <kind>archive</kind>
         <file>rtsv7M4_T_le_v4SPD16_eabi.lib</file>
         <name>stkdepth_vars.obj</name>
      </input_file>
      <input_file id="fl-e0">
         <path>/home/v125/Programming/ti/ccsv7/tools/compiler/ti-cgt-arm_16.9.3.LTS/lib/</path>
         <kind>archive</kind>
         <file>rtsv7M4_T_le_v4SPD16_eabi.lib</file>
         <name>strcat.obj</name>
      </input_file>
      <input_file id="fl-e1">
         <path>/home/v125/Programming/ti/ccsv7/tools/compiler/ti-cgt-arm_16.9.3.LTS/lib/</path>
         <kind>archive</kind>
         <file>rtsv7M4_T_le_v4SPD16_eabi.lib</file>
         <name>strstr.obj</name>
      </input_file>
      <input_file id="fl-e2">
         <path>/home/v125/Programming/ti/ccsv7/tools/compiler/ti-cgt-arm_16.9.3.LTS/lib/</path>
         <kind>archive</kind>
         <file>rtsv7M4_T_le_v4SPD16_eabi.lib</file>
         <name>u_divt2.obj</name>
      </input_file>
      <input_file id="fl-e3">
         <path>/home/v125/Programming/ti/ccsv7/tools/compiler/ti-cgt-arm_16.9.3.LTS/lib/</path>
         <kind>archive</kind>
         <file>rtsv7M4_T_le_v4SPD16_eabi.lib</file>
         <name>vars.obj</name>
      </input_file>
      <input_file id="fl-e4">
         <path>/home/v125/Programming/ti/ccsv7/tools/compiler/ti-cgt-arm_16.9.3.LTS/lib/</path>
         <kind>archive</kind>
         <file>rtsv7M4_T_le_v4SPD16_eabi.lib</file>
         <name>_lock.obj</name>
      </input_file>
      <input_file id="fl-e5">
         <path>/home/v125/Programming/ti/ccsv7/tools/compiler/ti-cgt-arm_16.9.3.LTS/lib/</path>
         <kind>archive</kind>
         <file>rtsv7M4_T_le_v4SPD16_eabi.lib</file>
         <name>args_main.obj</name>
      </input_file>
      <input_file id="fl-e6">
         <path>/home/v125/Programming/ti/ccsv7/tools/compiler/ti-cgt-arm_16.9.3.LTS/lib/</path>
         <kind>archive</kind>
         <file>rtsv7M4_T_le_v4SPD16_eabi.lib</file>
         <name>autoinit.obj</name>
      </input_file>
      <input_file id="fl-e7">
         <path>/home/v125/Programming/ti/ccsv7/tools/compiler/ti-cgt-arm_16.9.3.LTS/lib/</path>
         <kind>archive</kind>
         <file>rtsv7M4_T_le_v4SPD16_eabi.lib</file>
         <name>cpy_tbl.obj</name>
      </input_file>
      <input_file id="fl-e8">
         <path>/home/v125/Programming/ti/ccsv7/tools/compiler/ti-cgt-arm_16.9.3.LTS/lib/</path>
         <kind>archive</kind>
         <file>rtsv7M4_T_le_v4SPD16_eabi.lib</file>
         <name>ctype.obj</name>
      </input_file>
      <input_file id="fl-e9">
         <path>/home/v125/Programming/ti/ccsv7/tools/compiler/ti-cgt-arm_16.9.3.LTS/lib/</path>
         <kind>archive</kind>
         <file>rtsv7M4_T_le_v4SPD16_eabi.lib</file>
         <name>i_div0.obj</name>
      </input_file>
      <input_file id="fl-ea">
         <path>/home/v125/Programming/ti/ccsv7/tools/compiler/ti-cgt-arm_16.9.3.LTS/lib/</path>
         <kind>archive</kind>
         <file>rtsv7M4_T_le_v4SPD16_eabi.lib</file>
         <name>s_copysignf.obj</name>
      </input_file>
      <input_file id="fl-eb">
         <path>/home/v125/Programming/ti/ccsv7/tools/compiler/ti-cgt-arm_16.9.3.LTS/lib/</path>
         <kind>archive</kind>
         <file>rtsv7M4_T_le_v4SPD16_eabi.lib</file>
         <name>s_floorf.obj</name>
      </input_file>
      <input_file id="fl-ec">
         <path>/home/v125/Programming/ti/ccsv7/tools/compiler/ti-cgt-arm_16.9.3.LTS/lib/</path>
         <kind>archive</kind>
         <file>rtsv7M4_T_le_v4SPD16_eabi.lib</file>
         <name>startup.obj</name>
      </input_file>
      <input_file id="fl-ed">
         <path>/media/v125/shared/Programming/ti/TivaWare_C_Series-2.1.4.178/driverlib/ccs/Debug/</path>
         <kind>archive</kind>
         <file>driverlib.lib</file>
         <name>fpu.obj</name>
      </input_file>
      <input_file id="fl-ee">
         <path>/media/v125/shared/Programming/ti/TivaWare_C_Series-2.1.4.178/driverlib/ccs/Debug/</path>
         <kind>archive</kind>
         <file>driverlib.lib</file>
         <name>gpio.obj</name>
      </input_file>
      <input_file id="fl-ef">
         <path>/media/v125/shared/Programming/ti/TivaWare_C_Series-2.1.4.178/driverlib/ccs/Debug/</path>
         <kind>archive</kind>
         <file>driverlib.lib</file>
         <name>interrupt.obj</name>
      </input_file>
      <input_file id="fl-f0">
         <path>/media/v125/shared/Programming/ti/TivaWare_C_Series-2.1.4.178/driverlib/ccs/Debug/</path>
         <kind>archive</kind>
         <file>driverlib.lib</file>
         <name>pwm.obj</name>
      </input_file>
      <input_file id="fl-f1">
         <path>/media/v125/shared/Programming/ti/TivaWare_C_Series-2.1.4.178/driverlib/ccs/Debug/</path>
         <kind>archive</kind>
         <file>driverlib.lib</file>
         <name>sysctl.obj</name>
      </input_file>
      <input_file id="fl-f2">
         <path>/media/v125/shared/Programming/ti/TivaWare_C_Series-2.1.4.178/driverlib/ccs/Debug/</path>
         <kind>archive</kind>
         <file>driverlib.lib</file>
         <name>timer.obj</name>
      </input_file>
      <input_file id="fl-f3">
         <path>/media/v125/shared/Programming/ti/TivaWare_C_Series-2.1.4.178/driverlib/ccs/Debug/</path>
         <kind>archive</kind>
         <file>driverlib.lib</file>
         <name>uart.obj</name>
      </input_file>
      <input_file id="fl-f4">
         <path>/media/v125/shared/Programming/ti/TivaWare_C_Series-2.1.4.178/driverlib/ccs/Debug/</path>
         <kind>archive</kind>
         <file>driverlib.lib</file>
         <name>cpu.obj</name>
      </input_file>
   </input_file_list>
   <object_component_list>
      <object_component id="oc-f">
         <name>.intvecs</name>
         <load_address>0x0</load_address>
         <run_address>0x0</run_address>
         <size>0x208</size>
         <input_file_ref idref="fl-3"/>
      </object_component>
      <object_component id="oc-e9">
         <name>.text</name>
         <load_address>0x208</load_address>
         <run_address>0x208</run_address>
         <size>0xd5c</size>
         <input_file_ref idref="fl-7"/>
      </object_component>
      <object_component id="oc-32b">
         <name>.text</name>
         <load_address>0xf64</load_address>
         <run_address>0xf64</run_address>
         <size>0x588</size>
         <input_file_ref idref="fl-cb"/>
      </object_component>
      <object_component id="oc-165">
         <name>.text</name>
         <load_address>0x14ec</load_address>
         <run_address>0x14ec</run_address>
         <size>0x49c</size>
         <input_file_ref idref="fl-4"/>
      </object_component>
      <object_component id="oc-1b7">
         <name>.text</name>
         <load_address>0x1988</load_address>
         <run_address>0x1988</run_address>
         <size>0x3d4</size>
         <input_file_ref idref="fl-9"/>
      </object_component>
      <object_component id="oc-242">
         <name>.text</name>
         <load_address>0x1d5c</load_address>
         <run_address>0x1d5c</run_address>
         <size>0x3d0</size>
         <input_file_ref idref="fl-d6"/>
      </object_component>
      <object_component id="oc-f5">
         <name>.text</name>
         <load_address>0x212c</load_address>
         <run_address>0x212c</run_address>
         <size>0x2f8</size>
         <input_file_ref idref="fl-8"/>
      </object_component>
      <object_component id="oc-ae">
         <name>.text</name>
         <load_address>0x2424</load_address>
         <run_address>0x2424</run_address>
         <size>0x29c</size>
         <input_file_ref idref="fl-2"/>
      </object_component>
      <object_component id="oc-19f">
         <name>.text</name>
         <load_address>0x26c0</load_address>
         <run_address>0x26c0</run_address>
         <size>0x234</size>
         <input_file_ref idref="fl-6"/>
      </object_component>
      <object_component id="oc-1eb">
         <name>.text:SysCtlClockFreqSet</name>
         <load_address>0x28f4</load_address>
         <run_address>0x28f4</run_address>
         <size>0x200</size>
         <input_file_ref idref="fl-f1"/>
      </object_component>
      <object_component id="oc-e3">
         <name>.text</name>
         <load_address>0x2af4</load_address>
         <run_address>0x2af4</run_address>
         <size>0x170</size>
         <input_file_ref idref="fl-a"/>
      </object_component>
      <object_component id="oc-20d">
         <name>.text</name>
         <load_address>0x2c64</load_address>
         <run_address>0x2c64</run_address>
         <size>0x136</size>
         <input_file_ref idref="fl-cf"/>
      </object_component>
      <object_component id="oc-264">
         <name>.text:GPIOPadConfigSet</name>
         <load_address>0x2d9a</load_address>
         <run_address>0x2d9a</run_address>
         <size>0x132</size>
         <input_file_ref idref="fl-ee"/>
      </object_component>
      <object_component id="oc-208">
         <name>.text</name>
         <load_address>0x2ecc</load_address>
         <run_address>0x2ecc</run_address>
         <size>0xfc</size>
         <input_file_ref idref="fl-d0"/>
      </object_component>
      <object_component id="oc-ef">
         <name>.text</name>
         <load_address>0x2fc8</load_address>
         <run_address>0x2fc8</run_address>
         <size>0xf4</size>
         <input_file_ref idref="fl-5"/>
      </object_component>
      <object_component id="oc-147">
         <name>.text</name>
         <load_address>0x30bc</load_address>
         <run_address>0x30bc</run_address>
         <size>0xf4</size>
         <input_file_ref idref="fl-ca"/>
      </object_component>
      <object_component id="oc-3e0">
         <name>.text</name>
         <load_address>0x31b0</load_address>
         <run_address>0x31b0</run_address>
         <size>0xd4</size>
         <input_file_ref idref="fl-de"/>
      </object_component>
      <object_component id="oc-42">
         <name>.text</name>
         <load_address>0x3284</load_address>
         <run_address>0x3284</run_address>
         <size>0x9c</size>
         <input_file_ref idref="fl-d5"/>
      </object_component>
      <object_component id="oc-404">
         <name>.text</name>
         <load_address>0x3320</load_address>
         <run_address>0x3320</run_address>
         <size>0x80</size>
         <input_file_ref idref="fl-eb"/>
      </object_component>
      <object_component id="oc-4e">
         <name>.text</name>
         <load_address>0x33a0</load_address>
         <run_address>0x33a0</run_address>
         <size>0x7a</size>
         <input_file_ref idref="fl-d7"/>
      </object_component>
      <object_component id="oc-3a3">
         <name>.text</name>
         <load_address>0x341a</load_address>
         <run_address>0x341a</run_address>
         <size>0x2</size>
         <input_file_ref idref="fl-e9"/>
      </object_component>
      <object_component id="oc-66">
         <name>.text</name>
         <load_address>0x341c</load_address>
         <run_address>0x341c</run_address>
         <size>0x70</size>
         <input_file_ref idref="fl-e6"/>
      </object_component>
      <object_component id="oc-212">
         <name>.text</name>
         <load_address>0x348c</load_address>
         <run_address>0x348c</run_address>
         <size>0x6e</size>
         <input_file_ref idref="fl-d1"/>
      </object_component>
      <object_component id="oc-358">
         <name>.text</name>
         <load_address>0x34fa</load_address>
         <run_address>0x34fa</run_address>
         <size>0x6e</size>
         <input_file_ref idref="fl-dd"/>
      </object_component>
      <object_component id="oc-2d8">
         <name>.text:IntDisable</name>
         <load_address>0x3568</load_address>
         <run_address>0x3568</run_address>
         <size>0x68</size>
         <input_file_ref idref="fl-ef"/>
      </object_component>
      <object_component id="oc-17d">
         <name>.text:IntEnable</name>
         <load_address>0x35d0</load_address>
         <run_address>0x35d0</run_address>
         <size>0x68</size>
         <input_file_ref idref="fl-ef"/>
      </object_component>
      <object_component id="oc-12">
         <name>.text:decompress:lzss</name>
         <load_address>0x3638</load_address>
         <run_address>0x3638</run_address>
         <size>0x68</size>
         <input_file_ref idref="fl-c6"/>
      </object_component>
      <object_component id="oc-2ea">
         <name>.text:TimerConfigure</name>
         <load_address>0x36a0</load_address>
         <run_address>0x36a0</run_address>
         <size>0x60</size>
         <input_file_ref idref="fl-f2"/>
      </object_component>
      <object_component id="oc-31a">
         <name>.text:IntPendSet</name>
         <load_address>0x3700</load_address>
         <run_address>0x3700</run_address>
         <size>0x54</size>
         <input_file_ref idref="fl-ef"/>
      </object_component>
      <object_component id="oc-24">
         <name>.text</name>
         <load_address>0x3754</load_address>
         <run_address>0x3754</run_address>
         <size>0x54</size>
         <input_file_ref idref="fl-c5"/>
      </object_component>
      <object_component id="oc-72">
         <name>.text</name>
         <load_address>0x37a8</load_address>
         <run_address>0x37a8</run_address>
         <size>0x54</size>
         <input_file_ref idref="fl-ce"/>
      </object_component>
      <object_component id="oc-2cc">
         <name>.text:SysCtlPeripheralReset</name>
         <load_address>0x37fc</load_address>
         <run_address>0x37fc</run_address>
         <size>0x50</size>
         <input_file_ref idref="fl-f1"/>
      </object_component>
      <object_component id="oc-3c8">
         <name>.text:_TimerIntNumberGet</name>
         <load_address>0x384c</load_address>
         <run_address>0x384c</run_address>
         <size>0x4c</size>
         <input_file_ref idref="fl-f2"/>
      </object_component>
      <object_component id="oc-a0">
         <name>.text</name>
         <load_address>0x3898</load_address>
         <run_address>0x3898</run_address>
         <size>0x4c</size>
         <input_file_ref idref="fl-e7"/>
      </object_component>
      <object_component id="oc-153">
         <name>.text:GPIOPinConfigure</name>
         <load_address>0x38e4</load_address>
         <run_address>0x38e4</run_address>
         <size>0x48</size>
         <input_file_ref idref="fl-ee"/>
      </object_component>
      <object_component id="oc-366">
         <name>.text:_SysCtlFrequencyGet</name>
         <load_address>0x392c</load_address>
         <run_address>0x392c</run_address>
         <size>0x48</size>
         <input_file_ref idref="fl-f1"/>
      </object_component>
      <object_component id="oc-271">
         <name>.text:UARTConfigSetExpClk</name>
         <load_address>0x3974</load_address>
         <run_address>0x3974</run_address>
         <size>0x46</size>
         <input_file_ref idref="fl-f3"/>
      </object_component>
      <object_component id="oc-5a">
         <name>.text</name>
         <load_address>0x39ba</load_address>
         <run_address>0x39ba</run_address>
         <size>0x2</size>
         <input_file_ref idref="fl-d8"/>
      </object_component>
      <object_component id="oc-297">
         <name>.text:_UARTIntNumberGet</name>
         <load_address>0x39bc</load_address>
         <run_address>0x39bc</run_address>
         <size>0x40</size>
         <input_file_ref idref="fl-f3"/>
      </object_component>
      <object_component id="oc-286">
         <name>.text</name>
         <load_address>0x39fc</load_address>
         <run_address>0x39fc</run_address>
         <size>0x40</size>
         <input_file_ref idref="fl-e2"/>
      </object_component>
      <object_component id="oc-26b">
         <name>.text:SysCtlPeripheralPresent</name>
         <load_address>0x3a3c</load_address>
         <run_address>0x3a3c</run_address>
         <size>0x38</size>
         <input_file_ref idref="fl-f1"/>
      </object_component>
      <object_component id="oc-203">
         <name>.text</name>
         <load_address>0x3a74</load_address>
         <run_address>0x3a74</run_address>
         <size>0x38</size>
         <input_file_ref idref="fl-d2"/>
      </object_component>
      <object_component id="oc-29d">
         <name>.text:IntRegister</name>
         <load_address>0x3aac</load_address>
         <run_address>0x3aac</run_address>
         <size>0x34</size>
         <input_file_ref idref="fl-ef"/>
      </object_component>
      <object_component id="oc-14d">
         <name>.text:SysCtlPeripheralEnable</name>
         <load_address>0x3ae0</load_address>
         <run_address>0x3ae0</run_address>
         <size>0x34</size>
         <input_file_ref idref="fl-f1"/>
      </object_component>
      <object_component id="oc-1c1">
         <name>.text</name>
         <load_address>0x3b14</load_address>
         <run_address>0x3b14</run_address>
         <size>0x34</size>
         <input_file_ref idref="fl-e1"/>
      </object_component>
      <object_component id="oc-1c7">
         <name>.text</name>
         <load_address>0x3b48</load_address>
         <run_address>0x3b48</run_address>
         <size>0x30</size>
         <input_file_ref idref="fl-d9"/>
      </object_component>
      <object_component id="oc-25e">
         <name>.text:GPIODirModeSet</name>
         <load_address>0x3b78</load_address>
         <run_address>0x3b78</run_address>
         <size>0x2a</size>
         <input_file_ref idref="fl-ee"/>
      </object_component>
      <object_component id="oc-344">
         <name>.text</name>
         <load_address>0x3ba2</load_address>
         <run_address>0x3ba2</run_address>
         <size>0x2</size>
         <input_file_ref idref="fl-da"/>
      </object_component>
      <object_component id="oc-3da">
         <name>.text</name>
         <load_address>0x3ba4</load_address>
         <run_address>0x3ba4</run_address>
         <size>0x28</size>
         <input_file_ref idref="fl-cc"/>
      </object_component>
      <object_component id="oc-2d2">
         <name>.text:UARTDisable</name>
         <load_address>0x3bcc</load_address>
         <run_address>0x3bcc</run_address>
         <size>0x20</size>
         <input_file_ref idref="fl-f3"/>
      </object_component>
      <object_component id="oc-360">
         <name>.text:_SysCtlMemTimingGet</name>
         <load_address>0x3bec</load_address>
         <run_address>0x3bec</run_address>
         <size>0x20</size>
         <input_file_ref idref="fl-f1"/>
      </object_component>
      <object_component id="oc-141">
         <name>.text</name>
         <load_address>0x3c0c</load_address>
         <run_address>0x3c0c</run_address>
         <size>0x20</size>
         <input_file_ref idref="fl-d3"/>
      </object_component>
      <object_component id="oc-21e">
         <name>.text:PWMPulseWidthGet</name>
         <load_address>0x3c2c</load_address>
         <run_address>0x3c2c</run_address>
         <size>0x1e</size>
         <input_file_ref idref="fl-f0"/>
      </object_component>
      <object_component id="oc-218">
         <name>.text:PWMPulseWidthSet</name>
         <load_address>0x3c4a</load_address>
         <run_address>0x3c4a</run_address>
         <size>0x1e</size>
         <input_file_ref idref="fl-f0"/>
      </object_component>
      <object_component id="oc-1ad">
         <name>.text</name>
         <load_address>0x3c68</load_address>
         <run_address>0x3c68</run_address>
         <size>0x1e</size>
         <input_file_ref idref="fl-e0"/>
      </object_component>
      <object_component id="oc-2c0">
         <name>.text:GPIOPinTypeGPIOOutput</name>
         <load_address>0x3c86</load_address>
         <run_address>0x3c86</run_address>
         <size>0x18</size>
         <input_file_ref idref="fl-ee"/>
      </object_component>
      <object_component id="oc-a6">
         <name>.text</name>
         <load_address>0x3c9e</load_address>
         <run_address>0x3c9e</run_address>
         <size>0x2</size>
         <input_file_ref idref="fl-ec"/>
      </object_component>
      <object_component id="oc-2fc">
         <name>.text:TimerDisable</name>
         <load_address>0x3ca0</load_address>
         <run_address>0x3ca0</run_address>
         <size>0x18</size>
         <input_file_ref idref="fl-f2"/>
      </object_component>
      <object_component id="oc-2f0">
         <name>.text:TimerIntRegister</name>
         <load_address>0x3cb8</load_address>
         <run_address>0x3cb8</run_address>
         <size>0x18</size>
         <input_file_ref idref="fl-f2"/>
      </object_component>
      <object_component id="oc-177">
         <name>.text:UARTIntRegister</name>
         <load_address>0x3cd0</load_address>
         <run_address>0x3cd0</run_address>
         <size>0x18</size>
         <input_file_ref idref="fl-f3"/>
      </object_component>
      <object_component id="oc-6c">
         <name>.text</name>
         <load_address>0x3ce8</load_address>
         <run_address>0x3ce8</run_address>
         <size>0x18</size>
         <input_file_ref idref="fl-e5"/>
      </object_component>
      <object_component id="oc-1f7">
         <name>.text:FPUStackingEnable</name>
         <load_address>0x3d00</load_address>
         <run_address>0x3d00</run_address>
         <size>0x14</size>
         <input_file_ref idref="fl-ed"/>
      </object_component>
      <object_component id="oc-277">
         <name>.text:UARTEnable</name>
         <load_address>0x3d14</load_address>
         <run_address>0x3d14</run_address>
         <size>0x14</size>
         <input_file_ref idref="fl-f3"/>
      </object_component>
      <object_component id="oc-111">
         <name>.text</name>
         <load_address>0x3d28</load_address>
         <run_address>0x3d28</run_address>
         <size>0x14</size>
         <input_file_ref idref="fl-e4"/>
      </object_component>
      <object_component id="oc-15f">
         <name>.text:GPIOPinTypeUART</name>
         <load_address>0x3d3c</load_address>
         <run_address>0x3d3c</run_address>
         <size>0x12</size>
         <input_file_ref idref="fl-ee"/>
      </object_component>
      <object_component id="oc-302">
         <name>.text:TimerLoadSet</name>
         <load_address>0x3d4e</load_address>
         <run_address>0x3d4e</run_address>
         <size>0x12</size>
         <input_file_ref idref="fl-f2"/>
      </object_component>
      <object_component id="oc-42f">
         <name>.text</name>
         <load_address>0x3d60</load_address>
         <run_address>0x3d60</run_address>
         <size>0x12</size>
         <input_file_ref idref="fl-ea"/>
      </object_component>
      <object_component id="oc-1f1">
         <name>.text:FPUEnable</name>
         <load_address>0x3d74</load_address>
         <run_address>0x3d74</run_address>
         <size>0x10</size>
         <input_file_ref idref="fl-ed"/>
      </object_component>
      <object_component id="oc-183">
         <name>.text:IntMasterEnable</name>
         <load_address>0x3d84</load_address>
         <run_address>0x3d84</run_address>
         <size>0x10</size>
         <input_file_ref idref="fl-ef"/>
      </object_component>
      <object_component id="oc-1fd">
         <name>.text:SysCtlReset</name>
         <load_address>0x3d94</load_address>
         <run_address>0x3d94</run_address>
         <size>0x10</size>
         <input_file_ref idref="fl-f1"/>
      </object_component>
      <object_component id="oc-1d3">
         <name>.text</name>
         <load_address>0x3da4</load_address>
         <run_address>0x3da4</run_address>
         <size>0x10</size>
         <input_file_ref idref="fl-d4"/>
      </object_component>
      <object_component id="oc-1d9">
         <name>.text</name>
         <load_address>0x3db4</load_address>
         <run_address>0x3db4</run_address>
         <size>0x10</size>
         <input_file_ref idref="fl-dc"/>
      </object_component>
      <object_component id="oc-308">
         <name>.text:TimerEnable</name>
         <load_address>0x3dc4</load_address>
         <run_address>0x3dc4</run_address>
         <size>0xe</size>
         <input_file_ref idref="fl-f2"/>
      </object_component>
      <object_component id="oc-1a5">
         <name>.text:UARTCharGetNonBlocking</name>
         <load_address>0x3dd2</load_address>
         <run_address>0x3dd2</run_address>
         <size>0xe</size>
         <input_file_ref idref="fl-f3"/>
      </object_component>
      <object_component id="oc-13b">
         <name>.text:UARTCharsAvail</name>
         <load_address>0x3de0</load_address>
         <run_address>0x3de0</run_address>
         <size>0xe</size>
         <input_file_ref idref="fl-f3"/>
      </object_component>
      <object_component id="oc-18">
         <name>.text:decompress:none</name>
         <load_address>0x3dee</load_address>
         <run_address>0x3dee</run_address>
         <size>0xe</size>
         <input_file_ref idref="fl-c7"/>
      </object_component>
      <object_component id="oc-2a9">
         <name>.text:CPUcpsie</name>
         <load_address>0x3dfc</load_address>
         <run_address>0x3dfc</run_address>
         <size>0xc</size>
         <input_file_ref idref="fl-f4"/>
      </object_component>
      <object_component id="oc-1e">
         <name>.text:decompress:ZI</name>
         <load_address>0x3e08</load_address>
         <run_address>0x3e08</run_address>
         <size>0xc</size>
         <input_file_ref idref="fl-c8"/>
      </object_component>
      <object_component id="oc-2e">
         <name>.text</name>
         <load_address>0x3e14</load_address>
         <run_address>0x3e14</run_address>
         <size>0xc</size>
         <input_file_ref idref="fl-3"/>
      </object_component>
      <object_component id="oc-30e">
         <name>.text:TimerIntStatus</name>
         <load_address>0x3e20</load_address>
         <run_address>0x3e20</run_address>
         <size>0xa</size>
         <input_file_ref idref="fl-f2"/>
      </object_component>
      <object_component id="oc-12f">
         <name>.text:UARTCharGet</name>
         <load_address>0x3e2a</load_address>
         <run_address>0x3e2a</run_address>
         <size>0xa</size>
         <input_file_ref idref="fl-f3"/>
      </object_component>
      <object_component id="oc-135">
         <name>.text:UARTCharPut</name>
         <load_address>0x3e34</load_address>
         <run_address>0x3e34</run_address>
         <size>0xa</size>
         <input_file_ref idref="fl-f3"/>
      </object_component>
      <object_component id="oc-2e4">
         <name>.text:UARTIntStatus</name>
         <load_address>0x3e3e</load_address>
         <run_address>0x3e3e</run_address>
         <size>0xa</size>
         <input_file_ref idref="fl-f3"/>
      </object_component>
      <object_component id="oc-2f6">
         <name>.text:TimerIntEnable</name>
         <load_address>0x3e48</load_address>
         <run_address>0x3e48</run_address>
         <size>0x8</size>
         <input_file_ref idref="fl-f2"/>
      </object_component>
      <object_component id="oc-1df">
         <name>.text:UARTBusy</name>
         <load_address>0x3e50</load_address>
         <run_address>0x3e50</run_address>
         <size>0x8</size>
         <input_file_ref idref="fl-f3"/>
      </object_component>
      <object_component id="oc-171">
         <name>.text:UARTIntEnable</name>
         <load_address>0x3e58</load_address>
         <run_address>0x3e58</run_address>
         <size>0x8</size>
         <input_file_ref idref="fl-f3"/>
      </object_component>
      <object_component id="oc-1cd">
         <name>.text</name>
         <load_address>0x3e60</load_address>
         <run_address>0x3e60</run_address>
         <size>0x8</size>
         <input_file_ref idref="fl-c9"/>
      </object_component>
      <object_component id="oc-2de">
         <name>.text:GPIOPinRead</name>
         <load_address>0x3e68</load_address>
         <run_address>0x3e68</run_address>
         <size>0x6</size>
         <input_file_ref idref="fl-ee"/>
      </object_component>
      <object_component id="oc-2c6">
         <name>.text:GPIOPinWrite</name>
         <load_address>0x3e6e</load_address>
         <run_address>0x3e6e</run_address>
         <size>0x6</size>
         <input_file_ref idref="fl-ee"/>
      </object_component>
      <object_component id="oc-217">
         <name>.text:SysCtlDelay</name>
         <load_address>0x3e74</load_address>
         <run_address>0x3e74</run_address>
         <size>0x6</size>
         <input_file_ref idref="fl-f1"/>
      </object_component>
      <object_component id="oc-159">
         <name>.text:UARTClockSourceSet</name>
         <load_address>0x3e7a</load_address>
         <run_address>0x3e7a</run_address>
         <size>0x6</size>
         <input_file_ref idref="fl-f3"/>
      </object_component>
      <object_component id="oc-16b">
         <name>.text:UARTFIFOLevelSet</name>
         <load_address>0x3e80</load_address>
         <run_address>0x3e80</run_address>
         <size>0x6</size>
         <input_file_ref idref="fl-f3"/>
      </object_component>
      <object_component id="oc-314">
         <name>.text:TimerIntClear</name>
         <load_address>0x3e86</load_address>
         <run_address>0x3e86</run_address>
         <size>0x4</size>
         <input_file_ref idref="fl-f2"/>
      </object_component>
      <object_component id="oc-129">
         <name>.text:UARTIntClear</name>
         <load_address>0x3e8a</load_address>
         <run_address>0x3e8a</run_address>
         <size>0x4</size>
         <input_file_ref idref="fl-f3"/>
      </object_component>
      <object_component id="oc-60">
         <name>.text</name>
         <load_address>0x3e8e</load_address>
         <run_address>0x3e8e</run_address>
         <size>0x4</size>
         <input_file_ref idref="fl-db"/>
      </object_component>
      <object_component id="oc-36f">
         <name>.const:g_pppui32XTALtoVCO</name>
         <load_address>0x3e94</load_address>
         <run_address>0x3e94</run_address>
         <size>0x1b0</size>
         <input_file_ref idref="fl-f1"/>
      </object_component>
      <object_component id="oc-353">
         <name>.const:.string:_ctypes_</name>
         <load_address>0x4044</load_address>
         <run_address>0x4044</run_address>
         <size>0x101</size>
         <input_file_ref idref="fl-e8"/>
      </object_component>
      <object_component id="oc-258">
         <name>.const:g_pui32GPIOBaseAddrs</name>
         <load_address>0x4148</load_address>
         <run_address>0x4148</run_address>
         <size>0x90</size>
         <input_file_ref idref="fl-ee"/>
      </object_component>
      <object_component id="oc-2a4">
         <name>.const</name>
         <load_address>0x41d8</load_address>
         <run_address>0x41d8</run_address>
         <size>0x70</size>
         <input_file_ref idref="fl-ef"/>
      </object_component>
      <object_component id="oc-36c">
         <name>.const:g_pui32Xtals</name>
         <load_address>0x4248</load_address>
         <run_address>0x4248</run_address>
         <size>0x6c</size>
         <input_file_ref idref="fl-f1"/>
      </object_component>
      <object_component id="oc-426">
         <name>.const:g_ppui32TimerIntMap</name>
         <load_address>0x42b4</load_address>
         <run_address>0x42b4</run_address>
         <size>0x60</size>
         <input_file_ref idref="fl-f2"/>
      </object_component>
      <object_component id="oc-429">
         <name>.const:g_ppui32TimerIntMapSnowflake</name>
         <load_address>0x4314</load_address>
         <run_address>0x4314</run_address>
         <size>0x40</size>
         <input_file_ref idref="fl-f2"/>
      </object_component>
      <object_component id="oc-3af">
         <name>.const:g_ppui32UARTIntMap</name>
         <load_address>0x4354</load_address>
         <run_address>0x4354</run_address>
         <size>0x40</size>
         <input_file_ref idref="fl-f3"/>
      </object_component>
      <object_component id="oc-3b2">
         <name>.const:g_ppui32UARTIntMapSnowflake</name>
         <load_address>0x4394</load_address>
         <run_address>0x4394</run_address>
         <size>0x40</size>
         <input_file_ref idref="fl-f3"/>
      </object_component>
      <object_component id="oc-40c">
         <name>.const:g_sXTALtoMEMTIM</name>
         <load_address>0x43d4</load_address>
         <run_address>0x43d4</run_address>
         <size>0x30</size>
         <input_file_ref idref="fl-f1"/>
      </object_component>
      <object_component id="oc-3e9">
         <name>.const:$O1$$</name>
         <load_address>0x4404</load_address>
         <run_address>0x4404</run_address>
         <size>0x18</size>
         <input_file_ref idref="fl-cb"/>
      </object_component>
      <object_component id="oc-3aa">
         <name>.const:.string</name>
         <load_address>0x441c</load_address>
         <run_address>0x441c</run_address>
         <size>0x12</size>
         <input_file_ref idref="fl-4"/>
      </object_component>
      <object_component id="oc-283">
         <name>.const:g_ui32UARTBase</name>
         <load_address>0x4430</load_address>
         <run_address>0x4430</run_address>
         <size>0xc</size>
         <input_file_ref idref="fl-4"/>
      </object_component>
      <object_component id="oc-27d">
         <name>.const:g_ui32UARTPeriph</name>
         <load_address>0x443c</load_address>
         <run_address>0x443c</run_address>
         <size>0xc</size>
         <input_file_ref idref="fl-4"/>
      </object_component>
      <object_component id="oc-372">
         <name>.const</name>
         <load_address>0x4448</load_address>
         <run_address>0x4448</run_address>
         <size>0x8</size>
         <input_file_ref idref="fl-f1"/>
      </object_component>
      <object_component id="oc-28b">
         <name>.const</name>
         <load_address>0x4450</load_address>
         <run_address>0x4450</run_address>
         <size>0x4</size>
         <input_file_ref idref="fl-4"/>
      </object_component>
      <object_component id="oc-47a">
         <name>.cinit..data.load</name>
         <load_address>0x4458</load_address>
         <run_address>0x4458</run_address>
         <size>0x1d</size>
      </object_component>
      <object_component id="oc-477">
         <name>__TI_handler_table</name>
         <load_address>0x4478</load_address>
         <run_address>0x4478</run_address>
         <size>0xc</size>
      </object_component>
      <object_component id="oc-47b">
         <name>.cinit..bss.load</name>
         <load_address>0x4488</load_address>
         <run_address>0x4488</run_address>
         <size>0x8</size>
      </object_component>
      <object_component id="oc-479">
         <name>.cinit..vtable.load</name>
         <load_address>0x4490</load_address>
         <run_address>0x4490</run_address>
         <size>0x8</size>
      </object_component>
      <object_component id="oc-478">
         <name>__TI_cinit_table</name>
         <load_address>0x4498</load_address>
         <run_address>0x4498</run_address>
         <size>0x18</size>
      </object_component>
      <object_component id="oc-3b6">
         <name>.vtable</name>
         <uninitialized>true</uninitialized>
         <run_address>0x20000000</run_address>
         <size>0x26c</size>
         <input_file_ref idref="fl-ef"/>
      </object_component>
      <object_component id="oc-ff">
         <name>.data</name>
         <load_address>0x20033d82</load_address>
         <run_address>0x20033d82</run_address>
         <size>0x1</size>
         <input_file_ref idref="fl-2"/>
      </object_component>
      <object_component id="oc-280">
         <name>.data</name>
         <load_address>0x20033d68</load_address>
         <run_address>0x20033d68</run_address>
         <size>0x5</size>
         <input_file_ref idref="fl-4"/>
      </object_component>
      <object_component id="oc-320">
         <name>.data</name>
         <load_address>0x20033d6d</load_address>
         <run_address>0x20033d6d</run_address>
         <size>0x1</size>
         <input_file_ref idref="fl-6"/>
      </object_component>
      <object_component id="oc-1ac">
         <name>.data</name>
         <load_address>0x20033d6e</load_address>
         <run_address>0x20033d6e</run_address>
         <size>0x2</size>
         <input_file_ref idref="fl-7"/>
      </object_component>
      <object_component id="oc-18a">
         <name>.data</name>
         <load_address>0x20033d80</load_address>
         <run_address>0x20033d80</run_address>
         <size>0x2</size>
         <input_file_ref idref="fl-a"/>
      </object_component>
      <object_component id="oc-248">
         <name>.data</name>
         <load_address>0x20033d70</load_address>
         <run_address>0x20033d70</run_address>
         <size>0x4</size>
         <input_file_ref idref="fl-ca"/>
      </object_component>
      <object_component id="oc-3e6">
         <name>.data</name>
         <load_address>0x20033d74</load_address>
         <run_address>0x20033d74</run_address>
         <size>0x4</size>
         <input_file_ref idref="fl-cd"/>
      </object_component>
      <object_component id="oc-b6">
         <name>.data:$O1$$</name>
         <load_address>0x20033d48</load_address>
         <run_address>0x20033d48</run_address>
         <size>0xc</size>
         <input_file_ref idref="fl-ce"/>
      </object_component>
      <object_component id="oc-387">
         <name>.data:$O1$$</name>
         <load_address>0x20033d54</load_address>
         <run_address>0x20033d54</run_address>
         <size>0xc</size>
         <input_file_ref idref="fl-d6"/>
      </object_component>
      <object_component id="oc-78">
         <name>.data</name>
         <load_address>0x20033d78</load_address>
         <run_address>0x20033d78</run_address>
         <size>0x4</size>
         <input_file_ref idref="fl-df"/>
      </object_component>
      <object_component id="oc-341">
         <name>.data</name>
         <load_address>0x20033d7c</load_address>
         <run_address>0x20033d7c</run_address>
         <size>0x4</size>
         <input_file_ref idref="fl-e3"/>
      </object_component>
      <object_component id="oc-b9">
         <name>.data:$O1$$</name>
         <load_address>0x20033d60</load_address>
         <run_address>0x20033d60</run_address>
         <size>0x8</size>
         <input_file_ref idref="fl-e4"/>
      </object_component>
      <object_component id="oc-324">
         <name>.bss</name>
         <uninitialized>true</uninitialized>
         <run_address>0x20033d30</run_address>
         <size>0x4</size>
         <input_file_ref idref="fl-6"/>
      </object_component>
      <object_component id="oc-1b4">
         <name>.bss:_ZZN7ESP82664GetIEvE17singletonInstance</name>
         <uninitialized>true</uninitialized>
         <run_address>0x20033cf0</run_address>
         <size>0x38</size>
         <input_file_ref idref="fl-7"/>
      </object_component>
      <object_component id="oc-1ab">
         <name>.bss:rxBuffer$1</name>
         <uninitialized>true</uninitialized>
         <run_address>0x200336f0</run_address>
         <size>0x400</size>
         <input_file_ref idref="fl-7"/>
      </object_component>
      <object_component id="oc-1b3">
         <name>.bss</name>
         <uninitialized>true</uninitialized>
         <run_address>0x20033d2c</run_address>
         <size>0x4</size>
         <input_file_ref idref="fl-7"/>
      </object_component>
      <object_component id="oc-18c">
         <name>.bss:_ZZN10SerialPort4GetIEvE17singletonInstance</name>
         <uninitialized>true</uninitialized>
         <run_address>0x20033d28</run_address>
         <size>0x4</size>
         <input_file_ref idref="fl-a"/>
      </object_component>
      <object_component id="oc-189">
         <name>.bss:txBuffer$1</name>
         <uninitialized>true</uninitialized>
         <run_address>0x20033af0</run_address>
         <size>0x200</size>
         <input_file_ref idref="fl-a"/>
      </object_component>
      <object_component id="oc-18b">
         <name>.bss</name>
         <uninitialized>true</uninitialized>
         <run_address>0x20033d34</run_address>
         <size>0x4</size>
         <input_file_ref idref="fl-a"/>
      </object_component>
      <object_component id="oc-fb">
         <name>.common:socketId</name>
         <uninitialized>true</uninitialized>
         <run_address>0x20033d44</run_address>
         <size>0x1</size>
      </object_component>
      <object_component id="oc-224">
         <name>.common:g_ui32SysClock</name>
         <uninitialized>true</uninitialized>
         <run_address>0x20033d40</run_address>
         <size>0x4</size>
      </object_component>
      <object_component id="oc-321">
         <name>.common:g_intHandler</name>
         <uninitialized>true</uninitialized>
         <run_address>0x20033d3c</run_address>
         <size>0x4</size>
      </object_component>
      <object_component id="oc-1bd">
         <name>.common:_commBuf</name>
         <uninitialized>true</uninitialized>
         <run_address>0x20032ef0</run_address>
         <size>0x800</size>
      </object_component>
      <object_component id="oc-18f">
         <name>.common:__dso_handle</name>
         <uninitialized>true</uninitialized>
         <run_address>0x20033d38</run_address>
         <size>0x4</size>
      </object_component>
      <object_component id="oc-2b">
         <name>.sysmem</name>
         <uninitialized>true</uninitialized>
         <run_address>0x20030fb0</run_address>
         <size>0x8</size>
         <input_file_ref idref="fl-d6"/>
      </object_component>
      <object_component id="oc-47d">
         <name>.sysmem</name>
         <uninitialized>true</uninitialized>
         <run_address>0x20030fb0</run_address>
         <size>0x0</size>
      </object_component>
      <object_component id="oc-2a">
         <name>.stack</name>
         <uninitialized>true</uninitialized>
         <run_address>0x2000026c</run_address>
         <size>0x0</size>
         <input_file_ref idref="fl-c5"/>
      </object_component>
      <object_component id="oc-47c">
         <name>.stack</name>
         <uninitialized>true</uninitialized>
         <run_address>0x2000026c</run_address>
         <size>0x0</size>
      </object_component>
      <object_component id="oc-fc">
         <name>.debug_info</name>
         <load_address>0x0</load_address>
         <run_address>0x0</run_address>
         <size>0x8a9</size>
         <input_file_ref idref="fl-2"/>
      </object_component>
      <object_component id="oc-100">
         <name>.debug_info</name>
         <load_address>0x8a9</load_address>
         <run_address>0x8a9</run_address>
         <size>0xd6</size>
         <input_file_ref idref="fl-2"/>
      </object_component>
      <object_component id="oc-af">
         <name>.debug_info</name>
         <load_address>0x97f</load_address>
         <run_address>0x97f</run_address>
         <size>0x597</size>
         <input_file_ref idref="fl-2"/>
      </object_component>
      <object_component id="oc-1e6">
         <name>.debug_info</name>
         <load_address>0xf16</load_address>
         <run_address>0xf16</run_address>
         <size>0x363</size>
         <input_file_ref idref="fl-2"/>
      </object_component>
      <object_component id="oc-193">
         <name>.debug_info</name>
         <load_address>0x1279</load_address>
         <run_address>0x1279</run_address>
         <size>0xdf</size>
         <input_file_ref idref="fl-2"/>
      </object_component>
      <object_component id="oc-229">
         <name>.debug_info</name>
         <load_address>0x1358</load_address>
         <run_address>0x1358</run_address>
         <size>0x217</size>
         <input_file_ref idref="fl-2"/>
      </object_component>
      <object_component id="oc-cf">
         <name>.debug_info</name>
         <load_address>0x156f</load_address>
         <run_address>0x156f</run_address>
         <size>0x8b</size>
         <input_file_ref idref="fl-2"/>
      </object_component>
      <object_component id="oc-103">
         <name>.debug_info</name>
         <load_address>0x15fa</load_address>
         <run_address>0x15fa</run_address>
         <size>0x18b</size>
         <input_file_ref idref="fl-2"/>
      </object_component>
      <object_component id="oc-36">
         <name>.debug_info</name>
         <load_address>0x1785</load_address>
         <run_address>0x1785</run_address>
         <size>0x2a2</size>
         <input_file_ref idref="fl-3"/>
      </object_component>
      <object_component id="oc-10">
         <name>.debug_info</name>
         <load_address>0x1a27</load_address>
         <run_address>0x1a27</run_address>
         <size>0xf3</size>
         <input_file_ref idref="fl-3"/>
      </object_component>
      <object_component id="oc-2f">
         <name>.debug_info</name>
         <load_address>0x1b1a</load_address>
         <run_address>0x1b1a</run_address>
         <size>0x272</size>
         <input_file_ref idref="fl-3"/>
      </object_component>
      <object_component id="oc-3d">
         <name>.debug_info</name>
         <load_address>0x1d8c</load_address>
         <run_address>0x1d8c</run_address>
         <size>0x84</size>
         <input_file_ref idref="fl-3"/>
      </object_component>
      <object_component id="oc-83">
         <name>.debug_info</name>
         <load_address>0x1e10</load_address>
         <run_address>0x1e10</run_address>
         <size>0x18b</size>
         <input_file_ref idref="fl-3"/>
      </object_component>
      <object_component id="oc-28f">
         <name>.debug_info</name>
         <load_address>0x1f9b</load_address>
         <run_address>0x1f9b</run_address>
         <size>0x41c</size>
         <input_file_ref idref="fl-4"/>
      </object_component>
      <object_component id="oc-281">
         <name>.debug_info</name>
         <load_address>0x23b7</load_address>
         <run_address>0x23b7</run_address>
         <size>0x11f</size>
         <input_file_ref idref="fl-4"/>
      </object_component>
      <object_component id="oc-28c">
         <name>.debug_info</name>
         <load_address>0x24d6</load_address>
         <run_address>0x24d6</run_address>
         <size>0x119</size>
         <input_file_ref idref="fl-4"/>
      </object_component>
      <object_component id="oc-284">
         <name>.debug_info</name>
         <load_address>0x25ef</load_address>
         <run_address>0x25ef</run_address>
         <size>0x127</size>
         <input_file_ref idref="fl-4"/>
      </object_component>
      <object_component id="oc-27e">
         <name>.debug_info</name>
         <load_address>0x2716</load_address>
         <run_address>0x2716</run_address>
         <size>0x12b</size>
         <input_file_ref idref="fl-4"/>
      </object_component>
      <object_component id="oc-166">
         <name>.debug_info</name>
         <load_address>0x2841</load_address>
         <run_address>0x2841</run_address>
         <size>0xad4</size>
         <input_file_ref idref="fl-4"/>
      </object_component>
      <object_component id="oc-290">
         <name>.debug_info</name>
         <load_address>0x3315</load_address>
         <run_address>0x3315</run_address>
         <size>0x4e</size>
         <input_file_ref idref="fl-4"/>
      </object_component>
      <object_component id="oc-225">
         <name>.debug_info</name>
         <load_address>0x3363</load_address>
         <run_address>0x3363</run_address>
         <size>0x480</size>
         <input_file_ref idref="fl-5"/>
      </object_component>
      <object_component id="oc-f0">
         <name>.debug_info</name>
         <load_address>0x37e3</load_address>
         <run_address>0x37e3</run_address>
         <size>0x5fb</size>
         <input_file_ref idref="fl-5"/>
      </object_component>
      <object_component id="oc-97">
         <name>.debug_info</name>
         <load_address>0x3dde</load_address>
         <run_address>0x3dde</run_address>
         <size>0x2c</size>
         <input_file_ref idref="fl-5"/>
      </object_component>
      <object_component id="oc-322">
         <name>.debug_info</name>
         <load_address>0x3e0a</load_address>
         <run_address>0x3e0a</run_address>
         <size>0x902</size>
         <input_file_ref idref="fl-6"/>
      </object_component>
      <object_component id="oc-1a0">
         <name>.debug_info</name>
         <load_address>0x470c</load_address>
         <run_address>0x470c</run_address>
         <size>0xaba</size>
         <input_file_ref idref="fl-6"/>
      </object_component>
      <object_component id="oc-1be">
         <name>.debug_info</name>
         <load_address>0x51c6</load_address>
         <run_address>0x51c6</run_address>
         <size>0xb90</size>
         <input_file_ref idref="fl-7"/>
      </object_component>
      <object_component id="oc-1b5">
         <name>.debug_info</name>
         <load_address>0x5d56</load_address>
         <run_address>0x5d56</run_address>
         <size>0x106</size>
         <input_file_ref idref="fl-7"/>
      </object_component>
      <object_component id="oc-ea">
         <name>.debug_info</name>
         <load_address>0x5e5c</load_address>
         <run_address>0x5e5c</run_address>
         <size>0x2358</size>
         <input_file_ref idref="fl-7"/>
      </object_component>
      <object_component id="oc-335">
         <name>.debug_info</name>
         <load_address>0x81b4</load_address>
         <run_address>0x81b4</run_address>
         <size>0xd8</size>
         <input_file_ref idref="fl-7"/>
      </object_component>
      <object_component id="oc-2bb">
         <name>.debug_info</name>
         <load_address>0x828c</load_address>
         <run_address>0x828c</run_address>
         <size>0x14d</size>
         <input_file_ref idref="fl-7"/>
      </object_component>
      <object_component id="oc-33a">
         <name>.debug_info</name>
         <load_address>0x83d9</load_address>
         <run_address>0x83d9</run_address>
         <size>0x2c</size>
         <input_file_ref idref="fl-7"/>
      </object_component>
      <object_component id="oc-19a">
         <name>.debug_info</name>
         <load_address>0x8405</load_address>
         <run_address>0x8405</run_address>
         <size>0x67</size>
         <input_file_ref idref="fl-7"/>
      </object_component>
      <object_component id="oc-22e">
         <name>.debug_info</name>
         <load_address>0x846c</load_address>
         <run_address>0x846c</run_address>
         <size>0x806</size>
         <input_file_ref idref="fl-8"/>
      </object_component>
      <object_component id="oc-f6">
         <name>.debug_info</name>
         <load_address>0x8c72</load_address>
         <run_address>0x8c72</run_address>
         <size>0xa61</size>
         <input_file_ref idref="fl-8"/>
      </object_component>
      <object_component id="oc-332">
         <name>.debug_info</name>
         <load_address>0x96d3</load_address>
         <run_address>0x96d3</run_address>
         <size>0x325</size>
         <input_file_ref idref="fl-9"/>
      </object_component>
      <object_component id="oc-1b8">
         <name>.debug_info</name>
         <load_address>0x99f8</load_address>
         <run_address>0x99f8</run_address>
         <size>0x68f</size>
         <input_file_ref idref="fl-9"/>
      </object_component>
      <object_component id="oc-198">
         <name>.debug_info</name>
         <load_address>0xa087</load_address>
         <run_address>0xa087</run_address>
         <size>0x79e</size>
         <input_file_ref idref="fl-a"/>
      </object_component>
      <object_component id="oc-18d">
         <name>.debug_info</name>
         <load_address>0xa825</load_address>
         <run_address>0xa825</run_address>
         <size>0x10f</size>
         <input_file_ref idref="fl-a"/>
      </object_component>
      <object_component id="oc-e4">
         <name>.debug_info</name>
         <load_address>0xa934</load_address>
         <run_address>0xa934</run_address>
         <size>0x829</size>
         <input_file_ref idref="fl-a"/>
      </object_component>
      <object_component id="oc-25">
         <name>.debug_info</name>
         <load_address>0xb15d</load_address>
         <run_address>0xb15d</run_address>
         <size>0x160</size>
         <input_file_ref idref="fl-c5"/>
      </object_component>
      <object_component id="oc-8d">
         <name>.debug_info</name>
         <load_address>0xb2bd</load_address>
         <run_address>0xb2bd</run_address>
         <size>0x293</size>
         <input_file_ref idref="fl-c6"/>
      </object_component>
      <object_component id="oc-13">
         <name>.debug_info</name>
         <load_address>0xb550</load_address>
         <run_address>0xb550</run_address>
         <size>0x245</size>
         <input_file_ref idref="fl-c6"/>
      </object_component>
      <object_component id="oc-38">
         <name>.debug_info</name>
         <load_address>0xb795</load_address>
         <run_address>0xb795</run_address>
         <size>0x60</size>
         <input_file_ref idref="fl-c6"/>
      </object_component>
      <object_component id="oc-88">
         <name>.debug_info</name>
         <load_address>0xb7f5</load_address>
         <run_address>0xb7f5</run_address>
         <size>0x46</size>
         <input_file_ref idref="fl-c6"/>
      </object_component>
      <object_component id="oc-4d">
         <name>.debug_info</name>
         <load_address>0xb83b</load_address>
         <run_address>0xb83b</run_address>
         <size>0x2da</size>
         <input_file_ref idref="fl-c7"/>
      </object_component>
      <object_component id="oc-19">
         <name>.debug_info</name>
         <load_address>0xbb15</load_address>
         <run_address>0xbb15</run_address>
         <size>0x1df</size>
         <input_file_ref idref="fl-c7"/>
      </object_component>
      <object_component id="oc-48">
         <name>.debug_info</name>
         <load_address>0xbcf4</load_address>
         <run_address>0xbcf4</run_address>
         <size>0x46</size>
         <input_file_ref idref="fl-c7"/>
      </object_component>
      <object_component id="oc-8f">
         <name>.debug_info</name>
         <load_address>0xbd3a</load_address>
         <run_address>0xbd3a</run_address>
         <size>0x2c</size>
         <input_file_ref idref="fl-c7"/>
      </object_component>
      <object_component id="oc-59">
         <name>.debug_info</name>
         <load_address>0xbd66</load_address>
         <run_address>0xbd66</run_address>
         <size>0x2c9</size>
         <input_file_ref idref="fl-c8"/>
      </object_component>
      <object_component id="oc-1f">
         <name>.debug_info</name>
         <load_address>0xc02f</load_address>
         <run_address>0xc02f</run_address>
         <size>0x1aa</size>
         <input_file_ref idref="fl-c8"/>
      </object_component>
      <object_component id="oc-54">
         <name>.debug_info</name>
         <load_address>0xc1d9</load_address>
         <run_address>0xc1d9</run_address>
         <size>0x46</size>
         <input_file_ref idref="fl-c8"/>
      </object_component>
      <object_component id="oc-352">
         <name>.debug_info</name>
         <load_address>0xc21f</load_address>
         <run_address>0xc21f</run_address>
         <size>0x296</size>
         <input_file_ref idref="fl-c9"/>
      </object_component>
      <object_component id="oc-1ce">
         <name>.debug_info</name>
         <load_address>0xc4b5</load_address>
         <run_address>0xc4b5</run_address>
         <size>0x164</size>
         <input_file_ref idref="fl-c9"/>
      </object_component>
      <object_component id="oc-190">
         <name>.debug_info</name>
         <load_address>0xc619</load_address>
         <run_address>0xc619</run_address>
         <size>0x3ab</size>
         <input_file_ref idref="fl-ca"/>
      </object_component>
      <object_component id="oc-249">
         <name>.debug_info</name>
         <load_address>0xc9c4</load_address>
         <run_address>0xc9c4</run_address>
         <size>0x11d</size>
         <input_file_ref idref="fl-ca"/>
      </object_component>
      <object_component id="oc-148">
         <name>.debug_info</name>
         <load_address>0xcae1</load_address>
         <run_address>0xcae1</run_address>
         <size>0x596</size>
         <input_file_ref idref="fl-ca"/>
      </object_component>
      <object_component id="oc-24c">
         <name>.debug_info</name>
         <load_address>0xd077</load_address>
         <run_address>0xd077</run_address>
         <size>0x46</size>
         <input_file_ref idref="fl-ca"/>
      </object_component>
      <object_component id="oc-2b4">
         <name>.debug_info</name>
         <load_address>0xd0bd</load_address>
         <run_address>0xd0bd</run_address>
         <size>0x2c</size>
         <input_file_ref idref="fl-ca"/>
      </object_component>
      <object_component id="oc-251">
         <name>.debug_info</name>
         <load_address>0xd0e9</load_address>
         <run_address>0xd0e9</run_address>
         <size>0xa3</size>
         <input_file_ref idref="fl-ca"/>
      </object_component>
      <object_component id="oc-3f2">
         <name>.debug_info</name>
         <load_address>0xd18c</load_address>
         <run_address>0xd18c</run_address>
         <size>0x388</size>
         <input_file_ref idref="fl-cb"/>
      </object_component>
      <object_component id="oc-3ea">
         <name>.debug_info</name>
         <load_address>0xd514</load_address>
         <run_address>0xd514</run_address>
         <size>0x11e</size>
         <input_file_ref idref="fl-cb"/>
      </object_component>
      <object_component id="oc-32c">
         <name>.debug_info</name>
         <load_address>0xd632</load_address>
         <run_address>0xd632</run_address>
         <size>0x2e6</size>
         <input_file_ref idref="fl-cb"/>
      </object_component>
      <object_component id="oc-3ed">
         <name>.debug_info</name>
         <load_address>0xd918</load_address>
         <run_address>0xd918</run_address>
         <size>0x39</size>
         <input_file_ref idref="fl-cb"/>
      </object_component>
      <object_component id="oc-42e">
         <name>.debug_info</name>
         <load_address>0xd951</load_address>
         <run_address>0xd951</run_address>
         <size>0x2b1</size>
         <input_file_ref idref="fl-cc"/>
      </object_component>
      <object_component id="oc-3db">
         <name>.debug_info</name>
         <load_address>0xdc02</load_address>
         <run_address>0xdc02</run_address>
         <size>0x14d</size>
         <input_file_ref idref="fl-cc"/>
      </object_component>
      <object_component id="oc-3e7">
         <name>.debug_info</name>
         <load_address>0xdd4f</load_address>
         <run_address>0xdd4f</run_address>
         <size>0xf3</size>
         <input_file_ref idref="fl-cd"/>
      </object_component>
      <object_component id="oc-bd">
         <name>.debug_info</name>
         <load_address>0xde42</load_address>
         <run_address>0xde42</run_address>
         <size>0x3ce</size>
         <input_file_ref idref="fl-ce"/>
      </object_component>
      <object_component id="oc-b7">
         <name>.debug_info</name>
         <load_address>0xe210</load_address>
         <run_address>0xe210</run_address>
         <size>0x185</size>
         <input_file_ref idref="fl-ce"/>
      </object_component>
      <object_component id="oc-73">
         <name>.debug_info</name>
         <load_address>0xe395</load_address>
         <run_address>0xe395</run_address>
         <size>0x214</size>
         <input_file_ref idref="fl-ce"/>
      </object_component>
      <object_component id="oc-20e">
         <name>.debug_info</name>
         <load_address>0xe5a9</load_address>
         <run_address>0xe5a9</run_address>
         <size>0x132</size>
         <input_file_ref idref="fl-cf"/>
      </object_component>
      <object_component id="oc-209">
         <name>.debug_info</name>
         <load_address>0xe6db</load_address>
         <run_address>0xe6db</run_address>
         <size>0x132</size>
         <input_file_ref idref="fl-d0"/>
      </object_component>
      <object_component id="oc-213">
         <name>.debug_info</name>
         <load_address>0xe80d</load_address>
         <run_address>0xe80d</run_address>
         <size>0x136</size>
         <input_file_ref idref="fl-d1"/>
      </object_component>
      <object_component id="oc-204">
         <name>.debug_info</name>
         <load_address>0xe943</load_address>
         <run_address>0xe943</run_address>
         <size>0x124</size>
         <input_file_ref idref="fl-d2"/>
      </object_component>
      <object_component id="oc-386">
         <name>.debug_info</name>
         <load_address>0xea67</load_address>
         <run_address>0xea67</run_address>
         <size>0x27b</size>
         <input_file_ref idref="fl-d3"/>
      </object_component>
      <object_component id="oc-142">
         <name>.debug_info</name>
         <load_address>0xece2</load_address>
         <run_address>0xece2</run_address>
         <size>0x29e</size>
         <input_file_ref idref="fl-d3"/>
      </object_component>
      <object_component id="oc-23d">
         <name>.debug_info</name>
         <load_address>0xef80</load_address>
         <run_address>0xef80</run_address>
         <size>0x39</size>
         <input_file_ref idref="fl-d3"/>
      </object_component>
      <object_component id="oc-357">
         <name>.debug_info</name>
         <load_address>0xefb9</load_address>
         <run_address>0xefb9</run_address>
         <size>0x2ab</size>
         <input_file_ref idref="fl-d4"/>
      </object_component>
      <object_component id="oc-1d4">
         <name>.debug_info</name>
         <load_address>0xf264</load_address>
         <run_address>0xf264</run_address>
         <size>0x149</size>
         <input_file_ref idref="fl-d4"/>
      </object_component>
      <object_component id="oc-43">
         <name>.debug_info</name>
         <load_address>0xf3ad</load_address>
         <run_address>0xf3ad</run_address>
         <size>0x111</size>
         <input_file_ref idref="fl-d5"/>
      </object_component>
      <object_component id="oc-7e">
         <name>.debug_info</name>
         <load_address>0xf4be</load_address>
         <run_address>0xf4be</run_address>
         <size>0x3bc</size>
         <input_file_ref idref="fl-d6"/>
      </object_component>
      <object_component id="oc-2c">
         <name>.debug_info</name>
         <load_address>0xf87a</load_address>
         <run_address>0xf87a</run_address>
         <size>0x101</size>
         <input_file_ref idref="fl-d6"/>
      </object_component>
      <object_component id="oc-388">
         <name>.debug_info</name>
         <load_address>0xf97b</load_address>
         <run_address>0xf97b</run_address>
         <size>0x14c</size>
         <input_file_ref idref="fl-d6"/>
      </object_component>
      <object_component id="oc-243">
         <name>.debug_info</name>
         <load_address>0xfac7</load_address>
         <run_address>0xfac7</run_address>
         <size>0x885</size>
         <input_file_ref idref="fl-d6"/>
      </object_component>
      <object_component id="oc-c3">
         <name>.debug_info</name>
         <load_address>0x1034c</load_address>
         <run_address>0x1034c</run_address>
         <size>0x2c</size>
         <input_file_ref idref="fl-d6"/>
      </object_component>
      <object_component id="oc-c8">
         <name>.debug_info</name>
         <load_address>0x10378</load_address>
         <run_address>0x10378</run_address>
         <size>0x62</size>
         <input_file_ref idref="fl-d6"/>
      </object_component>
      <object_component id="oc-4f">
         <name>.debug_info</name>
         <load_address>0x103da</load_address>
         <run_address>0x103da</run_address>
         <size>0x13f</size>
         <input_file_ref idref="fl-d7"/>
      </object_component>
      <object_component id="oc-5b">
         <name>.debug_info</name>
         <load_address>0x10519</load_address>
         <run_address>0x10519</run_address>
         <size>0x138</size>
         <input_file_ref idref="fl-d8"/>
      </object_component>
      <object_component id="oc-34b">
         <name>.debug_info</name>
         <load_address>0x10651</load_address>
         <run_address>0x10651</run_address>
         <size>0x2ff</size>
         <input_file_ref idref="fl-d9"/>
      </object_component>
      <object_component id="oc-1c8">
         <name>.debug_info</name>
         <load_address>0x10950</load_address>
         <run_address>0x10950</run_address>
         <size>0x198</size>
         <input_file_ref idref="fl-d9"/>
      </object_component>
      <object_component id="oc-34c">
         <name>.debug_info</name>
         <load_address>0x10ae8</load_address>
         <run_address>0x10ae8</run_address>
         <size>0x2c</size>
         <input_file_ref idref="fl-d9"/>
      </object_component>
      <object_component id="oc-345">
         <name>.debug_info</name>
         <load_address>0x10b14</load_address>
         <run_address>0x10b14</run_address>
         <size>0x15f</size>
         <input_file_ref idref="fl-da"/>
      </object_component>
      <object_component id="oc-61">
         <name>.debug_info</name>
         <load_address>0x10c73</load_address>
         <run_address>0x10c73</run_address>
         <size>0x148</size>
         <input_file_ref idref="fl-db"/>
      </object_component>
      <object_component id="oc-1da">
         <name>.debug_info</name>
         <load_address>0x10dbb</load_address>
         <run_address>0x10dbb</run_address>
         <size>0x15c</size>
         <input_file_ref idref="fl-dc"/>
      </object_component>
      <object_component id="oc-40b">
         <name>.debug_info</name>
         <load_address>0x10f17</load_address>
         <run_address>0x10f17</run_address>
         <size>0x2bb</size>
         <input_file_ref idref="fl-dd"/>
      </object_component>
      <object_component id="oc-359">
         <name>.debug_info</name>
         <load_address>0x111d2</load_address>
         <run_address>0x111d2</run_address>
         <size>0x17e</size>
         <input_file_ref idref="fl-dd"/>
      </object_component>
      <object_component id="oc-436">
         <name>.debug_info</name>
         <load_address>0x11350</load_address>
         <run_address>0x11350</run_address>
         <size>0x2ff</size>
         <input_file_ref idref="fl-de"/>
      </object_component>
      <object_component id="oc-3e1">
         <name>.debug_info</name>
         <load_address>0x1164f</load_address>
         <run_address>0x1164f</run_address>
         <size>0x19f</size>
         <input_file_ref idref="fl-de"/>
      </object_component>
      <object_component id="oc-437">
         <name>.debug_info</name>
         <load_address>0x117ee</load_address>
         <run_address>0x117ee</run_address>
         <size>0x2c</size>
         <input_file_ref idref="fl-de"/>
      </object_component>
      <object_component id="oc-79">
         <name>.debug_info</name>
         <load_address>0x1181a</load_address>
         <run_address>0x1181a</run_address>
         <size>0x109</size>
         <input_file_ref idref="fl-df"/>
      </object_component>
      <object_component id="oc-328">
         <name>.debug_info</name>
         <load_address>0x11923</load_address>
         <run_address>0x11923</run_address>
         <size>0x28a</size>
         <input_file_ref idref="fl-e0"/>
      </object_component>
      <object_component id="oc-1ae">
         <name>.debug_info</name>
         <load_address>0x11bad</load_address>
         <run_address>0x11bad</run_address>
         <size>0x249</size>
         <input_file_ref idref="fl-e0"/>
      </object_component>
      <object_component id="oc-340">
         <name>.debug_info</name>
         <load_address>0x11df6</load_address>
         <run_address>0x11df6</run_address>
         <size>0x28a</size>
         <input_file_ref idref="fl-e1"/>
      </object_component>
      <object_component id="oc-1c2">
         <name>.debug_info</name>
         <load_address>0x12080</load_address>
         <run_address>0x12080</run_address>
         <size>0x1c6</size>
         <input_file_ref idref="fl-e1"/>
      </object_component>
      <object_component id="oc-287">
         <name>.debug_info</name>
         <load_address>0x12246</load_address>
         <run_address>0x12246</run_address>
         <size>0x13a</size>
         <input_file_ref idref="fl-e2"/>
      </object_component>
      <object_component id="oc-342">
         <name>.debug_info</name>
         <load_address>0x12380</load_address>
         <run_address>0x12380</run_address>
         <size>0x103</size>
         <input_file_ref idref="fl-e3"/>
      </object_component>
      <object_component id="oc-119">
         <name>.debug_info</name>
         <load_address>0x12483</load_address>
         <run_address>0x12483</run_address>
         <size>0x2be</size>
         <input_file_ref idref="fl-e4"/>
      </object_component>
      <object_component id="oc-ba">
         <name>.debug_info</name>
         <load_address>0x12741</load_address>
         <run_address>0x12741</run_address>
         <size>0x113</size>
         <input_file_ref idref="fl-e4"/>
      </object_component>
      <object_component id="oc-112">
         <name>.debug_info</name>
         <load_address>0x12854</load_address>
         <run_address>0x12854</run_address>
         <size>0x21f</size>
         <input_file_ref idref="fl-e4"/>
      </object_component>
      <object_component id="oc-b5">
         <name>.debug_info</name>
         <load_address>0x12a73</load_address>
         <run_address>0x12a73</run_address>
         <size>0x300</size>
         <input_file_ref idref="fl-e5"/>
      </object_component>
      <object_component id="oc-6d">
         <name>.debug_info</name>
         <load_address>0x12d73</load_address>
         <run_address>0x12d73</run_address>
         <size>0x167</size>
         <input_file_ref idref="fl-e5"/>
      </object_component>
      <object_component id="oc-10a">
         <name>.debug_info</name>
         <load_address>0x12eda</load_address>
         <run_address>0x12eda</run_address>
         <size>0x5e</size>
         <input_file_ref idref="fl-e5"/>
      </object_component>
      <object_component id="oc-ad">
         <name>.debug_info</name>
         <load_address>0x12f38</load_address>
         <run_address>0x12f38</run_address>
         <size>0x483</size>
         <input_file_ref idref="fl-e6"/>
      </object_component>
      <object_component id="oc-67">
         <name>.debug_info</name>
         <load_address>0x133bb</load_address>
[...]
         <object_component_ref idref="oc-e3"/>
      </symbol>
      <symbol id="sm-323">
         <name>_ZN10SerialPort7AddHookEPFvPhPtE</name>
         <value>0x2c0f</value>
         <object_component_ref idref="oc-e3"/>
      </symbol>
      <symbol id="sm-324">
         <name>_ZN10SerialPortD1Ev</name>
         <value>0x2c2d</value>
         <object_component_ref idref="oc-e3"/>
      </symbol>
      <symbol id="sm-325">
         <name>_ZN10SerialPort4SendEPKcz</name>
         <value>0x2be7</value>
         <object_component_ref idref="oc-e3"/>
      </symbol>
      <symbol id="sm-326">
         <name>_ZN10SerialPortC1Ev</name>
         <value>0x2c21</value>
         <object_component_ref idref="oc-e3"/>
      </symbol>
      <symbol id="sm-337">
         <name>_c_int00</name>
         <value>0x3755</value>
         <object_component_ref idref="oc-24"/>
      </symbol>
      <symbol id="sm-338">
         <name>__stack</name>
         <value>0x2000026c</value>
         <object_component_ref idref="oc-2a"/>
      </symbol>
      <symbol id="sm-356">
         <name>__TI_decompress_lzss</name>
         <value>0x3639</value>
         <object_component_ref idref="oc-12"/>
      </symbol>
      <symbol id="sm-36d">
         <name>__TI_decompress_none</name>
         <value>0x3def</value>
         <object_component_ref idref="oc-18"/>
      </symbol>
      <symbol id="sm-37f">
         <name>__TI_zero_init</name>
         <value>0x3e09</value>
         <object_component_ref idref="oc-1e"/>
      </symbol>
      <symbol id="sm-38d">
         <name>_ZdlPv</name>
         <value>0x3e61</value>
         <object_component_ref idref="oc-1cd"/>
      </symbol>
      <symbol id="sm-3c5">
         <name>__dso_handle</name>
         <value>0x20033d38</value>
      </symbol>
      <symbol id="sm-3c6">
         <name>__aeabi_atexit</name>
         <value>0x3157</value>
         <object_component_ref idref="oc-147"/>
      </symbol>
      <symbol id="sm-3c7">
         <name>__cxa_atexit</name>
         <value>0x3105</value>
         <object_component_ref idref="oc-147"/>
      </symbol>
      <symbol id="sm-3c8">
         <name>__cxa_finalize</name>
         <value>0x30bd</value>
         <object_component_ref idref="oc-147"/>
      </symbol>
      <symbol id="sm-3c9">
         <name>atexit</name>
         <value>0x3149</value>
         <object_component_ref idref="oc-147"/>
      </symbol>
      <symbol id="sm-3ca">
         <name>__cxa_ia64_exit</name>
         <value>0x30ff</value>
         <object_component_ref idref="oc-147"/>
      </symbol>
      <symbol id="sm-432">
         <name>powf</name>
         <value>0xf65</value>
         <object_component_ref idref="oc-32b"/>
      </symbol>
      <symbol id="sm-444">
         <name>sqrtf</name>
         <value>0x3ba5</value>
         <object_component_ref idref="oc-3da"/>
      </symbol>
      <symbol id="sm-44c">
         <name>errno</name>
         <value>0x20033d74</value>
         <object_component_ref idref="oc-3e6"/>
      </symbol>
      <symbol id="sm-46d">
         <name>C$$EXIT</name>
         <value>0x37a9</value>
         <object_component_ref idref="oc-72"/>
      </symbol>
      <symbol id="sm-46e">
         <name>abort</name>
         <value>0x37ad</value>
         <object_component_ref idref="oc-72"/>
      </symbol>
      <symbol id="sm-46f">
         <name>exit</name>
         <value>0x37b5</value>
         <object_component_ref idref="oc-72"/>
      </symbol>
      <symbol id="sm-470">
         <name>__TI_dtors_ptr</name>
         <value>0x20033d4c</value>
         <object_component_ref idref="oc-b6"/>
      </symbol>
      <symbol id="sm-471">
         <name>__TI_cleanup_ptr</name>
         <value>0x20033d48</value>
         <object_component_ref idref="oc-b6"/>
      </symbol>
      <symbol id="sm-472">
         <name>__TI_enable_exit_profile_output</name>
         <value>0x20033d50</value>
         <object_component_ref idref="oc-b6"/>
      </symbol>
      <symbol id="sm-486">
         <name>__aeabi_ddiv</name>
         <value>0x2c65</value>
         <object_component_ref idref="oc-20d"/>
      </symbol>
      <symbol id="sm-491">
         <name>__aeabi_dmul</name>
         <value>0x2ecd</value>
         <object_component_ref idref="oc-208"/>
      </symbol>
      <symbol id="sm-49d">
         <name>__aeabi_d2f</name>
         <value>0x348d</value>
         <object_component_ref idref="oc-212"/>
      </symbol>
      <symbol id="sm-4a8">
         <name>__aeabi_f2d</name>
         <value>0x3a75</value>
         <object_component_ref idref="oc-203"/>
      </symbol>
      <symbol id="sm-4bc">
         <name>__cxa_guard_release</name>
         <value>0x3c0d</value>
         <object_component_ref idref="oc-141"/>
      </symbol>
      <symbol id="sm-4bd">
         <name>__cxa_guard_abort</name>
         <value>0x3c23</value>
         <object_component_ref idref="oc-141"/>
      </symbol>
      <symbol id="sm-4be">
         <name>__cxa_guard_acquire</name>
         <value>0x3c17</value>
         <object_component_ref idref="oc-141"/>
      </symbol>
      <symbol id="sm-4cd">
         <name>isdigit</name>
         <value>0x3da5</value>
         <object_component_ref idref="oc-1d3"/>
      </symbol>
      <symbol id="sm-4e8">
         <name>memcpy</name>
         <value>0x3285</value>
         <object_component_ref idref="oc-42"/>
      </symbol>
      <symbol id="sm-4e9">
         <name>__aeabi_memcpy</name>
         <value>0x3285</value>
         <object_component_ref idref="oc-42"/>
      </symbol>
      <symbol id="sm-4ea">
         <name>__aeabi_memcpy8</name>
         <value>0x3285</value>
         <object_component_ref idref="oc-42"/>
      </symbol>
      <symbol id="sm-4eb">
         <name>__aeabi_memcpy4</name>
         <value>0x3285</value>
         <object_component_ref idref="oc-42"/>
      </symbol>
      <symbol id="sm-55f">
         <name>_sys_memory</name>
         <value>0x20030fb0</value>
         <object_component_ref idref="oc-2b"/>
      </symbol>
      <symbol id="sm-560">
         <name>free</name>
         <value>0x1e47</value>
         <object_component_ref idref="oc-242"/>
      </symbol>
      <symbol id="sm-561">
         <name>realloc</name>
         <value>0x1f09</value>
         <object_component_ref idref="oc-242"/>
      </symbol>
      <symbol id="sm-562">
         <name>memalign</name>
         <value>0x2011</value>
         <object_component_ref idref="oc-242"/>
      </symbol>
      <symbol id="sm-563">
         <name>calloc</name>
         <value>0x20fd</value>
         <object_component_ref idref="oc-242"/>
      </symbol>
      <symbol id="sm-564">
         <name>malloc</name>
         <value>0x1ddd</value>
         <object_component_ref idref="oc-242"/>
      </symbol>
      <symbol id="sm-565">
         <name>minit</name>
         <value>0x1d5d</value>
         <object_component_ref idref="oc-242"/>
      </symbol>
      <symbol id="sm-574">
         <name>__aeabi_memset</name>
         <value>0x33a3</value>
         <object_component_ref idref="oc-4e"/>
      </symbol>
      <symbol id="sm-575">
         <name>memset</name>
         <value>0x33a9</value>
         <object_component_ref idref="oc-4e"/>
      </symbol>
      <symbol id="sm-576">
         <name>__aeabi_memset8</name>
         <value>0x33a3</value>
         <object_component_ref idref="oc-4e"/>
      </symbol>
      <symbol id="sm-577">
         <name>__aeabi_memset4</name>
         <value>0x33a3</value>
         <object_component_ref idref="oc-4e"/>
      </symbol>
      <symbol id="sm-578">
         <name>__aeabi_memclr8</name>
         <value>0x33a1</value>
         <object_component_ref idref="oc-4e"/>
      </symbol>
      <symbol id="sm-579">
         <name>__aeabi_memclr4</name>
         <value>0x33a1</value>
         <object_component_ref idref="oc-4e"/>
      </symbol>
      <symbol id="sm-57a">
         <name>__aeabi_memclr</name>
         <value>0x33a1</value>
         <object_component_ref idref="oc-4e"/>
      </symbol>
      <symbol id="sm-584">
         <name>__mpu_init</name>
         <value>0x39bb</value>
         <object_component_ref idref="oc-5a"/>
      </symbol>
      <symbol id="sm-59b">
         <name>_Znwj</name>
         <value>0x3b49</value>
         <object_component_ref idref="oc-1c7"/>
      </symbol>
      <symbol id="sm-5a5">
         <name>_Z21__default_new_handlerv</name>
         <value>0x3ba3</value>
         <object_component_ref idref="oc-344"/>
      </symbol>
      <symbol id="sm-5af">
         <name>_system_pre_init</name>
         <value>0x3e8f</value>
         <object_component_ref idref="oc-60"/>
      </symbol>
      <symbol id="sm-5b9">
         <name>lroundf</name>
         <value>0x3db5</value>
         <object_component_ref idref="oc-1d9"/>
      </symbol>
      <symbol id="sm-5c8">
         <name>roundf</name>
         <value>0x34fb</value>
         <object_component_ref idref="oc-358"/>
      </symbol>
      <symbol id="sm-5ea">
         <name>scalbnf</name>
         <value>0x31b1</value>
         <object_component_ref idref="oc-3e0"/>
      </symbol>
      <symbol id="sm-5eb">
         <name>ldexpf</name>
         <value>0x31b1</value>
         <object_component_ref idref="oc-3e0"/>
      </symbol>
      <symbol id="sm-5f3">
         <name>main_func_sp</name>
         <value>0x20033d78</value>
         <object_component_ref idref="oc-78"/>
      </symbol>
      <symbol id="sm-603">
         <name>strcat</name>
         <value>0x3c69</value>
         <object_component_ref idref="oc-1ad"/>
      </symbol>
      <symbol id="sm-616">
         <name>strstr</name>
         <value>0x3b15</value>
         <object_component_ref idref="oc-1c1"/>
      </symbol>
      <symbol id="sm-625">
         <name>__aeabi_uidivmod</name>
         <value>0x39fd</value>
         <object_component_ref idref="oc-286"/>
      </symbol>
      <symbol id="sm-626">
         <name>__aeabi_uidiv</name>
         <value>0x39fd</value>
         <object_component_ref idref="oc-286"/>
      </symbol>
      <symbol id="sm-62e">
         <name>_new_handler</name>
         <value>0x20033d7c</value>
         <object_component_ref idref="oc-341"/>
      </symbol>
      <symbol id="sm-647">
         <name>_nop</name>
         <value>0x3d37</value>
         <object_component_ref idref="oc-111"/>
      </symbol>
      <symbol id="sm-648">
         <name>_lock</name>
         <value>0x20033d60</value>
         <object_component_ref idref="oc-b9"/>
      </symbol>
      <symbol id="sm-649">
         <name>_unlock</name>
         <value>0x20033d64</value>
         <object_component_ref idref="oc-b9"/>
      </symbol>
      <symbol id="sm-64a">
         <name>_register_lock</name>
         <value>0x3d2f</value>
         <object_component_ref idref="oc-111"/>
      </symbol>
      <symbol id="sm-64b">
         <name>_register_unlock</name>
         <value>0x3d29</value>
         <object_component_ref idref="oc-111"/>
      </symbol>
      <symbol id="sm-65f">
         <name>_args_main</name>
         <value>0x3ce9</value>
         <object_component_ref idref="oc-6c"/>
      </symbol>
      <symbol id="sm-689">
         <name>__TI_auto_init</name>
         <value>0x341d</value>
         <object_component_ref idref="oc-66"/>
      </symbol>
      <symbol id="sm-6a3">
         <name>copy_in</name>
         <value>0x3899</value>
         <object_component_ref idref="oc-a0"/>
      </symbol>
      <symbol id="sm-6ae">
         <name>_ctypes_</name>
         <value>0x4044</value>
         <object_component_ref idref="oc-353"/>
      </symbol>
      <symbol id="sm-6b8">
         <name>__aeabi_idiv0</name>
         <value>0x341b</value>
         <object_component_ref idref="oc-3a3"/>
      </symbol>
      <symbol id="sm-6c5">
         <name>copysignf</name>
         <value>0x3d61</value>
         <object_component_ref idref="oc-42f"/>
      </symbol>
      <symbol id="sm-6dd">
         <name>floorf</name>
         <value>0x3321</value>
         <object_component_ref idref="oc-404"/>
      </symbol>
      <symbol id="sm-6e7">
         <name>_system_post_cinit</name>
         <value>0x3c9f</value>
         <object_component_ref idref="oc-a6"/>
      </symbol>
      <symbol id="sm-6fd">
         <name>FPUStackingEnable</name>
         <value>0x3d01</value>
         <object_component_ref idref="oc-1f7"/>
      </symbol>
      <symbol id="sm-6fe">
         <name>FPUEnable</name>
         <value>0x3d75</value>
         <object_component_ref idref="oc-1f1"/>
      </symbol>
      <symbol id="sm-748">
         <name>GPIOPinConfigure</name>
         <value>0x38e5</value>
         <object_component_ref idref="oc-153"/>
      </symbol>
      <symbol id="sm-749">
         <name>GPIOPinTypeUART</name>
         <value>0x3d3d</value>
         <object_component_ref idref="oc-15f"/>
      </symbol>
      <symbol id="sm-74a">
         <name>GPIOPinTypeGPIOOutput</name>
         <value>0x3c87</value>
         <object_component_ref idref="oc-2c0"/>
      </symbol>
      <symbol id="sm-74b">
         <name>GPIOPinRead</name>
         <value>0x3e69</value>
         <object_component_ref idref="oc-2de"/>
      </symbol>
      <symbol id="sm-74c">
         <name>GPIODirModeSet</name>
         <value>0x3b79</value>
         <object_component_ref idref="oc-25e"/>
      </symbol>
      <symbol id="sm-74d">
         <name>GPIOPinWrite</name>
         <value>0x3e6f</value>
         <object_component_ref idref="oc-2c6"/>
      </symbol>
      <symbol id="sm-74e">
         <name>GPIOPadConfigSet</name>
         <value>0x2d9b</value>
         <object_component_ref idref="oc-264"/>
      </symbol>
      <symbol id="sm-7b5">
         <name>IntEnable</name>
         <value>0x35d1</value>
         <object_component_ref idref="oc-17d"/>
      </symbol>
      <symbol id="sm-7b6">
         <name>IntDisable</name>
         <value>0x3569</value>
         <object_component_ref idref="oc-2d8"/>
      </symbol>
      <symbol id="sm-7b7">
         <name>IntRegister</name>
         <value>0x3aad</value>
         <object_component_ref idref="oc-29d"/>
      </symbol>
      <symbol id="sm-7b8">
         <name>g_pfnRAMVectors</name>
         <value>0x20000000</value>
         <object_component_ref idref="oc-3b6"/>
      </symbol>
      <symbol id="sm-7b9">
         <name>IntMasterEnable</name>
         <value>0x3d85</value>
         <object_component_ref idref="oc-183"/>
      </symbol>
      <symbol id="sm-7ba">
         <name>IntPendSet</name>
         <value>0x3701</value>
         <object_component_ref idref="oc-31a"/>
      </symbol>
      <symbol id="sm-7cf">
         <name>PWMPulseWidthSet</name>
         <value>0x3c4b</value>
         <object_component_ref idref="oc-218"/>
      </symbol>
      <symbol id="sm-7d0">
         <name>PWMPulseWidthGet</name>
         <value>0x3c2d</value>
         <object_component_ref idref="oc-21e"/>
      </symbol>
      <symbol id="sm-864">
         <name>SysCtlPeripheralPresent</name>
         <value>0x3a3d</value>
         <object_component_ref idref="oc-26b"/>
      </symbol>
      <symbol id="sm-865">
         <name>SysCtlDelay</name>
         <value>0x3e75</value>
         <object_component_ref idref="oc-217"/>
      </symbol>
      <symbol id="sm-866">
         <name>SysCtlPeripheralEnable</name>
         <value>0x3ae1</value>
         <object_component_ref idref="oc-14d"/>
      </symbol>
      <symbol id="sm-867">
         <name>SysCtlReset</name>
         <value>0x3d95</value>
         <object_component_ref idref="oc-1fd"/>
      </symbol>
      <symbol id="sm-868">
         <name>SysCtlClockFreqSet</name>
         <value>0x28f5</value>
         <object_component_ref idref="oc-1eb"/>
      </symbol>
      <symbol id="sm-869">
         <name>SysCtlPeripheralReset</name>
         <value>0x37fd</value>
         <object_component_ref idref="oc-2cc"/>
      </symbol>
      <symbol id="sm-8d6">
         <name>TimerLoadSet</name>
         <value>0x3d4f</value>
         <object_component_ref idref="oc-302"/>
      </symbol>
      <symbol id="sm-8d7">
         <name>TimerDisable</name>
         <value>0x3ca1</value>
         <object_component_ref idref="oc-2fc"/>
      </symbol>
      <symbol id="sm-8d8">
         <name>TimerIntRegister</name>
         <value>0x3cb9</value>
         <object_component_ref idref="oc-2f0"/>
      </symbol>
      <symbol id="sm-8d9">
         <name>TimerEnable</name>
         <value>0x3dc5</value>
         <object_component_ref idref="oc-308"/>
      </symbol>
      <symbol id="sm-8da">
         <name>TimerIntStatus</name>
         <value>0x3e21</value>
         <object_component_ref idref="oc-30e"/>
      </symbol>
      <symbol id="sm-8db">
         <name>TimerIntEnable</name>
         <value>0x3e49</value>
         <object_component_ref idref="oc-2f6"/>
      </symbol>
      <symbol id="sm-8dc">
         <name>TimerConfigure</name>
         <value>0x36a1</value>
         <object_component_ref idref="oc-2ea"/>
      </symbol>
      <symbol id="sm-8dd">
         <name>TimerIntClear</name>
         <value>0x3e87</value>
         <object_component_ref idref="oc-314"/>
      </symbol>
      <symbol id="sm-977">
         <name>UARTConfigSetExpClk</name>
         <value>0x3975</value>
         <object_component_ref idref="oc-271"/>
      </symbol>
      <symbol id="sm-978">
         <name>UARTDisable</name>
         <value>0x3bcd</value>
         <object_component_ref idref="oc-2d2"/>
      </symbol>
      <symbol id="sm-979">
         <name>UARTBusy</name>
         <value>0x3e51</value>
         <object_component_ref idref="oc-1df"/>
      </symbol>
      <symbol id="sm-97a">
         <name>UARTIntEnable</name>
         <value>0x3e59</value>
         <object_component_ref idref="oc-171"/>
      </symbol>
      <symbol id="sm-97b">
         <name>UARTCharsAvail</name>
         <value>0x3de1</value>
         <object_component_ref idref="oc-13b"/>
      </symbol>
      <symbol id="sm-97c">
         <name>UARTCharGetNonBlocking</name>
         <value>0x3dd3</value>
         <object_component_ref idref="oc-1a5"/>
      </symbol>
      <symbol id="sm-97d">
         <name>UARTClockSourceSet</name>
         <value>0x3e7b</value>
         <object_component_ref idref="oc-159"/>
      </symbol>
      <symbol id="sm-97e">
         <name>UARTCharPut</name>
         <value>0x3e35</value>
         <object_component_ref idref="oc-135"/>
      </symbol>
      <symbol id="sm-97f">
         <name>UARTEnable</name>
         <value>0x3d15</value>
         <object_component_ref idref="oc-277"/>
      </symbol>
      <symbol id="sm-980">
         <name>UARTIntClear</name>
         <value>0x3e8b</value>
         <object_component_ref idref="oc-129"/>
      </symbol>
      <symbol id="sm-981">
         <name>UARTIntStatus</name>
         <value>0x3e3f</value>
         <object_component_ref idref="oc-2e4"/>
      </symbol>
      <symbol id="sm-982">
         <name>UARTCharGet</name>
         <value>0x3e2b</value>
         <object_component_ref idref="oc-12f"/>
      </symbol>
      <symbol id="sm-983">
         <name>UARTFIFOLevelSet</name>
         <value>0x3e81</value>
         <object_component_ref idref="oc-16b"/>
      </symbol>
      <symbol id="sm-984">
         <name>UARTIntRegister</name>
         <value>0x3cd1</value>
         <object_component_ref idref="oc-177"/>
      </symbol>
      <symbol id="sm-98e">
         <name>CPUcpsie</name>
         <value>0x3dfd</value>
         <object_component_ref idref="oc-2a9"/>
      </symbol>
      <symbol id="sm-98f">
         <name>__TI_static_base__</name>
         <value>0x0</value>
      </symbol>
      <symbol id="sm-992">
         <name>SHT$$INIT_ARRAY$$Limit</name>
         <value>0x0</value>
      </symbol>
      <symbol id="sm-993">
         <name>SHT$$INIT_ARRAY$$Base</name>
         <value>0x0</value>
      </symbol>
   </symbol_table>
   <title>Link successful</title>
</link_info>
