<?xml version="1.0"?>
<link_info>
   <banner>TI ARM Linker Unix v16.9.3.LTS</banner>
   <copyright>Copyright (c) 1996-2017 Texas Instruments Incorporated</copyright>
   <link_time>0x5a6d024e</link_time>
   <link_errors>0x0</link_errors>
   <output_file>tm4c_esp8266.out</output_file>
   <entry_point>
      <name>_c_int00</name>
      <address>0x37a9</address>
   </entry_point>
   <input_file_list>
      <input_file id="fl-2">
         <path>./</path>
         <kind>object</kind>
         <file>main.obj</file>
         <name>main.obj</name>
      </input_file>
      <input_file id="fl-3">
         <path>./</path>
         <kind>object</kind>
         <file>tm4c1294ncpdt_startup_ccs.obj</file>
         <name>tm4c1294ncpdt_startup_ccs.obj</name>
      </input_file>
      <input_file id="fl-4">
         <path>./</path>
         <kind>object</kind>
         <file>uartstdio.obj</file>
         <name>uartstdio.obj</name>
      </input_file>
      <input_file id="fl-5">
         <path>./HAL/tm4c1294/</path>
         <kind>object</kind>
         <file>hal_common_tm4c.obj</file>
         <name>hal_common_tm4c.obj</name>
      </input_file>
      <input_file id="fl-6">
         <path>./HAL/tm4c1294/</path>
         <kind>object</kind>
         <file>hal_esp_tm4c.obj</file>
         <name>hal_esp_tm4c.obj</name>
      </input_file>
      <input_file id="fl-7">
         <path>./esp8266/</path>
         <kind>object</kind>
         <file>esp8266.obj</file>
         <name>esp8266.obj</name>
      </input_file>
      <input_file id="fl-8">
         <path>./esp8266/</path>
         <kind>object</kind>
         <file>espClient.obj</file>
         <name>espClient.obj</name>
      </input_file>
      <input_file id="fl-9">
         <path>./libs/</path>
         <kind>object</kind>
         <file>myLib.obj</file>
         <name>myLib.obj</name>
      </input_file>
      <input_file id="fl-a">
         <path>./serialPort/</path>
         <kind>object</kind>
         <file>uartHW.obj</file>
         <name>uartHW.obj</name>
      </input_file>
      <input_file id="fl-f">
         <kind>object</kind>
         <file>&lt;internal&gt;</file>
         <name>&lt;internal&gt;</name>
      </input_file>
      <input_file id="fl-c5">
         <path>/home/v125/Programming/ti/ccsv7/tools/compiler/ti-cgt-arm_16.9.3.LTS/lib/</path>
         <kind>archive</kind>
         <file>rtsv7M4_T_le_v4SPD16_eabi.lib</file>
         <name>boot.obj</name>
      </input_file>
      <input_file id="fl-c6">
         <path>/home/v125/Programming/ti/ccsv7/tools/compiler/ti-cgt-arm_16.9.3.LTS/lib/</path>
         <kind>archive</kind>
         <file>rtsv7M4_T_le_v4SPD16_eabi.lib</file>
         <name>copy_decompress_lzss.obj</name>
      </input_file>
      <input_file id="fl-c7">
         <path>/home/v125/Programming/ti/ccsv7/tools/compiler/ti-cgt-arm_16.9.3.LTS/lib/</path>
         <kind>archive</kind>
         <file>rtsv7M4_T_le_v4SPD16_eabi.lib</file>
         <name>copy_decompress_none.obj</name>
      </input_file>
      <input_file id="fl-c8">
         <path>/home/v125/Programming/ti/ccsv7/tools/compiler/ti-cgt-arm_16.9.3.LTS/lib/</path>
         <kind>archive</kind>
         <file>rtsv7M4_T_le_v4SPD16_eabi.lib</file>
         <name>copy_zero_init.obj</name>
      </input_file>
      <input_file id="fl-c9">
         <path>/home/v125/Programming/ti/ccsv7/tools/compiler/ti-cgt-arm_16.9.3.LTS/lib/</path>
         <kind>archive</kind>
         <file>rtsv7M4_T_le_v4SPD16_eabi.lib</file>
         <name>delete.obj</name>
      </input_file>
      <input_file id="fl-ca">
         <path>/home/v125/Programming/ti/ccsv7/tools/compiler/ti-cgt-arm_16.9.3.LTS/lib/</path>
         <kind>archive</kind>
         <file>rtsv7M4_T_le_v4SPD16_eabi.lib</file>
         <name>dtor_list.obj</name>
      </input_file>
      <input_file id="fl-cb">
         <path>/home/v125/Programming/ti/ccsv7/tools/compiler/ti-cgt-arm_16.9.3.LTS/lib/</path>
         <kind>archive</kind>
         <file>rtsv7M4_T_le_v4SPD16_eabi.lib</file>
         <name>e_powf.obj</name>
      </input_file>
      <input_file id="fl-cc">
         <path>/home/v125/Programming/ti/ccsv7/tools/compiler/ti-cgt-arm_16.9.3.LTS/lib/</path>
         <kind>archive</kind>
         <file>rtsv7M4_T_le_v4SPD16_eabi.lib</file>
         <name>e_sqrtf.obj</name>
      </input_file>
      <input_file id="fl-cd">
         <path>/home/v125/Programming/ti/ccsv7/tools/compiler/ti-cgt-arm_16.9.3.LTS/lib/</path>
         <kind>archive</kind>
         <file>rtsv7M4_T_le_v4SPD16_eabi.lib</file>
         <name>errno.obj</name>
      </input_file>
      <input_file id="fl-ce">
         <path>/home/v125/Programming/ti/ccsv7/tools/compiler/ti-cgt-arm_16.9.3.LTS/lib/</path>
         <kind>archive</kind>
         <file>rtsv7M4_T_le_v4SPD16_eabi.lib</file>
         <name>exit.obj</name>
      </input_file>
      <input_file id="fl-cf">
         <path>/home/v125/Programming/ti/ccsv7/tools/compiler/ti-cgt-arm_16.9.3.LTS/lib/</path>
         <kind>archive</kind>
         <file>rtsv7M4_T_le_v4SPD16_eabi.lib</file>
         <name>fd_div_t2.obj</name>
      </input_file>
      <input_file id="fl-d0">
         <path>/home/v125/Programming/ti/ccsv7/tools/compiler/ti-cgt-arm_16.9.3.LTS/lib/</path>
         <kind>archive</kind>
         <file>rtsv7M4_T_le_v4SPD16_eabi.lib</file>
         <name>fd_mul_t2.obj</name>
      </input_file>
      <input_file id="fl-d1">
         <path>/home/v125/Programming/ti/ccsv7/tools/compiler/ti-cgt-arm_16.9.3.LTS/lib/</path>
         <kind>archive</kind>
         <file>rtsv7M4_T_le_v4SPD16_eabi.lib</file>
         <name>fd_tos_t2.obj</name>
      </input_file>
      <input_file id="fl-d2">
         <path>/home/v125/Programming/ti/ccsv7/tools/compiler/ti-cgt-arm_16.9.3.LTS/lib/</path>
         <kind>archive</kind>
         <file>rtsv7M4_T_le_v4SPD16_eabi.lib</file>
         <name>fs_tod_t2.obj</name>
      </input_file>
      <input_file id="fl-d3">
         <path>/home/v125/Programming/ti/ccsv7/tools/compiler/ti-cgt-arm_16.9.3.LTS/lib/</path>
         <kind>archive</kind>
         <file>rtsv7M4_T_le_v4SPD16_eabi.lib</file>
         <name>guard.obj</name>
      </input_file>
      <input_file id="fl-d4">
         <path>/home/v125/Programming/ti/ccsv7/tools/compiler/ti-cgt-arm_16.9.3.LTS/lib/</path>
         <kind>archive</kind>
         <file>rtsv7M4_T_le_v4SPD16_eabi.lib</file>
         <name>isdigit.obj</name>
      </input_file>
      <input_file id="fl-d5">
         <path>/home/v125/Programming/ti/ccsv7/tools/compiler/ti-cgt-arm_16.9.3.LTS/lib/</path>
         <kind>archive</kind>
         <file>rtsv7M4_T_le_v4SPD16_eabi.lib</file>
         <name>memcpy_t2.obj</name>
      </input_file>
      <input_file id="fl-d6">
         <path>/home/v125/Programming/ti/ccsv7/tools/compiler/ti-cgt-arm_16.9.3.LTS/lib/</path>
         <kind>archive</kind>
         <file>rtsv7M4_T_le_v4SPD16_eabi.lib</file>
         <name>memory.obj</name>
      </input_file>
      <input_file id="fl-d7">
         <path>/home/v125/Programming/ti/ccsv7/tools/compiler/ti-cgt-arm_16.9.3.LTS/lib/</path>
         <kind>archive</kind>
         <file>rtsv7M4_T_le_v4SPD16_eabi.lib</file>
         <name>memset_t2.obj</name>
      </input_file>
      <input_file id="fl-d8">
         <path>/home/v125/Programming/ti/ccsv7/tools/compiler/ti-cgt-arm_16.9.3.LTS/lib/</path>
         <kind>archive</kind>
         <file>rtsv7M4_T_le_v4SPD16_eabi.lib</file>
         <name>mpu_init.obj</name>
      </input_file>
      <input_file id="fl-d9">
         <path>/home/v125/Programming/ti/ccsv7/tools/compiler/ti-cgt-arm_16.9.3.LTS/lib/</path>
         <kind>archive</kind>
         <file>rtsv7M4_T_le_v4SPD16_eabi.lib</file>
         <name>new_.obj</name>
      </input_file>
      <input_file id="fl-da">
         <path>/home/v125/Programming/ti/ccsv7/tools/compiler/ti-cgt-arm_16.9.3.LTS/lib/</path>
         <kind>archive</kind>
         <file>rtsv7M4_T_le_v4SPD16_eabi.lib</file>
         <name>newhandler.obj</name>
      </input_file>
      <input_file id="fl-db">
         <path>/home/v125/Programming/ti/ccsv7/tools/compiler/ti-cgt-arm_16.9.3.LTS/lib/</path>
         <kind>archive</kind>
         <file>rtsv7M4_T_le_v4SPD16_eabi.lib</file>
         <name>pre_init.obj</name>
      </input_file>
      <input_file id="fl-dc">
         <path>/home/v125/Programming/ti/ccsv7/tools/compiler/ti-cgt-arm_16.9.3.LTS/lib/</path>
         <kind>archive</kind>
         <file>rtsv7M4_T_le_v4SPD16_eabi.lib</file>
         <name>s_lroundf.obj</name>
      </input_file>
      <input_file id="fl-dd">
         <path>/home/v125/Programming/ti/ccsv7/tools/compiler/ti-cgt-arm_16.9.3.LTS/lib/</path>
         <kind>archive</kind>
         <file>rtsv7M4_T_le_v4SPD16_eabi.lib</file>
         <name>s_roundf.obj</name>
      </input_file>
      <input_file id="fl-de">
         <path>/home/v125/Programming/ti/ccsv7/tools/compiler/ti-cgt-arm_16.9.3.LTS/lib/</path>
         <kind>archive</kind>
         <file>rtsv7M4_T_le_v4SPD16_eabi.lib</file>
         <name>s_scalbnf.obj</name>
      </input_file>
      <input_file id="fl-df">
         <path>/home/v125/Programming/ti/ccsv7/tools/compiler/ti-cgt-arm_16.9.3.LTS/lib/</path>
         <kind>archive</kind>
         <file>rtsv7M4_T_le_v4SPD16_eabi.lib</file>
         <name>stkdepth_vars.obj</name>
      </input_file>
      <input_file id="fl-e0">
         <path>/home/v125/Programming/ti/ccsv7/tools/compiler/ti-cgt-arm_16.9.3.LTS/lib/</path>
         <kind>archive</kind>
         <file>rtsv7M4_T_le_v4SPD16_eabi.lib</file>
         <name>strcat.obj</name>
      </input_file>
      <input_file id="fl-e1">
         <path>/home/v125/Programming/ti/ccsv7/tools/compiler/ti-cgt-arm_16.9.3.LTS/lib/</path>
         <kind>archive</kind>
         <file>rtsv7M4_T_le_v4SPD16_eabi.lib</file>
         <name>strstr.obj</name>
      </input_file>
      <input_file id="fl-e2">
         <path>/home/v125/Programming/ti/ccsv7/tools/compiler/ti-cgt-arm_16.9.3.LTS/lib/</path>
         <kind>archive</kind>
         <file>rtsv7M4_T_le_v4SPD16_eabi.lib</file>
         <name>u_divt2.obj</name>
      </input_file>
      <input_file id="fl-e3">
         <path>/home/v125/Programming/ti/ccsv7/tools/compiler/ti-cgt-arm_16.9.3.LTS/lib/</path>
         <kind>archive</kind>
         <file>rtsv7M4_T_le_v4SPD16_eabi.lib</file>
         <name>vars.obj</name>
      </input_file>
      <input_file id="fl-e4">
         <path>/home/v125/Programming/ti/ccsv7/tools/compiler/ti-cgt-arm_16.9.3.LTS/lib/</path>
         <kind>archive</kind>
         <file>rtsv7M4_T_le_v4SPD16_eabi.lib</file>
         <name>_lock.obj</name>
      </input_file>
      <input_file id="fl-e5">
         <path>/home/v125/Programming/ti/ccsv7/tools/compiler/ti-cgt-arm_16.9.3.LTS/lib/</path>
         <kind>archive</kind>
         <file>rtsv7M4_T_le_v4SPD16_eabi.lib</file>
         <name>args_main.obj</name>
      </input_file>
      <input_file id="fl-e6">
         <path>/home/v125/Programming/ti/ccsv7/tools/compiler/ti-cgt-arm_16.9.3.LTS/lib/</path>
         <kind>archive</kind>
         <file>rtsv7M4_T_le_v4SPD16_eabi.lib</file>
         <name>autoinit.obj</name>
      </input_file>
      <input_file id="fl-e7">
         <path>/home/v125/Programming/ti/ccsv7/tools/compiler/ti-cgt-arm_16.9.3.LTS/lib/</path>
         <kind>archive</kind>
         <file>rtsv7M4_T_le_v4SPD16_eabi.lib</file>
         <name>cpy_tbl.obj</name>
      </input_file>
      <input_file id="fl-e8">
         <path>/home/v125/Programming/ti/ccsv7/tools/compiler/ti-cgt-arm_16.9.3.LTS/lib/</path>
         <kind>archive</kind>
         <file>rtsv7M4_T_le_v4SPD16_eabi.lib</file>
         <name>ctype.obj</name>
      </input_file>
      <input_file id="fl-e9">
         <path>/home/v125/Programming/ti/ccsv7/tools/compiler/ti-cgt-arm_16.9.3.LTS/lib/</path>
         <kind>archive</kind>
         <file>rtsv7M4_T_le_v4SPD16_eabi.lib</file>
         <name>i_div0.obj</name>
      </input_file>
      <input_file id="fl-ea">
         <path>/home/v125/Programming/ti/ccsv7/tools/compiler/ti-cgt-arm_16.9.3.LTS/lib/</path>
         <kind>archive</kind>
         <file>rtsv7M4_T_le_v4SPD16_eabi.lib</file>
         <name>s_copysignf.obj</name>
      </input_file>
      <input_file id="fl-eb">
         <path>/home/v125/Programming/ti/ccsv7/tools/compiler/ti-cgt-arm_16.9.3.LTS/lib/</path>
         <kind>archive</kind>
         <file>rtsv7M4_T_le_v4SPD16_eabi.lib</file>
         <name>s_floorf.obj</name>
      </input_file>
      <input_file id="fl-ec">
         <path>/home/v125/Programming/ti/ccsv7/tools/compiler/ti-cgt-arm_16.9.3.LTS/lib/</path>
         <kind>archive</kind>
         <file>rtsv7M4_T_le_v4SPD16_eabi.lib</file>
         <name>startup.obj</name>
      </input_file>
      <input_file id="fl-ed">
         <path>/media/v125/shared/Programming/ti/TivaWare_C_Series-2.1.4.178/driverlib/ccs/Debug/</path>
         <kind>archive</kind>
         <file>driverlib.lib</file>
         <name>fpu.obj</name>
      </input_file>
      <input_file id="fl-ee">
         <path>/media/v125/shared/Programming/ti/TivaWare_C_Series-2.1.4.178/driverlib/ccs/Debug/</path>
         <kind>archive</kind>
         <file>driverlib.lib</file>
         <name>gpio.obj</name>
      </input_file>
      <input_file id="fl-ef">
         <path>/media/v125/shared/Programming/ti/TivaWare_C_Series-2.1.4.178/driverlib/ccs/Debug/</path>
         <kind>archive</kind>
         <file>driverlib.lib</file>
         <name>interrupt.obj</name>
      </input_file>
      <input_file id="fl-f0">
         <path>/media/v125/shared/Programming/ti/TivaWare_C_Series-2.1.4.178/driverlib/ccs/Debug/</path>
         <kind>archive</kind>
         <file>driverlib.lib</file>
         <name>pwm.obj</name>
      </input_file>
      <input_file id="fl-f1">
         <path>/media/v125/shared/Programming/ti/TivaWare_C_Series-2.1.4.178/driverlib/ccs/Debug/</path>
         <kind>archive</kind>
         <file>driverlib.lib</file>
         <name>sysctl.obj</name>
      </input_file>
      <input_file id="fl-f2">
         <path>/media/v125/shared/Programming/ti/TivaWare_C_Series-2.1.4.178/driverlib/ccs/Debug/</path>
         <kind>archive</kind>
         <file>driverlib.lib</file>
         <name>timer.obj</name>
      </input_file>
      <input_file id="fl-f3">
         <path>/media/v125/shared/Programming/ti/TivaWare_C_Series-2.1.4.178/driverlib/ccs/Debug/</path>
         <kind>archive</kind>
         <file>driverlib.lib</file>
         <name>uart.obj</name>
      </input_file>
      <input_file id="fl-f4">
         <path>/media/v125/shared/Programming/ti/TivaWare_C_Series-2.1.4.178/driverlib/ccs/Debug/</path>
         <kind>archive</kind>
         <file>driverlib.lib</file>
         <name>cpu.obj</name>
      </input_file>
   </input_file_list>
   <object_component_list>
      <object_component id="oc-f">
         <name>.intvecs</name>
         <load_address>0x0</load_address>
         <run_address>0x0</run_address>
         <size>0x208</size>
         <input_file_ref idref="fl-3"/>
      </object_component>
      <object_component id="oc-e9">
         <name>.text</name>
         <load_address>0x208</load_address>
         <run_address>0x208</run_address>
         <size>0xd5c</size>
         <input_file_ref idref="fl-7"/>
      </object_component>
      <object_component id="oc-32b">
         <name>.text</name>
         <load_address>0xf64</load_address>
         <run_address>0xf64</run_address>
         <size>0x588</size>
         <input_file_ref idref="fl-cb"/>
      </object_component>
      <object_component id="oc-165">
         <name>.text</name>
         <load_address>0x14ec</load_address>
         <run_address>0x14ec</run_address>
         <size>0x49c</size>
         <input_file_ref idref="fl-4"/>
      </object_component>
      <object_component id="oc-1b7">
         <name>.text</name>
         <load_address>0x1988</load_address>
         <run_address>0x1988</run_address>
         <size>0x3d4</size>
         <input_file_ref idref="fl-9"/>
      </object_component>
      <object_component id="oc-242">
         <name>.text</name>
         <load_address>0x1d5c</load_address>
         <run_address>0x1d5c</run_address>
         <size>0x3d0</size>
         <input_file_ref idref="fl-d6"/>
      </object_component>
      <object_component id="oc-f5">
         <name>.text</name>
         <load_address>0x212c</load_address>
         <run_address>0x212c</run_address>
         <size>0x2f8</size>
         <input_file_ref idref="fl-8"/>
      </object_component>
      <object_component id="oc-ae">
         <name>.text</name>
         <load_address>0x2424</load_address>
         <run_address>0x2424</run_address>
         <size>0x2f0</size>
         <input_file_ref idref="fl-2"/>
      </object_component>
      <object_component id="oc-19f">
         <name>.text</name>
         <load_address>0x2714</load_address>
         <run_address>0x2714</run_address>
         <size>0x234</size>
         <input_file_ref idref="fl-6"/>
      </object_component>
      <object_component id="oc-1eb">
         <name>.text:SysCtlClockFreqSet</name>
         <load_address>0x2948</load_address>
         <run_address>0x2948</run_address>
         <size>0x200</size>
         <input_file_ref idref="fl-f1"/>
      </object_component>
      <object_component id="oc-e3">
         <name>.text</name>
         <load_address>0x2b48</load_address>
         <run_address>0x2b48</run_address>
         <size>0x170</size>
         <input_file_ref idref="fl-a"/>
      </object_component>
      <object_component id="oc-20d">
         <name>.text</name>
         <load_address>0x2cb8</load_address>
         <run_address>0x2cb8</run_address>
         <size>0x136</size>
         <input_file_ref idref="fl-cf"/>
      </object_component>
      <object_component id="oc-264">
         <name>.text:GPIOPadConfigSet</name>
         <load_address>0x2dee</load_address>
         <run_address>0x2dee</run_address>
         <size>0x132</size>
         <input_file_ref idref="fl-ee"/>
      </object_component>
      <object_component id="oc-208">
         <name>.text</name>
         <load_address>0x2f20</load_address>
         <run_address>0x2f20</run_address>
         <size>0xfc</size>
         <input_file_ref idref="fl-d0"/>
      </object_component>
      <object_component id="oc-ef">
         <name>.text</name>
         <load_address>0x301c</load_address>
         <run_address>0x301c</run_address>
         <size>0xf4</size>
         <input_file_ref idref="fl-5"/>
      </object_component>
      <object_component id="oc-147">
         <name>.text</name>
         <load_address>0x3110</load_address>
         <run_address>0x3110</run_address>
         <size>0xf4</size>
         <input_file_ref idref="fl-ca"/>
      </object_component>
      <object_component id="oc-3e0">
         <name>.text</name>
         <load_address>0x3204</load_address>
         <run_address>0x3204</run_address>
         <size>0xd4</size>
         <input_file_ref idref="fl-de"/>
      </object_component>
      <object_component id="oc-42">
         <name>.text</name>
         <load_address>0x32d8</load_address>
         <run_address>0x32d8</run_address>
         <size>0x9c</size>
         <input_file_ref idref="fl-d5"/>
      </object_component>
      <object_component id="oc-404">
         <name>.text</name>
         <load_address>0x3374</load_address>
         <run_address>0x3374</run_address>
         <size>0x80</size>
         <input_file_ref idref="fl-eb"/>
      </object_component>
      <object_component id="oc-4e">
         <name>.text</name>
         <load_address>0x33f4</load_address>
         <run_address>0x33f4</run_address>
         <size>0x7a</size>
         <input_file_ref idref="fl-d7"/>
      </object_component>
      <object_component id="oc-3a3">
         <name>.text</name>
         <load_address>0x346e</load_address>
         <run_address>0x346e</run_address>
         <size>0x2</size>
         <input_file_ref idref="fl-e9"/>
      </object_component>
      <object_component id="oc-66">
         <name>.text</name>
         <load_address>0x3470</load_address>
         <run_address>0x3470</run_address>
         <size>0x70</size>
         <input_file_ref idref="fl-e6"/>
      </object_component>
      <object_component id="oc-212">
         <name>.text</name>
         <load_address>0x34e0</load_address>
         <run_address>0x34e0</run_address>
         <size>0x6e</size>
         <input_file_ref idref="fl-d1"/>
      </object_component>
      <object_component id="oc-358">
         <name>.text</name>
         <load_address>0x354e</load_address>
         <run_address>0x354e</run_address>
         <size>0x6e</size>
         <input_file_ref idref="fl-dd"/>
      </object_component>
      <object_component id="oc-2d8">
         <name>.text:IntDisable</name>
         <load_address>0x35bc</load_address>
         <run_address>0x35bc</run_address>
         <size>0x68</size>
         <input_file_ref idref="fl-ef"/>
      </object_component>
      <object_component id="oc-17d">
         <name>.text:IntEnable</name>
         <load_address>0x3624</load_address>
         <run_address>0x3624</run_address>
         <size>0x68</size>
         <input_file_ref idref="fl-ef"/>
      </object_component>
      <object_component id="oc-12">
         <name>.text:decompress:lzss</name>
         <load_address>0x368c</load_address>
         <run_address>0x368c</run_address>
         <size>0x68</size>
         <input_file_ref idref="fl-c6"/>
      </object_component>
      <object_component id="oc-2ea">
         <name>.text:TimerConfigure</name>
         <load_address>0x36f4</load_address>
         <run_address>0x36f4</run_address>
         <size>0x60</size>
         <input_file_ref idref="fl-f2"/>
      </object_component>
      <object_component id="oc-31a">
         <name>.text:IntPendSet</name>
         <load_address>0x3754</load_address>
         <run_address>0x3754</run_address>
         <size>0x54</size>
         <input_file_ref idref="fl-ef"/>
      </object_component>
      <object_component id="oc-24">
         <name>.text</name>
         <load_address>0x37a8</load_address>
         <run_address>0x37a8</run_address>
         <size>0x54</size>
         <input_file_ref idref="fl-c5"/>
      </object_component>
      <object_component id="oc-72">
         <name>.text</name>
         <load_address>0x37fc</load_address>
         <run_address>0x37fc</run_address>
         <size>0x54</size>
         <input_file_ref idref="fl-ce"/>
      </object_component>
      <object_component id="oc-2cc">
         <name>.text:SysCtlPeripheralReset</name>
         <load_address>0x3850</load_address>
         <run_address>0x3850</run_address>
         <size>0x50</size>
         <input_file_ref idref="fl-f1"/>
      </object_component>
      <object_component id="oc-3c8">
         <name>.text:_TimerIntNumberGet</name>
         <load_address>0x38a0</load_address>
         <run_address>0x38a0</run_address>
         <size>0x4c</size>
         <input_file_ref idref="fl-f2"/>
      </object_component>
      <object_component id="oc-a0">
         <name>.text</name>
         <load_address>0x38ec</load_address>
         <run_address>0x38ec</run_address>
         <size>0x4c</size>
         <input_file_ref idref="fl-e7"/>
      </object_component>
      <object_component id="oc-153">
         <name>.text:GPIOPinConfigure</name>
         <load_address>0x3938</load_address>
         <run_address>0x3938</run_address>
         <size>0x48</size>
         <input_file_ref idref="fl-ee"/>
      </object_component>
      <object_component id="oc-366">
         <name>.text:_SysCtlFrequencyGet</name>
         <load_address>0x3980</load_address>
         <run_address>0x3980</run_address>
         <size>0x48</size>
         <input_file_ref idref="fl-f1"/>
      </object_component>
      <object_component id="oc-271">
         <name>.text:UARTConfigSetExpClk</name>
         <load_address>0x39c8</load_address>
         <run_address>0x39c8</run_address>
         <size>0x46</size>
         <input_file_ref idref="fl-f3"/>
      </object_component>
      <object_component id="oc-5a">
         <name>.text</name>
         <load_address>0x3a0e</load_address>
         <run_address>0x3a0e</run_address>
         <size>0x2</size>
         <input_file_ref idref="fl-d8"/>
      </object_component>
      <object_component id="oc-297">
         <name>.text:_UARTIntNumberGet</name>
         <load_address>0x3a10</load_address>
         <run_address>0x3a10</run_address>
         <size>0x40</size>
         <input_file_ref idref="fl-f3"/>
      </object_component>
      <object_component id="oc-286">
         <name>.text</name>
         <load_address>0x3a50</load_address>
         <run_address>0x3a50</run_address>
         <size>0x40</size>
         <input_file_ref idref="fl-e2"/>
      </object_component>
      <object_component id="oc-26b">
         <name>.text:SysCtlPeripheralPresent</name>
         <load_address>0x3a90</load_address>
         <run_address>0x3a90</run_address>
         <size>0x38</size>
         <input_file_ref idref="fl-f1"/>
      </object_component>
      <object_component id="oc-203">
         <name>.text</name>
         <load_address>0x3ac8</load_address>
         <run_address>0x3ac8</run_address>
         <size>0x38</size>
         <input_file_ref idref="fl-d2"/>
      </object_component>
      <object_component id="oc-29d">
         <name>.text:IntRegister</name>
         <load_address>0x3b00</load_address>
         <run_address>0x3b00</run_address>
         <size>0x34</size>
         <input_file_ref idref="fl-ef"/>
      </object_component>
      <object_component id="oc-14d">
         <name>.text:SysCtlPeripheralEnable</name>
         <load_address>0x3b34</load_address>
         <run_address>0x3b34</run_address>
         <size>0x34</size>
         <input_file_ref idref="fl-f1"/>
      </object_component>
      <object_component id="oc-1c1">
         <name>.text</name>
         <load_address>0x3b68</load_address>
         <run_address>0x3b68</run_address>
         <size>0x34</size>
         <input_file_ref idref="fl-e1"/>
      </object_component>
      <object_component id="oc-1c7">
         <name>.text</name>
         <load_address>0x3b9c</load_address>
         <run_address>0x3b9c</run_address>
         <size>0x30</size>
         <input_file_ref idref="fl-d9"/>
      </object_component>
      <object_component id="oc-25e">
         <name>.text:GPIODirModeSet</name>
         <load_address>0x3bcc</load_address>
         <run_address>0x3bcc</run_address>
         <size>0x2a</size>
         <input_file_ref idref="fl-ee"/>
      </object_component>
      <object_component id="oc-344">
         <name>.text</name>
         <load_address>0x3bf6</load_address>
         <run_address>0x3bf6</run_address>
         <size>0x2</size>
         <input_file_ref idref="fl-da"/>
      </object_component>
      <object_component id="oc-3da">
         <name>.text</name>
         <load_address>0x3bf8</load_address>
         <run_address>0x3bf8</run_address>
         <size>0x28</size>
         <input_file_ref idref="fl-cc"/>
      </object_component>
      <object_component id="oc-2d2">
         <name>.text:UARTDisable</name>
         <load_address>0x3c20</load_address>
         <run_address>0x3c20</run_address>
         <size>0x20</size>
         <input_file_ref idref="fl-f3"/>
      </object_component>
      <object_component id="oc-360">
         <name>.text:_SysCtlMemTimingGet</name>
         <load_address>0x3c40</load_address>
         <run_address>0x3c40</run_address>
         <size>0x20</size>
         <input_file_ref idref="fl-f1"/>
      </object_component>
      <object_component id="oc-141">
         <name>.text</name>
         <load_address>0x3c60</load_address>
         <run_address>0x3c60</run_address>
         <size>0x20</size>
         <input_file_ref idref="fl-d3"/>
      </object_component>
      <object_component id="oc-21e">
         <name>.text:PWMPulseWidthGet</name>
         <load_address>0x3c80</load_address>
         <run_address>0x3c80</run_address>
         <size>0x1e</size>
         <input_file_ref idref="fl-f0"/>
      </object_component>
      <object_component id="oc-218">
         <name>.text:PWMPulseWidthSet</name>
         <load_address>0x3c9e</load_address>
         <run_address>0x3c9e</run_address>
         <size>0x1e</size>
         <input_file_ref idref="fl-f0"/>
      </object_component>
      <object_component id="oc-1ad">
         <name>.text</name>
         <load_address>0x3cbc</load_address>
         <run_address>0x3cbc</run_address>
         <size>0x1e</size>
         <input_file_ref idref="fl-e0"/>
      </object_component>
      <object_component id="oc-2c0">
         <name>.text:GPIOPinTypeGPIOOutput</name>
         <load_address>0x3cda</load_address>
         <run_address>0x3cda</run_address>
         <size>0x18</size>
         <input_file_ref idref="fl-ee"/>
      </object_component>
      <object_component id="oc-a6">
         <name>.text</name>
         <load_address>0x3cf2</load_address>
         <run_address>0x3cf2</run_address>
         <size>0x2</size>
         <input_file_ref idref="fl-ec"/>
      </object_component>
      <object_component id="oc-2fc">
         <name>.text:TimerDisable</name>
         <load_address>0x3cf4</load_address>
         <run_address>0x3cf4</run_address>
         <size>0x18</size>
         <input_file_ref idref="fl-f2"/>
      </object_component>
      <object_component id="oc-2f0">
         <name>.text:TimerIntRegister</name>
         <load_address>0x3d0c</load_address>
         <run_address>0x3d0c</run_address>
         <size>0x18</size>
         <input_file_ref idref="fl-f2"/>
      </object_component>
      <object_component id="oc-177">
         <name>.text:UARTIntRegister</name>
         <load_address>0x3d24</load_address>
         <run_address>0x3d24</run_address>
         <size>0x18</size>
         <input_file_ref idref="fl-f3"/>
      </object_component>
      <object_component id="oc-6c">
         <name>.text</name>
         <load_address>0x3d3c</load_address>
         <run_address>0x3d3c</run_address>
         <size>0x18</size>
         <input_file_ref idref="fl-e5"/>
      </object_component>
      <object_component id="oc-1f7">
         <name>.text:FPUStackingEnable</name>
         <load_address>0x3d54</load_address>
         <run_address>0x3d54</run_address>
         <size>0x14</size>
         <input_file_ref idref="fl-ed"/>
      </object_component>
      <object_component id="oc-277">
         <name>.text:UARTEnable</name>
         <load_address>0x3d68</load_address>
         <run_address>0x3d68</run_address>
         <size>0x14</size>
         <input_file_ref idref="fl-f3"/>
      </object_component>
      <object_component id="oc-111">
         <name>.text</name>
         <load_address>0x3d7c</load_address>
         <run_address>0x3d7c</run_address>
         <size>0x14</size>
         <input_file_ref idref="fl-e4"/>
      </object_component>
      <object_component id="oc-15f">
         <name>.text:GPIOPinTypeUART</name>
         <load_address>0x3d90</load_address>
         <run_address>0x3d90</run_address>
         <size>0x12</size>
         <input_file_ref idref="fl-ee"/>
      </object_component>
      <object_component id="oc-302">
         <name>.text:TimerLoadSet</name>
         <load_address>0x3da2</load_address>
         <run_address>0x3da2</run_address>
         <size>0x12</size>
         <input_file_ref idref="fl-f2"/>
      </object_component>
      <object_component id="oc-42f">
         <name>.text</name>
         <load_address>0x3db4</load_address>
         <run_address>0x3db4</run_address>
         <size>0x12</size>
         <input_file_ref idref="fl-ea"/>
      </object_component>
      <object_component id="oc-1f1">
         <name>.text:FPUEnable</name>
         <load_address>0x3dc8</load_address>
         <run_address>0x3dc8</run_address>
         <size>0x10</size>
         <input_file_ref idref="fl-ed"/>
      </object_component>
      <object_component id="oc-183">
         <name>.text:IntMasterEnable</name>
         <load_address>0x3dd8</load_address>
         <run_address>0x3dd8</run_address>
         <size>0x10</size>
         <input_file_ref idref="fl-ef"/>
      </object_component>
      <object_component id="oc-1fd">
         <name>.text:SysCtlReset</name>
         <load_address>0x3de8</load_address>
         <run_address>0x3de8</run_address>
         <size>0x10</size>
         <input_file_ref idref="fl-f1"/>
      </object_component>
      <object_component id="oc-1d3">
         <name>.text</name>
         <load_address>0x3df8</load_address>
         <run_address>0x3df8</run_address>
         <size>0x10</size>
         <input_file_ref idref="fl-d4"/>
      </object_component>
      <object_component id="oc-1d9">
         <name>.text</name>
         <load_address>0x3e08</load_address>
         <run_address>0x3e08</run_address>
         <size>0x10</size>
         <input_file_ref idref="fl-dc"/>
      </object_component>
      <object_component id="oc-308">
         <name>.text:TimerEnable</name>
         <load_address>0x3e18</load_address>
         <run_address>0x3e18</run_address>
         <size>0xe</size>
         <input_file_ref idref="fl-f2"/>
      </object_component>
      <object_component id="oc-1a5">
         <name>.text:UARTCharGetNonBlocking</name>
         <load_address>0x3e26</load_address>
         <run_address>0x3e26</run_address>
         <size>0xe</size>
         <input_file_ref idref="fl-f3"/>
      </object_component>
      <object_component id="oc-13b">
         <name>.text:UARTCharsAvail</name>
         <load_address>0x3e34</load_address>
         <run_address>0x3e34</run_address>
         <size>0xe</size>
         <input_file_ref idref="fl-f3"/>
      </object_component>
      <object_component id="oc-18">
         <name>.text:decompress:none</name>
         <load_address>0x3e42</load_address>
         <run_address>0x3e42</run_address>
         <size>0xe</size>
         <input_file_ref idref="fl-c7"/>
      </object_component>
      <object_component id="oc-2a9">
         <name>.text:CPUcpsie</name>
         <load_address>0x3e50</load_address>
         <run_address>0x3e50</run_address>
         <size>0xc</size>
         <input_file_ref idref="fl-f4"/>
      </object_component>
      <object_component id="oc-1e">
         <name>.text:decompress:ZI</name>
         <load_address>0x3e5c</load_address>
         <run_address>0x3e5c</run_address>
         <size>0xc</size>
         <input_file_ref idref="fl-c8"/>
      </object_component>
      <object_component id="oc-2e">
         <name>.text</name>
         <load_address>0x3e68</load_address>
         <run_address>0x3e68</run_address>
         <size>0xc</size>
         <input_file_ref idref="fl-3"/>
      </object_component>
      <object_component id="oc-30e">
         <name>.text:TimerIntStatus</name>
         <load_address>0x3e74</load_address>
         <run_address>0x3e74</run_address>
         <size>0xa</size>
         <input_file_ref idref="fl-f2"/>
      </object_component>
      <object_component id="oc-12f">
         <name>.text:UARTCharGet</name>
         <load_address>0x3e7e</load_address>
         <run_address>0x3e7e</run_address>
         <size>0xa</size>
         <input_file_ref idref="fl-f3"/>
      </object_component>
      <object_component id="oc-135">
         <name>.text:UARTCharPut</name>
         <load_address>0x3e88</load_address>
         <run_address>0x3e88</run_address>
         <size>0xa</size>
         <input_file_ref idref="fl-f3"/>
      </object_component>
      <object_component id="oc-2e4">
         <name>.text:UARTIntStatus</name>
         <load_address>0x3e92</load_address>
         <run_address>0x3e92</run_address>
         <size>0xa</size>
         <input_file_ref idref="fl-f3"/>
      </object_component>
      <object_component id="oc-2f6">
         <name>.text:TimerIntEnable</name>
         <load_address>0x3e9c</load_address>
         <run_address>0x3e9c</run_address>
         <size>0x8</size>
         <input_file_ref idref="fl-f2"/>
      </object_component>
      <object_component id="oc-1df">
         <name>.text:UARTBusy</name>
         <load_address>0x3ea4</load_address>
         <run_address>0x3ea4</run_address>
         <size>0x8</size>
         <input_file_ref idref="fl-f3"/>
      </object_component>
      <object_component id="oc-171">
         <name>.text:UARTIntEnable</name>
         <load_address>0x3eac</load_address>
         <run_address>0x3eac</run_address>
         <size>0x8</size>
         <input_file_ref idref="fl-f3"/>
      </object_component>
      <object_component id="oc-1cd">
         <name>.text</name>
         <load_address>0x3eb4</load_address>
         <run_address>0x3eb4</run_address>
         <size>0x8</size>
         <input_file_ref idref="fl-c9"/>
      </object_component>
      <object_component id="oc-2de">
         <name>.text:GPIOPinRead</name>
         <load_address>0x3ebc</load_address>
         <run_address>0x3ebc</run_address>
         <size>0x6</size>
         <input_file_ref idref="fl-ee"/>
      </object_component>
      <object_component id="oc-2c6">
         <name>.text:GPIOPinWrite</name>
         <load_address>0x3ec2</load_address>
         <run_address>0x3ec2</run_address>
         <size>0x6</size>
         <input_file_ref idref="fl-ee"/>
      </object_component>
      <object_component id="oc-217">
         <name>.text:SysCtlDelay</name>
         <load_address>0x3ec8</load_address>
         <run_address>0x3ec8</run_address>
         <size>0x6</size>
         <input_file_ref idref="fl-f1"/>
      </object_component>
      <object_component id="oc-159">
         <name>.text:UARTClockSourceSet</name>
         <load_address>0x3ece</load_address>
         <run_address>0x3ece</run_address>
         <size>0x6</size>
         <input_file_ref idref="fl-f3"/>
      </object_component>
      <object_component id="oc-16b">
         <name>.text:UARTFIFOLevelSet</name>
         <load_address>0x3ed4</load_address>
         <run_address>0x3ed4</run_address>
         <size>0x6</size>
         <input_file_ref idref="fl-f3"/>
      </object_component>
      <object_component id="oc-314">
         <name>.text:TimerIntClear</name>
         <load_address>0x3eda</load_address>
         <run_address>0x3eda</run_address>
         <size>0x4</size>
         <input_file_ref idref="fl-f2"/>
      </object_component>
      <object_component id="oc-129">
         <name>.text:UARTIntClear</name>
         <load_address>0x3ede</load_address>
         <run_address>0x3ede</run_address>
         <size>0x4</size>
         <input_file_ref idref="fl-f3"/>
      </object_component>
      <object_component id="oc-60">
         <name>.text</name>
         <load_address>0x3ee2</load_address>
         <run_address>0x3ee2</run_address>
         <size>0x4</size>
         <input_file_ref idref="fl-db"/>
      </object_component>
      <object_component id="oc-36f">
         <name>.const:g_pppui32XTALtoVCO</name>
         <load_address>0x3ee8</load_address>
         <run_address>0x3ee8</run_address>
         <size>0x1b0</size>
         <input_file_ref idref="fl-f1"/>
      </object_component>
      <object_component id="oc-353">
         <name>.const:.string:_ctypes_</name>
         <load_address>0x4098</load_address>
         <run_address>0x4098</run_address>
         <size>0x101</size>
         <input_file_ref idref="fl-e8"/>
      </object_component>
      <object_component id="oc-258">
         <name>.const:g_pui32GPIOBaseAddrs</name>
         <load_address>0x419c</load_address>
         <run_address>0x419c</run_address>
         <size>0x90</size>
         <input_file_ref idref="fl-ee"/>
      </object_component>
      <object_component id="oc-2a4">
         <name>.const</name>
         <load_address>0x422c</load_address>
         <run_address>0x422c</run_address>
         <size>0x70</size>
         <input_file_ref idref="fl-ef"/>
      </object_component>
      <object_component id="oc-36c">
         <name>.const:g_pui32Xtals</name>
         <load_address>0x429c</load_address>
         <run_address>0x429c</run_address>
         <size>0x6c</size>
         <input_file_ref idref="fl-f1"/>
      </object_component>
      <object_component id="oc-426">
         <name>.const:g_ppui32TimerIntMap</name>
         <load_address>0x4308</load_address>
         <run_address>0x4308</run_address>
         <size>0x60</size>
         <input_file_ref idref="fl-f2"/>
      </object_component>
      <object_component id="oc-429">
         <name>.const:g_ppui32TimerIntMapSnowflake</name>
         <load_address>0x4368</load_address>
         <run_address>0x4368</run_address>
         <size>0x40</size>
         <input_file_ref idref="fl-f2"/>
      </object_component>
      <object_component id="oc-3af">
         <name>.const:g_ppui32UARTIntMap</name>
         <load_address>0x43a8</load_address>
         <run_address>0x43a8</run_address>
         <size>0x40</size>
         <input_file_ref idref="fl-f3"/>
      </object_component>
      <object_component id="oc-3b2">
         <name>.const:g_ppui32UARTIntMapSnowflake</name>
         <load_address>0x43e8</load_address>
         <run_address>0x43e8</run_address>
         <size>0x40</size>
         <input_file_ref idref="fl-f3"/>
      </object_component>
      <object_component id="oc-40c">
         <name>.const:g_sXTALtoMEMTIM</name>
         <load_address>0x4428</load_address>
         <run_address>0x4428</run_address>
         <size>0x30</size>
         <input_file_ref idref="fl-f1"/>
      </object_component>
      <object_component id="oc-3e9">
         <name>.const:$O1$$</name>
         <load_address>0x4458</load_address>
         <run_address>0x4458</run_address>
         <size>0x18</size>
         <input_file_ref idref="fl-cb"/>
      </object_component>
      <object_component id="oc-3aa">
         <name>.const:.string</name>
         <load_address>0x4470</load_address>
         <run_address>0x4470</run_address>
         <size>0x12</size>
         <input_file_ref idref="fl-4"/>
      </object_component>
      <object_component id="oc-283">
         <name>.const:g_ui32UARTBase</name>
         <load_address>0x4484</load_address>
         <run_address>0x4484</run_address>
         <size>0xc</size>
         <input_file_ref idref="fl-4"/>
      </object_component>
      <object_component id="oc-27d">
         <name>.const:g_ui32UARTPeriph</name>
         <load_address>0x4490</load_address>
         <run_address>0x4490</run_address>
         <size>0xc</size>
         <input_file_ref idref="fl-4"/>
      </object_component>
      <object_component id="oc-372">
         <name>.const</name>
         <load_address>0x449c</load_address>
         <run_address>0x449c</run_address>
         <size>0x8</size>
         <input_file_ref idref="fl-f1"/>
      </object_component>
      <object_component id="oc-28b">
         <name>.const</name>
         <load_address>0x44a4</load_address>
         <run_address>0x44a4</run_address>
         <size>0x4</size>
         <input_file_ref idref="fl-4"/>
      </object_component>
      <object_component id="oc-47a">
         <name>.cinit..data.load</name>
         <load_address>0x44a8</load_address>
         <run_address>0x44a8</run_address>
         <size>0x1d</size>
      </object_component>
      <object_component id="oc-477">
         <name>__TI_handler_table</name>
         <load_address>0x44c8</load_address>
         <run_address>0x44c8</run_address>
         <size>0xc</size>
      </object_component>
      <object_component id="oc-47b">
         <name>.cinit..bss.load</name>
         <load_address>0x44d8</load_address>
         <run_address>0x44d8</run_address>
         <size>0x8</size>
      </object_component>
      <object_component id="oc-479">
         <name>.cinit..vtable.load</name>
         <load_address>0x44e0</load_address>
         <run_address>0x44e0</run_address>
         <size>0x8</size>
      </object_component>
      <object_component id="oc-478">
         <name>__TI_cinit_table</name>
         <load_address>0x44e8</load_address>
         <run_address>0x44e8</run_address>
         <size>0x18</size>
      </object_component>
      <object_component id="oc-3b6">
         <name>.vtable</name>
         <uninitialized>true</uninitialized>
         <run_address>0x20000000</run_address>
         <size>0x26c</size>
         <input_file_ref idref="fl-ef"/>
      </object_component>
      <object_component id="oc-ff">
         <name>.data</name>
         <load_address>0x20033d82</load_address>
         <run_address>0x20033d82</run_address>
         <size>0x1</size>
         <input_file_ref idref="fl-2"/>
      </object_component>
      <object_component id="oc-280">
         <name>.data</name>
         <load_address>0x20033d68</load_address>
         <run_address>0x20033d68</run_address>
         <size>0x5</size>
         <input_file_ref idref="fl-4"/>
      </object_component>
      <object_component id="oc-320">
         <name>.data</name>
         <load_address>0x20033d6d</load_address>
         <run_address>0x20033d6d</run_address>
         <size>0x1</size>
         <input_file_ref idref="fl-6"/>
      </object_component>
      <object_component id="oc-1ac">
         <name>.data</name>
         <load_address>0x20033d6e</load_address>
         <run_address>0x20033d6e</run_address>
         <size>0x2</size>
         <input_file_ref idref="fl-7"/>
      </object_component>
      <object_component id="oc-18a">
         <name>.data</name>
         <load_address>0x20033d80</load_address>
         <run_address>0x20033d80</run_address>
         <size>0x2</size>
         <input_file_ref idref="fl-a"/>
      </object_component>
      <object_component id="oc-248">
         <name>.data</name>
         <load_address>0x20033d70</load_address>
         <run_address>0x20033d70</run_address>
         <size>0x4</size>
         <input_file_ref idref="fl-ca"/>
      </object_component>
      <object_component id="oc-3e6">
         <name>.data</name>
         <load_address>0x20033d74</load_address>
         <run_address>0x20033d74</run_address>
         <size>0x4</size>
         <input_file_ref idref="fl-cd"/>
      </object_component>
      <object_component id="oc-b6">
         <name>.data:$O1$$</name>
         <load_address>0x20033d48</load_address>
         <run_address>0x20033d48</run_address>
         <size>0xc</size>
         <input_file_ref idref="fl-ce"/>
      </object_component>
      <object_component id="oc-387">
         <name>.data:$O1$$</name>
         <load_address>0x20033d54</load_address>
         <run_address>0x20033d54</run_address>
         <size>0xc</size>
         <input_file_ref idref="fl-d6"/>
      </object_component>
      <object_component id="oc-78">
         <name>.data</name>
         <load_address>0x20033d78</load_address>
         <run_address>0x20033d78</run_address>
         <size>0x4</size>
         <input_file_ref idref="fl-df"/>
      </object_component>
      <object_component id="oc-341">
         <name>.data</name>
         <load_address>0x20033d7c</load_address>
         <run_address>0x20033d7c</run_address>
         <size>0x4</size>
         <input_file_ref idref="fl-e3"/>
      </object_component>
      <object_component id="oc-b9">
         <name>.data:$O1$$</name>
         <load_address>0x20033d60</load_address>
         <run_address>0x20033d60</run_address>
         <size>0x8</size>
         <input_file_ref idref="fl-e4"/>
      </object_component>
      <object_component id="oc-324">
         <name>.bss</name>
         <uninitialized>true</uninitialized>
         <run_address>0x20033d30</run_address>
         <size>0x4</size>
         <input_file_ref idref="fl-6"/>
      </object_component>
      <object_component id="oc-1b4">
         <name>.bss:_ZZN7ESP82664GetIEvE17singletonInstance</name>
         <uninitialized>true</uninitialized>
         <run_address>0x20033cf0</run_address>
         <size>0x38</size>
         <input_file_ref idref="fl-7"/>
      </object_component>
      <object_component id="oc-1ab">
         <name>.bss:rxBuffer$1</name>
         <uninitialized>true</uninitialized>
         <run_address>0x200336f0</run_address>
         <size>0x400</size>
         <input_file_ref idref="fl-7"/>
      </object_component>
      <object_component id="oc-1b3">
         <name>.bss</name>
         <uninitialized>true</uninitialized>
         <run_address>0x20033d2c</run_address>
         <size>0x4</size>
         <input_file_ref idref="fl-7"/>
      </object_component>
      <object_component id="oc-18c">
         <name>.bss:_ZZN10SerialPort4GetIEvE17singletonInstance</name>
         <uninitialized>true</uninitialized>
         <run_address>0x20033d28</run_address>
         <size>0x4</size>
         <input_file_ref idref="fl-a"/>
      </object_component>
      <object_component id="oc-189">
         <name>.bss:txBuffer$1</name>
         <uninitialized>true</uninitialized>
         <run_address>0x20033af0</run_address>
         <size>0x200</size>
         <input_file_ref idref="fl-a"/>
      </object_component>
      <object_component id="oc-18b">
         <name>.bss</name>
         <uninitialized>true</uninitialized>
         <run_address>0x20033d34</run_address>
         <size>0x4</size>
         <input_file_ref idref="fl-a"/>
      </object_component>
      <object_component id="oc-fb">
         <name>.common:socketId</name>
         <uninitialized>true</uninitialized>
         <run_address>0x20033d44</run_address>
         <size>0x1</size>
      </object_component>
      <object_component id="oc-224">
         <name>.common:g_ui32SysClock</name>
         <uninitialized>true</uninitialized>
         <run_address>0x20033d40</run_address>
         <size>0x4</size>
      </object_component>
      <object_component id="oc-321">
         <name>.common:g_intHandler</name>
         <uninitialized>true</uninitialized>
         <run_address>0x20033d3c</run_address>
         <size>0x4</size>
      </object_component>
      <object_component id="oc-1bd">
         <name>.common:_commBuf</name>
         <uninitialized>true</uninitialized>
         <run_address>0x20032ef0</run_address>
         <size>0x800</size>
      </object_component>
      <object_component id="oc-18f">
         <name>.common:__dso_handle</name>
         <uninitialized>true</uninitialized>
         <run_address>0x20033d38</run_address>
         <size>0x4</size>
      </object_component>
      <object_component id="oc-2b">
         <name>.sysmem</name>
         <uninitialized>true</uninitialized>
         <run_address>0x20030fb0</run_address>
         <size>0x8</size>
         <input_file_ref idref="fl-d6"/>
      </object_component>
      <object_component id="oc-47d">
         <name>.sysmem</name>
         <uninitialized>true</uninitialized>
         <run_address>0x20030fb0</run_address>
         <size>0x0</size>
      </object_component>
      <object_component id="oc-2a">
         <name>.stack</name>
         <uninitialized>true</uninitialized>
         <run_address>0x2000026c</run_address>
         <size>0x0</size>
         <input_file_ref idref="fl-c5"/>
      </object_component>
      <object_component id="oc-47c">
         <name>.stack</name>
         <uninitialized>true</uninitialized>
         <run_address>0x2000026c</run_address>
         <size>0x0</size>
      </object_component>
      <object_component id="oc-fc">
         <name>.debug_info</name>
         <load_address>0x0</load_address>
         <run_address>0x0</run_address>
         <size>0x8d4</size>
         <input_file_ref idref="fl-2"/>
      </object_component>
      <object_component id="oc-100">
         <name>.debug_info</name>
         <load_address>0x8d4</load_address>
         <run_address>0x8d4</run_address>
         <size>0xd6</size>
         <input_file_ref idref="fl-2"/>
      </object_component>
      <object_component id="oc-af">
         <name>.debug_info</name>
         <load_address>0x9aa</load_address>
         <run_address>0x9aa</run_address>
         <size>0x643</size>
         <input_file_ref idref="fl-2"/>
      </object_component>
      <object_component id="oc-1e6">
         <name>.debug_info</name>
         <load_address>0xfed</load_address>
         <run_address>0xfed</run_address>
         <size>0x363</size>
         <input_file_ref idref="fl-2"/>
      </object_component>
      <object_component id="oc-193">
         <name>.debug_info</name>
         <load_address>0x1350</load_address>
         <run_address>0x1350</run_address>
         <size>0xdf</size>
         <input_file_ref idref="fl-2"/>
      </object_component>
      <object_component id="oc-229">
         <name>.debug_info</name>
         <load_address>0x142f</load_address>
         <run_address>0x142f</run_address>
         <size>0x217</size>
         <input_file_ref idref="fl-2"/>
      </object_component>
      <object_component id="oc-cf">
         <name>.debug_info</name>
         <load_address>0x1646</load_address>
         <run_address>0x1646</run_address>
         <size>0x8b</size>
         <input_file_ref idref="fl-2"/>
      </object_component>
      <object_component id="oc-103">
         <name>.debug_info</name>
         <load_address>0x16d1</load_address>
         <run_address>0x16d1</run_address>
         <size>0x18b</size>
         <input_file_ref idref="fl-2"/>
      </object_component>
      <object_component id="oc-36">
         <name>.debug_info</name>
         <load_address>0x185c</load_address>
         <run_address>0x185c</run_address>
         <size>0x2a2</size>
         <input_file_ref idref="fl-3"/>
      </object_component>
      <object_component id="oc-10">
         <name>.debug_info</name>
         <load_address>0x1afe</load_address>
         <run_address>0x1afe</run_address>
         <size>0xf3</size>
         <input_file_ref idref="fl-3"/>
      </object_component>
      <object_component id="oc-2f">
         <name>.debug_info</name>
         <load_address>0x1bf1</load_address>
         <run_address>0x1bf1</run_address>
         <size>0x272</size>
         <input_file_ref idref="fl-3"/>
      </object_component>
      <object_component id="oc-3d">
         <name>.debug_info</name>
         <load_address>0x1e63</load_address>
         <run_address>0x1e63</run_address>
         <size>0x84</size>
         <input_file_ref idref="fl-3"/>
      </object_component>
      <object_component id="oc-83">
         <name>.debug_info</name>
         <load_address>0x1ee7</load_address>
         <run_address>0x1ee7</run_address>
         <size>0x18b</size>
         <input_file_ref idref="fl-3"/>
      </object_component>
      <object_component id="oc-28f">
         <name>.debug_info</name>
         <load_address>0x2072</load_address>
         <run_address>0x2072</run_address>
         <size>0x41c</size>
         <input_file_ref idref="fl-4"/>
      </object_component>
      <object_component id="oc-281">
         <name>.debug_info</name>
         <load_address>0x248e</load_address>
         <run_address>0x248e</run_address>
         <size>0x11f</size>
         <input_file_ref idref="fl-4"/>
      </object_component>
      <object_component id="oc-28c">
         <name>.debug_info</name>
         <load_address>0x25ad</load_address>
         <run_address>0x25ad</run_address>
         <size>0x119</size>
         <input_file_ref idref="fl-4"/>
      </object_component>
      <object_component id="oc-284">
         <name>.debug_info</name>
         <load_address>0x26c6</load_address>
         <run_address>0x26c6</run_address>
         <size>0x127</size>
         <input_file_ref idref="fl-4"/>
      </object_component>
      <object_component id="oc-27e">
         <name>.debug_info</name>
         <load_address>0x27ed</load_address>
         <run_address>0x27ed</run_address>
         <size>0x12b</size>
         <input_file_ref idref="fl-4"/>
      </object_component>
      <object_component id="oc-166">
         <name>.debug_info</name>
         <load_address>0x2918</load_address>
         <run_address>0x2918</run_address>
         <size>0xad4</size>
         <input_file_ref idref="fl-4"/>
      </object_component>
      <object_component id="oc-290">
         <name>.debug_info</name>
         <load_address>0x33ec</load_address>
         <run_address>0x33ec</run_address>
         <size>0x4e</size>
         <input_file_ref idref="fl-4"/>
      </object_component>
      <object_component id="oc-225">
         <name>.debug_info</name>
         <load_address>0x343a</load_address>
         <run_address>0x343a</run_address>
         <size>0x480</size>
         <input_file_ref idref="fl-5"/>
      </object_component>
      <object_component id="oc-f0">
         <name>.debug_info</name>
         <load_address>0x38ba</load_address>
         <run_address>0x38ba</run_address>
         <size>0x5fb</size>
         <input_file_ref idref="fl-5"/>
      </object_component>
      <object_component id="oc-97">
         <name>.debug_info</name>
         <load_address>0x3eb5</load_address>
         <run_address>0x3eb5</run_address>
         <size>0x2c</size>
         <input_file_ref idref="fl-5"/>
      </object_component>
      <object_component id="oc-322">
         <name>.debug_info</name>
         <load_address>0x3ee1</load_address>
         <run_address>0x3ee1</run_address>
         <size>0x902</size>
         <input_file_ref idref="fl-6"/>
      </object_component>
      <object_component id="oc-1a0">
         <name>.debug_info</name>
         <load_address>0x47e3</load_address>
         <run_address>0x47e3</run_address>
         <size>0xaba</size>
         <input_file_ref idref="fl-6"/>
      </object_component>
      <object_component id="oc-1be">
         <name>.debug_info</name>
         <load_address>0x529d</load_address>
         <run_address>0x529d</run_address>
         <size>0xb90</size>
         <input_file_ref idref="fl-7"/>
      </object_component>
      <object_component id="oc-1b5">
         <name>.debug_info</name>
         <load_address>0x5e2d</load_address>
         <run_address>0x5e2d</run_address>
         <size>0x106</size>
         <input_file_ref idref="fl-7"/>
      </object_component>
      <object_component id="oc-ea">
         <name>.debug_info</name>
         <load_address>0x5f33</load_address>
         <run_address>0x5f33</run_address>
         <size>0x2358</size>
         <input_file_ref idref="fl-7"/>
      </object_component>
      <object_component id="oc-335">
         <name>.debug_info</name>
         <load_address>0x828b</load_address>
         <run_address>0x828b</run_address>
         <size>0xd8</size>
         <input_file_ref idref="fl-7"/>
      </object_component>
      <object_component id="oc-2bb">
         <name>.debug_info</name>
         <load_address>0x8363</load_address>
         <run_address>0x8363</run_address>
         <size>0x14d</size>
         <input_file_ref idref="fl-7"/>
      </object_component>
      <object_component id="oc-33a">
         <name>.debug_info</name>
         <load_address>0x84b0</load_address>
         <run_address>0x84b0</run_address>
         <size>0x2c</size>
         <input_file_ref idref="fl-7"/>
      </object_component>
      <object_component id="oc-19a">
         <name>.debug_info</name>
         <load_address>0x84dc</load_address>
         <run_address>0x84dc</run_address>
         <size>0x67</size>
         <input_file_ref idref="fl-7"/>
      </object_component>
      <object_component id="oc-22e">
         <name>.debug_info</name>
         <load_address>0x8543</load_address>
         <run_address>0x8543</run_address>
         <size>0x806</size>
         <input_file_ref idref="fl-8"/>
      </object_component>
      <object_component id="oc-f6">
         <name>.debug_info</name>
         <load_address>0x8d49</load_address>
         <run_address>0x8d49</run_address>
         <size>0xa61</size>
         <input_file_ref idref="fl-8"/>
      </object_component>
      <object_component id="oc-332">
         <name>.debug_info</name>
         <load_address>0x97aa</load_address>
         <run_address>0x97aa</run_address>
         <size>0x325</size>
         <input_file_ref idref="fl-9"/>
      </object_component>
      <object_component id="oc-1b8">
         <name>.debug_info</name>
         <load_address>0x9acf</load_address>
         <run_address>0x9acf</run_address>
         <size>0x68f</size>
         <input_file_ref idref="fl-9"/>
      </object_component>
      <object_component id="oc-198">
         <name>.debug_info</name>
         <load_address>0xa15e</load_address>
         <run_address>0xa15e</run_address>
         <size>0x79e</size>
         <input_file_ref idref="fl-a"/>
      </object_component>
      <object_component id="oc-18d">
         <name>.debug_info</name>
         <load_address>0xa8fc</load_address>
         <run_address>0xa8fc</run_address>
         <size>0x10f</size>
         <input_file_ref idref="fl-a"/>
      </object_component>
      <object_component id="oc-e4">
         <name>.debug_info</name>
         <load_address>0xaa0b</load_address>
         <run_address>0xaa0b</run_address>
         <size>0x829</size>
         <input_file_ref idref="fl-a"/>
      </object_component>
      <object_component id="oc-25">
         <name>.debug_info</name>
         <load_address>0xb234</load_address>
         <run_address>0xb234</run_address>
         <size>0x160</size>
         <input_file_ref idref="fl-c5"/>
      </object_component>
      <object_component id="oc-8d">
         <name>.debug_info</name>
         <load_address>0xb394</load_address>
         <run_address>0xb394</run_address>
         <size>0x293</size>
         <input_file_ref idref="fl-c6"/>
      </object_component>
      <object_component id="oc-13">
         <name>.debug_info</name>
         <load_address>0xb627</load_address>
         <run_address>0xb627</run_address>
         <size>0x245</size>
         <input_file_ref idref="fl-c6"/>
      </object_component>
      <object_component id="oc-38">
         <name>.debug_info</name>
         <load_address>0xb86c</load_address>
         <run_address>0xb86c</run_address>
         <size>0x60</size>
         <input_file_ref idref="fl-c6"/>
      </object_component>
      <object_component id="oc-88">
         <name>.debug_info</name>
         <load_address>0xb8cc</load_address>
         <run_address>0xb8cc</run_address>
         <size>0x46</size>
         <input_file_ref idref="fl-c6"/>
      </object_component>
      <object_component id="oc-4d">
         <name>.debug_info</name>
         <load_address>0xb912</load_address>
         <run_address>0xb912</run_address>
         <size>0x2da</size>
         <input_file_ref idref="fl-c7"/>
      </object_component>
      <object_component id="oc-19">
         <name>.debug_info</name>
         <load_address>0xbbec</load_address>
         <run_address>0xbbec</run_address>
         <size>0x1df</size>
         <input_file_ref idref="fl-c7"/>
      </object_component>
      <object_component id="oc-48">
         <name>.debug_info</name>
         <load_address>0xbdcb</load_address>
         <run_address>0xbdcb</run_address>
         <size>0x46</size>
         <input_file_ref idref="fl-c7"/>
      </object_component>
      <object_component id="oc-8f">
         <name>.debug_info</name>
         <load_address>0xbe11</load_address>
         <run_address>0xbe11</run_address>
         <size>0x2c</size>
         <input_file_ref idref="fl-c7"/>
      </object_component>
      <object_component id="oc-59">
         <name>.debug_info</name>
         <load_address>0xbe3d</load_address>
         <run_address>0xbe3d</run_address>
         <size>0x2c9</size>
         <input_file_ref idref="fl-c8"/>
      </object_component>
      <object_component id="oc-1f">
         <name>.debug_info</name>
         <load_address>0xc106</load_address>
         <run_address>0xc106</run_address>
         <size>0x1aa</size>
         <input_file_ref idref="fl-c8"/>
      </object_component>
      <object_component id="oc-54">
         <name>.debug_info</name>
         <load_address>0xc2b0</load_address>
         <run_address>0xc2b0</run_address>
         <size>0x46</size>
         <input_file_ref idref="fl-c8"/>
      </object_component>
      <object_component id="oc-352">
         <name>.debug_info</name>
         <load_address>0xc2f6</load_address>
         <run_address>0xc2f6</run_address>
         <size>0x296</size>
         <input_file_ref idref="fl-c9"/>
      </object_component>
      <object_component id="oc-1ce">
         <name>.debug_info</name>
         <load_address>0xc58c</load_address>
         <run_address>0xc58c</run_address>
         <size>0x164</size>
         <input_file_ref idref="fl-c9"/>
      </object_component>
      <object_component id="oc-190">
         <name>.debug_info</name>
         <load_address>0xc6f0</load_address>
         <run_address>0xc6f0</run_address>
         <size>0x3ab</size>
         <input_file_ref idref="fl-ca"/>
      </object_component>
      <object_component id="oc-249">
         <name>.debug_info</name>
         <load_address>0xca9b</load_address>
         <run_address>0xca9b</run_address>
         <size>0x11d</size>
         <input_file_ref idref="fl-ca"/>
      </object_component>
      <object_component id="oc-148">
         <name>.debug_info</name>
         <load_address>0xcbb8</load_address>
         <run_address>0xcbb8</run_address>
         <size>0x596</size>
         <input_file_ref idref="fl-ca"/>
      </object_component>
      <object_component id="oc-24c">
         <name>.debug_info</name>
         <load_address>0xd14e</load_address>
         <run_address>0xd14e</run_address>
         <size>0x46</size>
         <input_file_ref idref="fl-ca"/>
      </object_component>
      <object_component id="oc-2b4">
         <name>.debug_info</name>
         <load_address>0xd194</load_address>
         <run_address>0xd194</run_address>
         <size>0x2c</size>
         <input_file_ref idref="fl-ca"/>
      </object_component>
      <object_component id="oc-251">
         <name>.debug_info</name>
         <load_address>0xd1c0</load_address>
         <run_address>0xd1c0</run_address>
         <size>0xa3</size>
         <input_file_ref idref="fl-ca"/>
      </object_component>
      <object_component id="oc-3f2">
         <name>.debug_info</name>
         <load_address>0xd263</load_address>
         <run_address>0xd263</run_address>
         <size>0x388</size>
         <input_file_ref idref="fl-cb"/>
      </object_component>
      <object_component id="oc-3ea">
         <name>.debug_info</name>
         <load_address>0xd5eb</load_address>
         <run_address>0xd5eb</run_address>
         <size>0x11e</size>
         <input_file_ref idref="fl-cb"/>
      </object_component>
      <object_component id="oc-32c">
         <name>.debug_info</name>
         <load_address>0xd709</load_address>
         <run_address>0xd709</run_address>
         <size>0x2e6</size>
         <input_file_ref idref="fl-cb"/>
      </object_component>
      <object_component id="oc-3ed">
         <name>.debug_info</name>
         <load_address>0xd9ef</load_address>
         <run_address>0xd9ef</run_address>
         <size>0x39</size>
         <input_file_ref idref="fl-cb"/>
      </object_component>
      <object_component id="oc-42e">
         <name>.debug_info</name>
         <load_address>0xda28</load_address>
         <run_address>0xda28</run_address>
         <size>0x2b1</size>
         <input_file_ref idref="fl-cc"/>
      </object_component>
      <object_component id="oc-3db">
         <name>.debug_info</name>
         <load_address>0xdcd9</load_address>
         <run_address>0xdcd9</run_address>
         <size>0x14d</size>
         <input_file_ref idref="fl-cc"/>
      </object_component>
      <object_component id="oc-3e7">
         <name>.debug_info</name>
         <load_address>0xde26</load_address>
         <run_address>0xde26</run_address>
         <size>0xf3</size>
         <input_file_ref idref="fl-cd"/>
      </object_component>
      <object_component id="oc-bd">
         <name>.debug_info</name>
         <load_address>0xdf19</load_address>
         <run_address>0xdf19</run_address>
         <size>0x3ce</size>
         <input_file_ref idref="fl-ce"/>
      </object_component>
      <object_component id="oc-b7">
         <name>.debug_info</name>
         <load_address>0xe2e7</load_address>
         <run_address>0xe2e7</run_address>
         <size>0x185</size>
         <input_file_ref idref="fl-ce"/>
      </object_component>
      <object_component id="oc-73">
         <name>.debug_info</name>
         <load_address>0xe46c</load_address>
         <run_address>0xe46c</run_address>
         <size>0x214</size>
         <input_file_ref idref="fl-ce"/>
      </object_component>
      <object_component id="oc-20e">
         <name>.debug_info</name>
         <load_address>0xe680</load_address>
         <run_address>0xe680</run_address>
         <size>0x132</size>
         <input_file_ref idref="fl-cf"/>
      </object_component>
      <object_component id="oc-209">
         <name>.debug_info</name>
         <load_address>0xe7b2</load_address>
         <run_address>0xe7b2</run_address>
         <size>0x132</size>
         <input_file_ref idref="fl-d0"/>
      </object_component>
      <object_component id="oc-213">
         <name>.debug_info</name>
         <load_address>0xe8e4</load_address>
         <run_address>0xe8e4</run_address>
         <size>0x136</size>
         <input_file_ref idref="fl-d1"/>
      </object_component>
      <object_component id="oc-204">
         <name>.debug_info</name>
         <load_address>0xea1a</load_address>
         <run_address>0xea1a</run_address>
         <size>0x124</size>
         <input_file_ref idref="fl-d2"/>
      </object_component>
      <object_component id="oc-386">
         <name>.debug_info</name>
         <load_address>0xeb3e</load_address>
         <run_address>0xeb3e</run_address>
         <size>0x27b</size>
         <input_file_ref idref="fl-d3"/>
      </object_component>
      <object_component id="oc-142">
         <name>.debug_info</name>
         <load_address>0xedb9</load_address>
         <run_address>0xedb9</run_address>
         <size>0x29e</size>
         <input_file_ref idref="fl-d3"/>
      </object_component>
      <object_component id="oc-23d">
         <name>.debug_info</name>
         <load_address>0xf057</load_address>
         <run_address>0xf057</run_address>
         <size>0x39</size>
         <input_file_ref idref="fl-d3"/>
      </object_component>
      <object_component id="oc-357">
         <name>.debug_info</name>
         <load_address>0xf090</load_address>
         <run_address>0xf090</run_address>
         <size>0x2ab</size>
         <input_file_ref idref="fl-d4"/>
      </object_component>
      <object_component id="oc-1d4">
         <name>.debug_info</name>
         <load_address>0xf33b</load_address>
         <run_address>0xf33b</run_address>
         <size>0x149</size>
         <input_file_ref idref="fl-d4"/>
      </object_component>
      <object_component id="oc-43">
         <name>.debug_info</name>
         <load_address>0xf484</load_address>
         <run_address>0xf484</run_address>
         <size>0x111</size>
         <input_file_ref idref="fl-d5"/>
      </object_component>
      <object_component id="oc-7e">
         <name>.debug_info</name>
         <load_address>0xf595</load_address>
         <run_address>0xf595</run_address>
         <size>0x3bc</size>
         <input_file_ref idref="fl-d6"/>
      </object_component>
      <object_component id="oc-2c">
         <name>.debug_info</name>
         <load_address>0xf951</load_address>
         <run_address>0xf951</run_address>
         <size>0x101</size>
         <input_file_ref idref="fl-d6"/>
      </object_component>
      <object_component id="oc-388">
         <name>.debug_info</name>
         <load_address>0xfa52</load_address>
         <run_address>0xfa52</run_address>
         <size>0x14c</size>
         <input_file_ref idref="fl-d6"/>
      </object_component>
      <object_component id="oc-243">
         <name>.debug_info</name>
         <load_address>0xfb9e</load_address>
         <run_address>0xfb9e</run_address>
         <size>0x885</size>
         <input_file_ref idref="fl-d6"/>
      </object_component>
      <object_component id="oc-c3">
         <name>.debug_info</name>
         <load_address>0x10423</load_address>
         <run_address>0x10423</run_address>
         <size>0x2c</size>
         <input_file_ref idref="fl-d6"/>
      </object_component>
      <object_component id="oc-c8">
         <name>.debug_info</name>
         <load_address>0x1044f</load_address>
         <run_address>0x1044f</run_address>
         <size>0x62</size>
         <input_file_ref idref="fl-d6"/>
      </object_component>
      <object_component id="oc-4f">
         <name>.debug_info</name>
         <load_address>0x104b1</load_address>
         <run_address>0x104b1</run_address>
         <size>0x13f</size>
         <input_file_ref idref="fl-d7"/>
      </object_component>
      <object_component id="oc-5b">
         <name>.debug_info</name>
         <load_address>0x105f0</load_address>
         <run_address>0x105f0</run_address>
         <size>0x138</size>
         <input_file_ref idref="fl-d8"/>
      </object_component>
      <object_component id="oc-34b">
         <name>.debug_info</name>
         <load_address>0x10728</load_address>
         <run_address>0x10728</run_address>
         <size>0x2ff</size>
         <input_file_ref idref="fl-d9"/>
      </object_component>
      <object_component id="oc-1c8">
         <name>.debug_info</name>
         <load_address>0x10a27</load_address>
         <run_address>0x10a27</run_address>
         <size>0x198</size>
         <input_file_ref idref="fl-d9"/>
      </object_component>
      <object_component id="oc-34c">
         <name>.debug_info</name>
         <load_address>0x10bbf</load_address>
         <run_address>0x10bbf</run_address>
         <size>0x2c</size>
         <input_file_ref idref="fl-d9"/>
      </object_component>
      <object_component id="oc-345">
         <name>.debug_info</name>
         <load_address>0x10beb</load_address>
         <run_address>0x10beb</run_address>
         <size>0x15f</size>
         <input_file_ref idref="fl-da"/>
      </object_component>
      <object_component id="oc-61">
         <name>.debug_info</name>
         <load_address>0x10d4a</load_address>
         <run_address>0x10d4a</run_address>
         <size>0x148</size>
         <input_file_ref idref="fl-db"/>
      </object_component>
      <object_component id="oc-1da">
         <name>.debug_info</name>
         <load_address>0x10e92</load_address>
         <run_address>0x10e92</run_address>
         <size>0x15c</size>
         <input_file_ref idref="fl-dc"/>
      </object_component>
      <object_component id="oc-40b">
         <name>.debug_info</name>
         <load_address>0x10fee</load_address>
         <run_address>0x10fee</run_address>
         <size>0x2bb</size>
         <input_file_ref idref="fl-dd"/>
      </object_component>
      <object_component id="oc-359">
         <name>.debug_info</name>
         <load_address>0x112a9</load_address>
         <run_address>0x112a9</run_address>
         <size>0x17e</size>
         <input_file_ref idref="fl-dd"/>
      </object_component>
      <object_component id="oc-436">
         <name>.debug_info</name>
         <load_address>0x11427</load_address>
         <run_address>0x11427</run_address>
         <size>0x2ff</size>
         <input_file_ref idref="fl-de"/>
      </object_component>
      <object_component id="oc-3e1">
         <name>.debug_info</name>
         <load_address>0x11726</load_address>
         <run_address>0x11726</run_address>
         <size>0x19f</size>
         <input_file_ref idref="fl-de"/>
      </object_component>
      <object_component id="oc-437">
         <name>.debug_info</name>
         <load_address>0x118c5</load_address>
         <run_address>0x118c5</run_address>
         <size>0x2c</size>
         <input_file_ref idref="fl-de"/>
      </object_component>
      <object_component id="oc-79">
         <name>.debug_info</name>
         <load_address>0x118f1</load_address>
         <run_address>0x118f1</run_address>
         <size>0x109</size>
         <input_file_ref idref="fl-df"/>
      </object_component>
      <object_component id="oc-328">
         <name>.debug_info</name>
         <load_address>0x119fa</load_address>
         <run_address>0x119fa</run_address>
         <size>0x28a</size>
         <input_file_ref idref="fl-e0"/>
      </object_component>
      <object_component id="oc-1ae">
         <name>.debug_info</name>
         <load_address>0x11c84</load_address>
         <run_address>0x11c84</run_address>
         <size>0x249</size>
         <input_file_ref idref="fl-e0"/>
      </object_component>
      <object_component id="oc-340">
         <name>.debug_info</name>
         <load_address>0x11ecd</load_address>
         <run_address>0x11ecd</run_address>
         <size>0x28a</size>
         <input_file_ref idref="fl-e1"/>
      </object_component>
      <object_component id="oc-1c2">
         <name>.debug_info</name>
         <load_address>0x12157</load_address>
         <run_address>0x12157</run_address>
         <size>0x1c6</size>
         <input_file_ref idref="fl-e1"/>
      </object_component>
      <object_component id="oc-287">
         <name>.debug_info</name>
         <load_address>0x1231d</load_address>
         <run_address>0x1231d</run_address>
         <size>0x13a</size>
         <input_file_ref idref="fl-e2"/>
      </object_component>
      <object_component id="oc-342">
         <name>.debug_info</name>
         <load_address>0x12457</load_address>
         <run_address>0x12457</run_address>
         <size>0x103</size>
         <input_file_ref idref="fl-e3"/>
      </object_component>
      <object_component id="oc-119">
         <name>.debug_info</name>
         <load_address>0x1255a</load_address>
         <run_address>0x1255a</run_address>
         <size>0x2be</size>
         <input_file_ref idref="fl-e4"/>
      </object_component>
      <object_component id="oc-ba">
         <name>.debug_info</name>
         <load_address>0x12818</load_address>
         <run_address>0x12818</run_address>
         <size>0x113</size>
         <input_file_ref idref="fl-e4"/>
      </object_component>
      <object_component id="oc-112">
         <name>.debug_info</name>
         <load_address>0x1292b</load_address>
         <run_address>0x1292b</run_address>
         <size>0x21f</size>
         <input_file_ref idref="fl-e4"/>
      </object_component>
      <object_component id="oc-b5">
         <name>.debug_info</name>
         <load_address>0x12b4a</load_address>
         <run_address>0x12b4a</run_address>
         <size>0x300</size>
         <input_file_ref idref="fl-e5"/>
      </object_component>
      <object_component id="oc-6d">
         <name>.debug_info</name>
         <load_address>0x12e4a</load_address>
         <run_address>0x12e4a</run_address>
         <size>0x167</size>
         <input_file_ref idref="fl-e5"/>
      </object_component>
      <object_component id="oc-10a">
         <name>.debug_info</name>
         <load_address>0x12fb1</load_address>
         <run_address>0x12fb1</run_address>
         <size>0x5e</size>
         <input_file_ref idref="fl-e5"/>
      </object_component>
      <object_component id="oc-ad">
         <name>.debug_info</name>
         <load_address>0x1300f</load_address>
         <run_address>0x1300f</run_address>
         <size>0x483</size>
         <input_file_ref idref="fl-e6"/>
      </object_component>
      <object_component id="oc-67">
         <name>.debug_info</name>
         <load_address>0x13492</load_address>
[...]
         <object_component_ref idref="oc-e3"/>
      </symbol>
      <symbol id="sm-327">
         <name>_ZN10SerialPort7AddHookEPFvPhPtE</name>
         <value>0x2c63</value>
         <object_component_ref idref="oc-e3"/>
      </symbol>
      <symbol id="sm-328">
         <name>_ZN10SerialPortD1Ev</name>
         <value>0x2c81</value>
         <object_component_ref idref="oc-e3"/>
      </symbol>
      <symbol id="sm-329">
         <name>_ZN10SerialPort4SendEPKcz</name>
         <value>0x2c3b</value>
         <object_component_ref idref="oc-e3"/>
      </symbol>
      <symbol id="sm-32a">
         <name>_ZN10SerialPortC1Ev</name>
         <value>0x2c75</value>
         <object_component_ref idref="oc-e3"/>
      </symbol>
      <symbol id="sm-33b">
         <name>_c_int00</name>
         <value>0x37a9</value>
         <object_component_ref idref="oc-24"/>
      </symbol>
      <symbol id="sm-33c">
         <name>__stack</name>
         <value>0x2000026c</value>
         <object_component_ref idref="oc-2a"/>
      </symbol>
      <symbol id="sm-35a">
         <name>__TI_decompress_lzss</name>
         <value>0x368d</value>
         <object_component_ref idref="oc-12"/>
      </symbol>
      <symbol id="sm-371">
         <name>__TI_decompress_none</name>
         <value>0x3e43</value>
         <object_component_ref idref="oc-18"/>
      </symbol>
      <symbol id="sm-383">
         <name>__TI_zero_init</name>
         <value>0x3e5d</value>
         <object_component_ref idref="oc-1e"/>
      </symbol>
      <symbol id="sm-391">
         <name>_ZdlPv</name>
         <value>0x3eb5</value>
         <object_component_ref idref="oc-1cd"/>
      </symbol>
      <symbol id="sm-3c9">
         <name>__dso_handle</name>
         <value>0x20033d38</value>
      </symbol>
      <symbol id="sm-3ca">
         <name>__aeabi_atexit</name>
         <value>0x31ab</value>
         <object_component_ref idref="oc-147"/>
      </symbol>
      <symbol id="sm-3cb">
         <name>__cxa_atexit</name>
         <value>0x3159</value>
         <object_component_ref idref="oc-147"/>
      </symbol>
      <symbol id="sm-3cc">
         <name>__cxa_finalize</name>
         <value>0x3111</value>
         <object_component_ref idref="oc-147"/>
      </symbol>
      <symbol id="sm-3cd">
         <name>atexit</name>
         <value>0x319d</value>
         <object_component_ref idref="oc-147"/>
      </symbol>
      <symbol id="sm-3ce">
         <name>__cxa_ia64_exit</name>
         <value>0x3153</value>
         <object_component_ref idref="oc-147"/>
      </symbol>
      <symbol id="sm-436">
         <name>powf</name>
         <value>0xf65</value>
         <object_component_ref idref="oc-32b"/>
      </symbol>
      <symbol id="sm-448">
         <name>sqrtf</name>
         <value>0x3bf9</value>
         <object_component_ref idref="oc-3da"/>
      </symbol>
      <symbol id="sm-450">
         <name>errno</name>
         <value>0x20033d74</value>
         <object_component_ref idref="oc-3e6"/>
      </symbol>
      <symbol id="sm-471">
         <name>C$$EXIT</name>
         <value>0x37fd</value>
         <object_component_ref idref="oc-72"/>
      </symbol>
      <symbol id="sm-472">
         <name>abort</name>
         <value>0x3801</value>
         <object_component_ref idref="oc-72"/>
      </symbol>
      <symbol id="sm-473">
         <name>exit</name>
         <value>0x3809</value>
         <object_component_ref idref="oc-72"/>
      </symbol>
      <symbol id="sm-474">
         <name>__TI_dtors_ptr</name>
         <value>0x20033d4c</value>
         <object_component_ref idref="oc-b6"/>
      </symbol>
      <symbol id="sm-475">
         <name>__TI_cleanup_ptr</name>
         <value>0x20033d48</value>
         <object_component_ref idref="oc-b6"/>
      </symbol>
      <symbol id="sm-476">
         <name>__TI_enable_exit_profile_output</name>
         <value>0x20033d50</value>
         <object_component_ref idref="oc-b6"/>
      </symbol>
      <symbol id="sm-48a">
         <name>__aeabi_ddiv</name>
         <value>0x2cb9</value>
         <object_component_ref idref="oc-20d"/>
      </symbol>
      <symbol id="sm-495">
         <name>__aeabi_dmul</name>
         <value>0x2f21</value>
         <object_component_ref idref="oc-208"/>
      </symbol>
      <symbol id="sm-4a1">
         <name>__aeabi_d2f</name>
         <value>0x34e1</value>
         <object_component_ref idref="oc-212"/>
      </symbol>
      <symbol id="sm-4ac">
         <name>__aeabi_f2d</name>
         <value>0x3ac9</value>
         <object_component_ref idref="oc-203"/>
      </symbol>
      <symbol id="sm-4c0">
         <name>__cxa_guard_release</name>
         <value>0x3c61</value>
         <object_component_ref idref="oc-141"/>
      </symbol>
      <symbol id="sm-4c1">
         <name>__cxa_guard_abort</name>
         <value>0x3c77</value>
         <object_component_ref idref="oc-141"/>
      </symbol>
      <symbol id="sm-4c2">
         <name>__cxa_guard_acquire</name>
         <value>0x3c6b</value>
         <object_component_ref idref="oc-141"/>
      </symbol>
      <symbol id="sm-4d1">
         <name>isdigit</name>
         <value>0x3df9</value>
         <object_component_ref idref="oc-1d3"/>
      </symbol>
      <symbol id="sm-4ec">
         <name>memcpy</name>
         <value>0x32d9</value>
         <object_component_ref idref="oc-42"/>
      </symbol>
      <symbol id="sm-4ed">
         <name>__aeabi_memcpy</name>
         <value>0x32d9</value>
         <object_component_ref idref="oc-42"/>
      </symbol>
      <symbol id="sm-4ee">
         <name>__aeabi_memcpy8</name>
         <value>0x32d9</value>
         <object_component_ref idref="oc-42"/>
      </symbol>
      <symbol id="sm-4ef">
         <name>__aeabi_memcpy4</name>
         <value>0x32d9</value>
         <object_component_ref idref="oc-42"/>
      </symbol>
      <symbol id="sm-563">
         <name>_sys_memory</name>
         <value>0x20030fb0</value>
         <object_component_ref idref="oc-2b"/>
      </symbol>
      <symbol id="sm-564">
         <name>free</name>
         <value>0x1e47</value>
         <object_component_ref idref="oc-242"/>
      </symbol>
      <symbol id="sm-565">
         <name>realloc</name>
         <value>0x1f09</value>
         <object_component_ref idref="oc-242"/>
      </symbol>
      <symbol id="sm-566">
         <name>memalign</name>
         <value>0x2011</value>
         <object_component_ref idref="oc-242"/>
      </symbol>
      <symbol id="sm-567">
         <name>calloc</name>
         <value>0x20fd</value>
         <object_component_ref idref="oc-242"/>
      </symbol>
      <symbol id="sm-568">
         <name>malloc</name>
         <value>0x1ddd</value>
         <object_component_ref idref="oc-242"/>
      </symbol>
      <symbol id="sm-569">
         <name>minit</name>
         <value>0x1d5d</value>
         <object_component_ref idref="oc-242"/>
      </symbol>
      <symbol id="sm-578">
         <name>__aeabi_memset</name>
         <value>0x33f7</value>
         <object_component_ref idref="oc-4e"/>
      </symbol>
      <symbol id="sm-579">
         <name>memset</name>
         <value>0x33fd</value>
         <object_component_ref idref="oc-4e"/>
      </symbol>
      <symbol id="sm-57a">
         <name>__aeabi_memset8</name>
         <value>0x33f7</value>
         <object_component_ref idref="oc-4e"/>
      </symbol>
      <symbol id="sm-57b">
         <name>__aeabi_memset4</name>
         <value>0x33f7</value>
         <object_component_ref idref="oc-4e"/>
      </symbol>
      <symbol id="sm-57c">
         <name>__aeabi_memclr8</name>
         <value>0x33f5</value>
         <object_component_ref idref="oc-4e"/>
      </symbol>
      <symbol id="sm-57d">
         <name>__aeabi_memclr4</name>
         <value>0x33f5</value>
         <object_component_ref idref="oc-4e"/>
      </symbol>
      <symbol id="sm-57e">
         <name>__aeabi_memclr</name>
         <value>0x33f5</value>
         <object_component_ref idref="oc-4e"/>
      </symbol>
      <symbol id="sm-588">
         <name>__mpu_init</name>
         <value>0x3a0f</value>
         <object_component_ref idref="oc-5a"/>
      </symbol>
      <symbol id="sm-59f">
         <name>_Znwj</name>
         <value>0x3b9d</value>
         <object_component_ref idref="oc-1c7"/>
      </symbol>
      <symbol id="sm-5a9">
         <name>_Z21__default_new_handlerv</name>
         <value>0x3bf7</value>
         <object_component_ref idref="oc-344"/>
      </symbol>
      <symbol id="sm-5b3">
         <name>_system_pre_init</name>
         <value>0x3ee3</value>
         <object_component_ref idref="oc-60"/>
      </symbol>
      <symbol id="sm-5bd">
         <name>lroundf</name>
         <value>0x3e09</value>
         <object_component_ref idref="oc-1d9"/>
      </symbol>
      <symbol id="sm-5cc">
         <name>roundf</name>
         <value>0x354f</value>
         <object_component_ref idref="oc-358"/>
      </symbol>
      <symbol id="sm-5ee">
         <name>scalbnf</name>
         <value>0x3205</value>
         <object_component_ref idref="oc-3e0"/>
      </symbol>
      <symbol id="sm-5ef">
         <name>ldexpf</name>
         <value>0x3205</value>
         <object_component_ref idref="oc-3e0"/>
      </symbol>
      <symbol id="sm-5f7">
         <name>main_func_sp</name>
         <value>0x20033d78</value>
         <object_component_ref idref="oc-78"/>
      </symbol>
      <symbol id="sm-607">
         <name>strcat</name>
         <value>0x3cbd</value>
         <object_component_ref idref="oc-1ad"/>
      </symbol>
      <symbol id="sm-61a">
         <name>strstr</name>
         <value>0x3b69</value>
         <object_component_ref idref="oc-1c1"/>
      </symbol>
      <symbol id="sm-629">
         <name>__aeabi_uidivmod</name>
         <value>0x3a51</value>
         <object_component_ref idref="oc-286"/>
      </symbol>
      <symbol id="sm-62a">
         <name>__aeabi_uidiv</name>
         <value>0x3a51</value>
         <object_component_ref idref="oc-286"/>
      </symbol>
      <symbol id="sm-632">
         <name>_new_handler</name>
         <value>0x20033d7c</value>
         <object_component_ref idref="oc-341"/>
      </symbol>
      <symbol id="sm-64b">
         <name>_nop</name>
         <value>0x3d8b</value>
         <object_component_ref idref="oc-111"/>
      </symbol>
      <symbol id="sm-64c">
         <name>_lock</name>
         <value>0x20033d60</value>
         <object_component_ref idref="oc-b9"/>
      </symbol>
      <symbol id="sm-64d">
         <name>_unlock</name>
         <value>0x20033d64</value>
         <object_component_ref idref="oc-b9"/>
      </symbol>
      <symbol id="sm-64e">
         <name>_register_lock</name>
         <value>0x3d83</value>
         <object_component_ref idref="oc-111"/>
      </symbol>
      <symbol id="sm-64f">
         <name>_register_unlock</name>
         <value>0x3d7d</value>
         <object_component_ref idref="oc-111"/>
      </symbol>
      <symbol id="sm-663">
         <name>_args_main</name>
         <value>0x3d3d</value>
         <object_component_ref idref="oc-6c"/>
      </symbol>
      <symbol id="sm-68d">
         <name>__TI_auto_init</name>
         <value>0x3471</value>
         <object_component_ref idref="oc-66"/>
      </symbol>
      <symbol id="sm-6a7">
         <name>copy_in</name>
         <value>0x38ed</value>
         <object_component_ref idref="oc-a0"/>
      </symbol>
      <symbol id="sm-6b2">
         <name>_ctypes_</name>
         <value>0x4098</value>
         <object_component_ref idref="oc-353"/>
      </symbol>
      <symbol id="sm-6bc">
         <name>__aeabi_idiv0</name>
         <value>0x346f</value>
         <object_component_ref idref="oc-3a3"/>
      </symbol>
      <symbol id="sm-6c9">
         <name>copysignf</name>
         <value>0x3db5</value>
         <object_component_ref idref="oc-42f"/>
      </symbol>
      <symbol id="sm-6e1">
         <name>floorf</name>
         <value>0x3375</value>
         <object_component_ref idref="oc-404"/>
      </symbol>
      <symbol id="sm-6eb">
         <name>_system_post_cinit</name>
         <value>0x3cf3</value>
         <object_component_ref idref="oc-a6"/>
      </symbol>
      <symbol id="sm-701">
         <name>FPUStackingEnable</name>
         <value>0x3d55</value>
         <object_component_ref idref="oc-1f7"/>
      </symbol>
      <symbol id="sm-702">
         <name>FPUEnable</name>
         <value>0x3dc9</value>
         <object_component_ref idref="oc-1f1"/>
      </symbol>
      <symbol id="sm-74c">
         <name>GPIOPinConfigure</name>
         <value>0x3939</value>
         <object_component_ref idref="oc-153"/>
      </symbol>
      <symbol id="sm-74d">
         <name>GPIOPinTypeUART</name>
         <value>0x3d91</value>
         <object_component_ref idref="oc-15f"/>
      </symbol>
      <symbol id="sm-74e">
         <name>GPIOPinTypeGPIOOutput</name>
         <value>0x3cdb</value>
         <object_component_ref idref="oc-2c0"/>
      </symbol>
      <symbol id="sm-74f">
         <name>GPIOPinRead</name>
         <value>0x3ebd</value>
         <object_component_ref idref="oc-2de"/>
      </symbol>
      <symbol id="sm-750">
         <name>GPIODirModeSet</name>
         <value>0x3bcd</value>
         <object_component_ref idref="oc-25e"/>
      </symbol>
      <symbol id="sm-751">
         <name>GPIOPinWrite</name>
         <value>0x3ec3</value>
         <object_component_ref idref="oc-2c6"/>
      </symbol>
      <symbol id="sm-752">
         <name>GPIOPadConfigSet</name>
         <value>0x2def</value>
         <object_component_ref idref="oc-264"/>
      </symbol>
      <symbol id="sm-7b9">
         <name>IntEnable</name>
         <value>0x3625</value>
         <object_component_ref idref="oc-17d"/>
      </symbol>
      <symbol id="sm-7ba">
         <name>IntDisable</name>
         <value>0x35bd</value>
         <object_component_ref idref="oc-2d8"/>
      </symbol>
      <symbol id="sm-7bb">
         <name>IntRegister</name>
         <value>0x3b01</value>
         <object_component_ref idref="oc-29d"/>
      </symbol>
      <symbol id="sm-7bc">
         <name>g_pfnRAMVectors</name>
         <value>0x20000000</value>
         <object_component_ref idref="oc-3b6"/>
      </symbol>
      <symbol id="sm-7bd">
         <name>IntMasterEnable</name>
         <value>0x3dd9</value>
         <object_component_ref idref="oc-183"/>
      </symbol>
      <symbol id="sm-7be">
         <name>IntPendSet</name>
         <value>0x3755</value>
         <object_component_ref idref="oc-31a"/>
      </symbol>
      <symbol id="sm-7d3">
         <name>PWMPulseWidthSet</name>
         <value>0x3c9f</value>
         <object_component_ref idref="oc-218"/>
      </symbol>
      <symbol id="sm-7d4">
         <name>PWMPulseWidthGet</name>
         <value>0x3c81</value>
         <object_component_ref idref="oc-21e"/>
      </symbol>
      <symbol id="sm-868">
         <name>SysCtlPeripheralPresent</name>
         <value>0x3a91</value>
         <object_component_ref idref="oc-26b"/>
      </symbol>
      <symbol id="sm-869">
         <name>SysCtlDelay</name>
         <value>0x3ec9</value>
         <object_component_ref idref="oc-217"/>
      </symbol>
      <symbol id="sm-86a">
         <name>SysCtlPeripheralEnable</name>
         <value>0x3b35</value>
         <object_component_ref idref="oc-14d"/>
      </symbol>
      <symbol id="sm-86b">
         <name>SysCtlReset</name>
         <value>0x3de9</value>
         <object_component_ref idref="oc-1fd"/>
      </symbol>
      <symbol id="sm-86c">
         <name>SysCtlClockFreqSet</name>
         <value>0x2949</value>
         <object_component_ref idref="oc-1eb"/>
      </symbol>
      <symbol id="sm-86d">
         <name>SysCtlPeripheralReset</name>
         <value>0x3851</value>
         <object_component_ref idref="oc-2cc"/>
      </symbol>
      <symbol id="sm-8da">
         <name>TimerLoadSet</name>
         <value>0x3da3</value>
         <object_component_ref idref="oc-302"/>
      </symbol>
      <symbol id="sm-8db">
         <name>TimerDisable</name>
         <value>0x3cf5</value>
         <object_component_ref idref="oc-2fc"/>
      </symbol>
      <symbol id="sm-8dc">
         <name>TimerIntRegister</name>
         <value>0x3d0d</value>
         <object_component_ref idref="oc-2f0"/>
      </symbol>
      <symbol id="sm-8dd">
         <name>TimerEnable</name>
         <value>0x3e19</value>
         <object_component_ref idref="oc-308"/>
      </symbol>
      <symbol id="sm-8de">
         <name>TimerIntStatus</name>
         <value>0x3e75</value>
         <object_component_ref idref="oc-30e"/>
      </symbol>
      <symbol id="sm-8df">
         <name>TimerIntEnable</name>
         <value>0x3e9d</value>
         <object_component_ref idref="oc-2f6"/>
      </symbol>
      <symbol id="sm-8e0">
         <name>TimerConfigure</name>
         <value>0x36f5</value>
         <object_component_ref idref="oc-2ea"/>
      </symbol>
      <symbol id="sm-8e1">
         <name>TimerIntClear</name>
         <value>0x3edb</value>
         <object_component_ref idref="oc-314"/>
      </symbol>
      <symbol id="sm-97b">
         <name>UARTConfigSetExpClk</name>
         <value>0x39c9</value>
         <object_component_ref idref="oc-271"/>
      </symbol>
      <symbol id="sm-97c">
         <name>UARTDisable</name>
         <value>0x3c21</value>
         <object_component_ref idref="oc-2d2"/>
      </symbol>
      <symbol id="sm-97d">
         <name>UARTBusy</name>
         <value>0x3ea5</value>
         <object_component_ref idref="oc-1df"/>
      </symbol>
      <symbol id="sm-97e">
         <name>UARTIntEnable</name>
         <value>0x3ead</value>
         <object_component_ref idref="oc-171"/>
      </symbol>
      <symbol id="sm-97f">
         <name>UARTCharsAvail</name>
         <value>0x3e35</value>
         <object_component_ref idref="oc-13b"/>
      </symbol>
      <symbol id="sm-980">
         <name>UARTCharGetNonBlocking</name>
         <value>0x3e27</value>
         <object_component_ref idref="oc-1a5"/>
      </symbol>
      <symbol id="sm-981">
         <name>UARTClockSourceSet</name>
         <value>0x3ecf</value>
         <object_component_ref idref="oc-159"/>
      </symbol>
      <symbol id="sm-982">
         <name>UARTCharPut</name>
         <value>0x3e89</value>
         <object_component_ref idref="oc-135"/>
      </symbol>
      <symbol id="sm-983">
         <name>UARTEnable</name>
         <value>0x3d69</value>
         <object_component_ref idref="oc-277"/>
      </symbol>
      <symbol id="sm-984">
         <name>UARTIntClear</name>
         <value>0x3edf</value>
         <object_component_ref idref="oc-129"/>
      </symbol>
      <symbol id="sm-985">
         <name>UARTIntStatus</name>
         <value>0x3e93</value>
         <object_component_ref idref="oc-2e4"/>
      </symbol>
      <symbol id="sm-986">
         <name>UARTCharGet</name>
         <value>0x3e7f</value>
         <object_component_ref idref="oc-12f"/>
      </symbol>
      <symbol id="sm-987">
         <name>UARTFIFOLevelSet</name>
         <value>0x3ed5</value>
         <object_component_ref idref="oc-16b"/>
      </symbol>
      <symbol id="sm-988">
         <name>UARTIntRegister</name>
         <value>0x3d25</value>
         <object_component_ref idref="oc-177"/>
      </symbol>
      <symbol id="sm-992">
         <name>CPUcpsie</name>
         <value>0x3e51</value>
         <object_component_ref idref="oc-2a9"/>
      </symbol>
      <symbol id="sm-993">
         <name>__TI_static_base__</name>
         <value>0x0</value>
      </symbol>
      <symbol id="sm-996">
         <name>SHT$$INIT_ARRAY$$Limit</name>
         <value>0x0</value>
      </symbol>
      <symbol id="sm-997">
         <name>SHT$$INIT_ARRAY$$Base</name>
         <value>0x0</value>
      </symbol>
   </symbol_table>
   <title>Link successful</title>
</link_info>
