******************************************************************************
                  TI ARM Linker Unix v16.9.3                   
******************************************************************************
>> Linked Sun Jan 28 00:06:27 2018

OUTPUT FILE NAME:   <tm4c_esp8266.out>
ENTRY POINT SYMBOL: "_c_int00"  address: 000037b9


MEMORY CONFIGURATION

         name            origin    length      used     unused   attr    fill
----------------------  --------  ---------  --------  --------  ----  --------
  FLASH                 00000000   00100000  0000450e  000fbaf2  R  X
  SRAM                  20000000   00040000  00033d7c  0000c284  RW X


SEGMENT ALLOCATION MAP

run origin  load origin   length   init length attrs members
----------  ----------- ---------- ----------- ----- -------
00000000    00000000    00004510   00004510    r-x
  00000000    00000000    00000208   00000208    r-- .intvecs
  00000208    00000208    00003cee   00003cee    r-x .text
  00003ef8    00003ef8    000005c0   000005c0    r-- .const
  000044b8    000044b8    00000058   00000058    r-- .cinit
20000000    20000000    00033d83   00000000    rw-
  20000000    20000000    0000026c   00000000    rw- .vtable
  2000026c    2000026c    00030d40   00000000    rw- .stack
  20030fb0    20030fb0    00001f40   00000000    rw- .sysmem
  20032ef0    20032ef0    00000e55   00000000    rw- .bss
  20033d48    20033d48    0000003b   00000000    rw- .data


SECTION ALLOCATION MAP

 output                                  attributes/
section   page    origin      length       input sections
--------  ----  ----------  ----------   ----------------
.intvecs   0    00000000    00000208     
                  00000000    00000208     tm4c1294ncpdt_startup_ccs.obj (.intvecs)

.text      0    00000208    00003cee     
                  00000208    00000d5c     esp8266.obj (.text)
                  00000f64    00000588     rtsv7M4_T_le_v4SPD16_eabi.lib : e_powf.obj (.text)
                  000014ec    0000049c     uartstdio.obj (.text)
                  00001988    000003d4     myLib.obj (.text)
                  00001d5c    000003d0     rtsv7M4_T_le_v4SPD16_eabi.lib : memory.obj (.text)
                  0000212c    00000300     main.obj (.text)
                  0000242c    000002f8     espClient.obj (.text)
                  00002724    00000234     hal_esp_tm4c.obj (.text)
                  00002958    00000200     driverlib.lib : sysctl.obj (.text:SysCtlClockFreqSet)
                  00002b58    00000170     uartHW.obj (.text)
                  00002cc8    00000136     rtsv7M4_T_le_v4SPD16_eabi.lib : fd_div_t2.obj (.text)
                  00002dfe    00000132     driverlib.lib : gpio.obj (.text:GPIOPadConfigSet)
                  00002f30    000000fc     rtsv7M4_T_le_v4SPD16_eabi.lib : fd_mul_t2.obj (.text)
                  0000302c    000000f4     hal_common_tm4c.obj (.text)
                  00003120    000000f4     rtsv7M4_T_le_v4SPD16_eabi.lib : dtor_list.obj (.text)
                  00003214    000000d4                                   : s_scalbnf.obj (.text)
                  000032e8    0000009c                                   : memcpy_t2.obj (.text)
                  00003384    00000080                                   : s_floorf.obj (.text)
                  00003404    0000007a                                   : memset_t2.obj (.text)
                  0000347e    00000002                                   : i_div0.obj (.text)
                  00003480    00000070                                   : autoinit.obj (.text)
                  000034f0    0000006e                                   : fd_tos_t2.obj (.text)
                  0000355e    0000006e                                   : s_roundf.obj (.text)
                  000035cc    00000068     driverlib.lib : interrupt.obj (.text:IntDisable)
                  00003634    00000068                   : interrupt.obj (.text:IntEnable)
                  0000369c    00000068     rtsv7M4_T_le_v4SPD16_eabi.lib : copy_decompress_lzss.obj (.text:decompress:lzss)
                  00003704    00000060     driverlib.lib : timer.obj (.text:TimerConfigure)
                  00003764    00000054                   : interrupt.obj (.text:IntPendSet)
                  000037b8    00000054     rtsv7M4_T_le_v4SPD16_eabi.lib : boot.obj (.text)
                  0000380c    00000054                                   : exit.obj (.text)
                  00003860    00000050     driverlib.lib : sysctl.obj (.text:SysCtlPeripheralReset)
                  000038b0    0000004c                   : timer.obj (.text:_TimerIntNumberGet)
                  000038fc    0000004c     rtsv7M4_T_le_v4SPD16_eabi.lib : cpy_tbl.obj (.text)
                  00003948    00000048     driverlib.lib : gpio.obj (.text:GPIOPinConfigure)
                  00003990    00000048                   : sysctl.obj (.text:_SysCtlFrequencyGet)
                  000039d8    00000046                   : uart.obj (.text:UARTConfigSetExpClk)
                  00003a1e    00000002     rtsv7M4_T_le_v4SPD16_eabi.lib : mpu_init.obj (.text)
                  00003a20    00000040     driverlib.lib : uart.obj (.text:_UARTIntNumberGet)
                  00003a60    00000040     rtsv7M4_T_le_v4SPD16_eabi.lib : u_divt2.obj (.text)
                  00003aa0    00000038     driverlib.lib : sysctl.obj (.text:SysCtlPeripheralPresent)
                  00003ad8    00000038     rtsv7M4_T_le_v4SPD16_eabi.lib : fs_tod_t2.obj (.text)
                  00003b10    00000034     driverlib.lib : interrupt.obj (.text:IntRegister)
                  00003b44    00000034                   : sysctl.obj (.text:SysCtlPeripheralEnable)
                  00003b78    00000034     rtsv7M4_T_le_v4SPD16_eabi.lib : strstr.obj (.text)
                  00003bac    00000030                                   : new_.obj (.text)
                  00003bdc    0000002a     driverlib.lib : gpio.obj (.text:GPIODirModeSet)
                  00003c06    00000002     rtsv7M4_T_le_v4SPD16_eabi.lib : newhandler.obj (.text)
                  00003c08    00000028                                   : e_sqrtf.obj (.text)
                  00003c30    00000020     driverlib.lib : uart.obj (.text:UARTDisable)
                  00003c50    00000020                   : sysctl.obj (.text:_SysCtlMemTimingGet)
                  00003c70    00000020     rtsv7M4_T_le_v4SPD16_eabi.lib : guard.obj (.text)
                  00003c90    0000001e     driverlib.lib : pwm.obj (.text:PWMPulseWidthGet)
                  00003cae    0000001e                   : pwm.obj (.text:PWMPulseWidthSet)
                  00003ccc    0000001e     rtsv7M4_T_le_v4SPD16_eabi.lib : strcat.obj (.text)
                  00003cea    00000018     driverlib.lib : gpio.obj (.text:GPIOPinTypeGPIOOutput)
                  00003d02    00000002     rtsv7M4_T_le_v4SPD16_eabi.lib : startup.obj (.text)
                  00003d04    00000018     driverlib.lib : timer.obj (.text:TimerDisable)
                  00003d1c    00000018                   : timer.obj (.text:TimerIntRegister)
                  00003d34    00000018                   : uart.obj (.text:UARTIntRegister)
                  00003d4c    00000018     rtsv7M4_T_le_v4SPD16_eabi.lib : args_main.obj (.text)
                  00003d64    00000014     driverlib.lib : fpu.obj (.text:FPUStackingEnable)
                  00003d78    00000014                   : uart.obj (.text:UARTEnable)
                  00003d8c    00000014     rtsv7M4_T_le_v4SPD16_eabi.lib : _lock.obj (.text)
                  00003da0    00000012     driverlib.lib : gpio.obj (.text:GPIOPinTypeUART)
                  00003db2    00000012                   : timer.obj (.text:TimerLoadSet)
                  00003dc4    00000012     rtsv7M4_T_le_v4SPD16_eabi.lib : s_copysignf.obj (.text)
                  00003dd6    00000002     --HOLE-- [fill = 0]
                  00003dd8    00000010     driverlib.lib : fpu.obj (.text:FPUEnable)
                  00003de8    00000010                   : interrupt.obj (.text:IntMasterEnable)
                  00003df8    00000010                   : sysctl.obj (.text:SysCtlReset)
                  00003e08    00000010     rtsv7M4_T_le_v4SPD16_eabi.lib : isdigit.obj (.text)
                  00003e18    00000010                                   : s_lroundf.obj (.text)
                  00003e28    0000000e     driverlib.lib : timer.obj (.text:TimerEnable)
                  00003e36    0000000e                   : uart.obj (.text:UARTCharGetNonBlocking)
                  00003e44    0000000e                   : uart.obj (.text:UARTCharsAvail)
                  00003e52    0000000e     rtsv7M4_T_le_v4SPD16_eabi.lib : copy_decompress_none.obj (.text:decompress:none)
                  00003e60    0000000c     driverlib.lib : cpu.obj (.text:CPUcpsie)
                  00003e6c    0000000c     rtsv7M4_T_le_v4SPD16_eabi.lib : copy_zero_init.obj (.text:decompress:ZI)
                  00003e78    0000000c     tm4c1294ncpdt_startup_ccs.obj (.text)
                  00003e84    0000000a     driverlib.lib : timer.obj (.text:TimerIntStatus)
                  00003e8e    0000000a                   : uart.obj (.text:UARTCharGet)
                  00003e98    0000000a                   : uart.obj (.text:UARTCharPut)
                  00003ea2    0000000a                   : uart.obj (.text:UARTIntStatus)
                  00003eac    00000008                   : timer.obj (.text:TimerIntEnable)
                  00003eb4    00000008                   : uart.obj (.text:UARTBusy)
                  00003ebc    00000008                   : uart.obj (.text:UARTIntEnable)
                  00003ec4    00000008     rtsv7M4_T_le_v4SPD16_eabi.lib : delete.obj (.text)
                  00003ecc    00000006     driverlib.lib : gpio.obj (.text:GPIOPinRead)
                  00003ed2    00000006                   : gpio.obj (.text:GPIOPinWrite)
                  00003ed8    00000006                   : sysctl.obj (.text:SysCtlDelay)
                  00003ede    00000006                   : uart.obj (.text:UARTClockSourceSet)
                  00003ee4    00000006                   : uart.obj (.text:UARTFIFOLevelSet)
                  00003eea    00000004                   : timer.obj (.text:TimerIntClear)
                  00003eee    00000004                   : uart.obj (.text:UARTIntClear)
                  00003ef2    00000004     rtsv7M4_T_le_v4SPD16_eabi.lib : pre_init.obj (.text)

.const     0    00003ef8    000005c0     
                  00003ef8    000001b0     driverlib.lib : sysctl.obj (.const:g_pppui32XTALtoVCO)
                  000040a8    00000101     rtsv7M4_T_le_v4SPD16_eabi.lib : ctype.obj (.const:.string:_ctypes_)
                  000041a9    00000003     --HOLE-- [fill = 0]
                  000041ac    00000090     driverlib.lib : gpio.obj (.const:g_pui32GPIOBaseAddrs)
                  0000423c    00000070                   : interrupt.obj (.const)
                  000042ac    0000006c                   : sysctl.obj (.const:g_pui32Xtals)
                  00004318    00000060                   : timer.obj (.const:g_ppui32TimerIntMap)
                  00004378    00000040                   : timer.obj (.const:g_ppui32TimerIntMapSnowflake)
                  000043b8    00000040                   : uart.obj (.const:g_ppui32UARTIntMap)
                  000043f8    00000040                   : uart.obj (.const:g_ppui32UARTIntMapSnowflake)
                  00004438    00000030                   : sysctl.obj (.const:g_sXTALtoMEMTIM)
                  00004468    00000018     rtsv7M4_T_le_v4SPD16_eabi.lib : e_powf.obj (.const:$O1$$)
                  00004480    00000012     uartstdio.obj (.const:.string)
                  00004492    00000002     --HOLE-- [fill = 0]
                  00004494    0000000c     uartstdio.obj (.const:g_ui32UARTBase)
                  000044a0    0000000c     uartstdio.obj (.const:g_ui32UARTPeriph)
                  000044ac    00000008     driverlib.lib : sysctl.obj (.const)
                  000044b4    00000004     uartstdio.obj (.const)

.cinit     0    000044b8    00000058     
                  000044b8    0000001d     (.cinit..data.load) [load image, compression = lzss]
                  000044d5    00000003     --HOLE-- [fill = 0]
                  000044d8    0000000c     (__TI_handler_table)
                  000044e4    00000004     --HOLE-- [fill = 0]
                  000044e8    00000008     (.cinit..bss.load) [load image, compression = zero_init]
                  000044f0    00000008     (.cinit..vtable.load) [load image, compression = zero_init]
                  000044f8    00000018     (__TI_cinit_table)

.init_array 
*          0    00000000    00000000     UNINITIALIZED

.vtable    0    20000000    0000026c     UNINITIALIZED
                  20000000    0000026c     driverlib.lib : interrupt.obj (.vtable)

.stack     0    2000026c    00030d40     UNINITIALIZED
                  2000026c    00030d40     --HOLE--

.sysmem    0    20030fb0    00001f40     UNINITIALIZED
                  20030fb0    00000008     rtsv7M4_T_le_v4SPD16_eabi.lib : memory.obj (.sysmem)
                  20030fb8    00001f38     --HOLE--

.bss       0    20032ef0    00000e55     UNINITIALIZED
                  20032ef0    00000800     (.common:_commBuf)
                  200336f0    00000400     esp8266.obj (.bss:rxBuffer$1)
                  20033af0    00000200     uartHW.obj (.bss:txBuffer$1)
                  20033cf0    00000038     esp8266.obj (.bss:_ZZN7ESP82664GetIEvE17singletonInstance)
                  20033d28    00000004     uartHW.obj (.bss:_ZZN10SerialPort4GetIEvE17singletonInstance)
                  20033d2c    00000004     esp8266.obj (.bss)
                  20033d30    00000004     hal_esp_tm4c.obj (.bss)
                  20033d34    00000004     uartHW.obj (.bss)
                  20033d38    00000004     (.common:__dso_handle)
                  20033d3c    00000004     (.common:g_intHandler)
                  20033d40    00000004     (.common:g_ui32SysClock)
                  20033d44    00000001     (.common:socketId)

.data      0    20033d48    0000003b     UNINITIALIZED
                  20033d48    0000000c     rtsv7M4_T_le_v4SPD16_eabi.lib : exit.obj (.data:$O1$$)
                  20033d54    0000000c                                   : memory.obj (.data:$O1$$)
                  20033d60    00000008                                   : _lock.obj (.data:$O1$$)
                  20033d68    00000005     uartstdio.obj (.data)
                  20033d6d    00000001     hal_esp_tm4c.obj (.data)
                  20033d6e    00000002     esp8266.obj (.data)
                  20033d70    00000004     rtsv7M4_T_le_v4SPD16_eabi.lib : dtor_list.obj (.data)
                  20033d74    00000004                                   : errno.obj (.data)
                  20033d78    00000004                                   : stkdepth_vars.obj (.data)
                  20033d7c    00000004                                   : vars.obj (.data)
                  20033d80    00000002     uartHW.obj (.data)
                  20033d82    00000001     main.obj (.data)

MODULE SUMMARY

       Module                          code    ro data   rw data
       ------                          ----    -------   -------
    ./
       uartstdio.obj                   1180    46        5      
       main.obj                        768     0         2      
       tm4c1294ncpdt_startup_ccs.obj   12      520       0      
    +--+-------------------------------+-------+---------+---------+
       Total:                          1960    566       7      
                                                                
    ./HAL/tm4c1294/
       hal_esp_tm4c.obj                564     0         9      
       hal_common_tm4c.obj             244     0         4      
    +--+-------------------------------+-------+---------+---------+
       Total:                          808     0         13     
                                                                
    ./esp8266/
       esp8266.obj                     3420    0         3134   
       espClient.obj                   760     0         0      
    +--+-------------------------------+-------+---------+---------+
       Total:                          4180    0         3134   
                                                                
    ./libs/
       myLib.obj                       980     0         0      
    +--+-------------------------------+-------+---------+---------+
       Total:                          980     0         0      
                                                                
    ./serialPort/
       uartHW.obj                      368     0         522    
    +--+-------------------------------+-------+---------+---------+
       Total:                          368     0         522    
                                                                
    /home/v125/Programming/ti/ccsv7/tools/compiler/ti-cgt-arm_16.9.3.LTS/lib/rtsv7M4_T_le_v4SPD16_eabi.lib
       e_powf.obj                      1416    24        0      
       memory.obj                      976     0         12     
       fd_div_t2.obj                   310     0         0      
       ctype.obj                       0       257       0      
       dtor_list.obj                   244     0         8      
       fd_mul_t2.obj                   252     0         0      
       s_scalbnf.obj                   212     0         0      
       memcpy_t2.obj                   156     0         0      
       s_floorf.obj                    128     0         0      
       memset_t2.obj                   122     0         0      
       autoinit.obj                    112     0         0      
       fd_tos_t2.obj                   110     0         0      
       s_roundf.obj                    110     0         0      
       copy_decompress_lzss.obj        104     0         0      
       exit.obj                        84      0         12     
       boot.obj                        84      0         0      
       cpy_tbl.obj                     76      0         0      
       u_divt2.obj                     64      0         0      
       fs_tod_t2.obj                   56      0         0      
       strstr.obj                      52      0         0      
       new_.obj                        48      0         0      
       e_sqrtf.obj                     40      0         0      
       guard.obj                       32      0         0      
       strcat.obj                      30      0         0      
       _lock.obj                       20      0         8      
       args_main.obj                   24      0         0      
       s_copysignf.obj                 18      0         0      
       isdigit.obj                     16      0         0      
       s_lroundf.obj                   16      0         0      
       copy_decompress_none.obj        14      0         0      
       copy_zero_init.obj              12      0         0      
       delete.obj                      8       0         0      
       errno.obj                       0       0         4      
       pre_init.obj                    4       0         0      
       stkdepth_vars.obj               0       0         4      
       vars.obj                        0       0         4      
       i_div0.obj                      2       0         0      
       mpu_init.obj                    2       0         0      
       newhandler.obj                  2       0         0      
       startup.obj                     2       0         0      
    +--+-------------------------------+-------+---------+---------+
       Total:                          4958    281       52     
                                                                
    /media/v125/shared/Programming/ti/TivaWare_C_Series-2.1.4.178/driverlib/ccs/Debug/driverlib.lib
       sysctl.obj                      826     596       0      
       interrupt.obj                   360     112       620    
       gpio.obj                        474     144       0      
       timer.obj                       274     160       0      
       uart.obj                        300     128       0      
       pwm.obj                         60      0         0      
       fpu.obj                         36      0         0      
       cpu.obj                         12      0         0      
    +--+-------------------------------+-------+---------+---------+
       Total:                          2342    1140      620    
                                                                
       Heap:                           0       0         8000   
       Stack:                          0       0         200000 
       Linker Generated:               0       81        0      
    +--+-------------------------------+-------+---------+---------+
       Grand Total:                    15596   2068      212348 


LINKER GENERATED COPY TABLES

__TI_cinit_table @ 000044f8 records: 3, size/record: 8, table size: 24
	.data: load addr=000044b8, load size=0000001d bytes, run addr=20033d48, run size=0000003b bytes, compression=lzss
	.bss: load addr=000044e8, load size=00000008 bytes, run addr=20032ef0, run size=00000e55 bytes, compression=zero_init
	.vtable: load addr=000044f0, load size=00000008 bytes, run addr=20000000, run size=0000026c bytes, compression=zero_init


LINKER GENERATED HANDLER TABLE

__TI_handler_table @ 000044d8 records: 3, size/record: 4, table size: 12
	index: 0, handler: __TI_zero_init
	index: 1, handler: __TI_decompress_lzss
	index: 2, handler: __TI_decompress_none


GLOBAL SYMBOLS: SORTED ALPHABETICALLY BY Name 

address   name                            
-------   ----                            
0000380d  C$$EXIT                         
00003e61  CPUcpsie                        
00003dd9  FPUEnable                       
00003d65  FPUStackingEnable               
00003bdd  GPIODirModeSet                  
00002dff  GPIOPadConfigSet                
00003949  GPIOPinConfigure                
00003ecd  GPIOPinRead                     
00003ceb  GPIOPinTypeGPIOOutput           
00003da1  GPIOPinTypeUART                 
00003ed3  GPIOPinWrite                    
00003037  HAL_BOARD_CLOCK_Init            
00003053  HAL_BOARD_Reset                 
0000305b  HAL_DelayUS                     
00002845  HAL_ESP_ClearInt                
000027d9  HAL_ESP_HWEnable                
00002725  HAL_ESP_InitPort                
0000285d  HAL_ESP_InitWD                  
00002829  HAL_ESP_IntEnable               
00002809  HAL_ESP_IsHWEnabled             
000027a7  HAL_ESP_RegisterIntHandler      
000028fd  HAL_ESP_WDClearInt              
00002895  HAL_ESP_WDControl               
000030f7  HAL_GetPWM                      
000030e5  HAL_SetPWM                      
000035cd  IntDisable                      
00003635  IntEnable                       
00003de9  IntMasterEnable                 
00003765  IntPendSet                      
00003b11  IntRegister                     
00003c91  PWMPulseWidthGet                
00003caf  PWMPulseWidthSet                
00003e79  ResetISR                        
UNDEFED   SHT$$INIT_ARRAY$$Base           
UNDEFED   SHT$$INIT_ARRAY$$Limit          
00002959  SysCtlClockFreqSet              
00003ed9  SysCtlDelay                     
00003b45  SysCtlPeripheralEnable          
00003aa1  SysCtlPeripheralPresent         
00003861  SysCtlPeripheralReset           
00003df9  SysCtlReset                     
00003705  TimerConfigure                  
00003d05  TimerDisable                    
00003e29  TimerEnable                     
00003eeb  TimerIntClear                   
00003ead  TimerIntEnable                  
00003d1d  TimerIntRegister                
00003e85  TimerIntStatus                  
00003db3  TimerLoadSet                    
00002b59  UART0RxIntHandler               
00003eb5  UARTBusy                        
00003e8f  UARTCharGet                     
00003e37  UARTCharGetNonBlocking          
00003e99  UARTCharPut                     
00003e45  UARTCharsAvail                  
00003edf  UARTClockSourceSet              
000039d9  UARTConfigSetExpClk             
00003c31  UARTDisable                     
00003d79  UARTEnable                      
00003ee5  UARTFIFOLevelSet                
00003eef  UARTIntClear                    
00003ebd  UARTIntEnable                   
00003d35  UARTIntRegister                 
00003ea3  UARTIntStatus                   
000014ed  UARTStdioConfig                 
00001633  UARTgetc                        
00001579  UARTgets                        
00001953  UARTprintf                      
00001659  UARTvprintf                     
00001533  UARTwrite                       
0000302d  UNUSED                          
000030cb  _TM4CMsToCycles                 
0000021b  _Z17UART7RxIntHandlerv          
00003c07  _Z21__default_new_handlerv      
00000209  _Z8ESPWDISRv                    
00002ba9  _ZN10SerialPort4GetIEv          
00002bd5  _ZN10SerialPort4GetPEv          
00002c4b  _ZN10SerialPort4SendEPKcz       
00002bdd  _ZN10SerialPort6InitHWEv        
00002c73  _ZN10SerialPort7AddHookEPFvPhPtE
00002c85  _ZN10SerialPortC1Ev             
00002c85  _ZN10SerialPortC2Ev             
00002c91  _ZN10SerialPortD1Ev             
00002c91  _ZN10SerialPortD2Ev             
00002675  _ZN10_espClient4DoneEv          
0000268d  _ZN10_espClient5CloseEv         
00002665  _ZN10_espClient5ReadyEv         
000026dd  _ZN10_espClient6_ClearEv        
0000260b  _ZN10_espClient7ReceiveEPcPt    
00002519  _ZN10_espClient7SendTCPEPct     
0000248d  _ZN10_espClientC1ERKS_          
00002459  _ZN10_espClientC1EhP7ESP8266    
0000242d  _ZN10_espClientC1Ev             
0000248d  _ZN10_espClientC2ERKS_          
00002459  _ZN10_espClientC2EhP7ESP8266    
0000242d  _ZN10_espClientC2Ev             
000024c9  _ZN10_espClientaSERKS_          
00000e89  _ZN7ESP826610_FlushUARTEv       
00000f41  _ZN7ESP826610_IDtoIndexEh       
000005b1  _ZN7ESP826611IsConnectedEv      
000007c1  _ZN7ESP826611OpenTCPSockEPctbh  
000008f9  _ZN7ESP826611ValidSocketEh      
000005c5  _ZN7ESP826612DisconnectAPEv     
00000707  _ZN7ESP826612ServerOpenedEv     
00000971  _ZN7ESP826613ParseResponseEPct  
000006c5  _ZN7ESP826613StopTCPServerEv    
00000e41  _ZN7ESP826613_RAWPortWriteEPKct 
0000061d  _ZN7ESP826614StartTCPServerEt   
00000755  _ZN7ESP826616GetClientByIndexEh 
0000077b  _ZN7ESP826617GetClientBySockIDEh
000003d3  _ZN7ESP82664GetIEv              
000003ff  _ZN7ESP82664GetPEv              
000005e9  _ZN7ESP82664MyIPEv              
000004b3  _ZN7ESP82666EnableEb            
00000407  _ZN7ESP82666InitHWEi            
000004db  _ZN7ESP82667AddHookEPFvhPKhtE   
00000eb3  _ZN7ESP82668_IPtoIntEPc         
00000d1f  _ZN7ESP82668_SendRAWEPKcjj      
000004f9  _ZN7ESP82669ConnectAPEPcS0_b    
000004d1  _ZN7ESP82669IsEnabledEv         
00000733  _ZN7ESP82669TCPListenEb         
00000e27  _ZN7ESP82669_InStatusEjj        
00000de5  _ZN7ESP8266C1Ev                 
00000de5  _ZN7ESP8266C2Ev                 
00000e17  _ZN7ESP8266D1Ev                 
00000e17  _ZN7ESP8266D2Ev                 
00003ec5  _ZdlPv                          
00003bad  _Znwj                           
20030fac  __STACK_END                     
00030d40  __STACK_SIZE                    
2000046c  __STACK_TOP                     
00001f40  __SYSMEM_SIZE                   
000044f8  __TI_CINIT_Base                 
00004510  __TI_CINIT_Limit                
000044d8  __TI_Handler_Table_Base         
000044e4  __TI_Handler_Table_Limit        
00003481  __TI_auto_init                  
20033d48  __TI_cleanup_ptr                
0000369d  __TI_decompress_lzss            
00003e53  __TI_decompress_none            
20033d4c  __TI_dtors_ptr                  
20033d50  __TI_enable_exit_profile_output 
ffffffff  __TI_pprof_out_hndl             
ffffffff  __TI_prof_data_size             
ffffffff  __TI_prof_data_start            
00000000  __TI_static_base__              
00003e6d  __TI_zero_init                  
000031bb  __aeabi_atexit                  
000034f1  __aeabi_d2f                     
00002cc9  __aeabi_ddiv                    
00002f31  __aeabi_dmul                    
00003ad9  __aeabi_f2d                     
0000347f  __aeabi_idiv0                   
00003405  __aeabi_memclr                  
00003405  __aeabi_memclr4                 
00003405  __aeabi_memclr8                 
000032e9  __aeabi_memcpy                  
000032e9  __aeabi_memcpy4                 
000032e9  __aeabi_memcpy8                 
00003407  __aeabi_memset                  
00003407  __aeabi_memset4                 
00003407  __aeabi_memset8                 
00003a61  __aeabi_uidiv                   
00003a61  __aeabi_uidivmod                
ffffffff  __binit__                       
ffffffff  __c_args__                      
00003169  __cxa_atexit                    
00003121  __cxa_finalize                  
00003c87  __cxa_guard_abort               
00003c7b  __cxa_guard_acquire             
00003c71  __cxa_guard_release             
00003163  __cxa_ia64_exit                 
20033d38  __dso_handle                    
00003a1f  __mpu_init                      
2000026c  __stack                         
00003d4d  _args_main                      
000037b9  _c_int00                        
20032ef0  _commBuf                        
000040a8  _ctypes_                        
20033d60  _lock                           
20033d7c  _new_handler                    
00003d9b  _nop                            
00003d93  _register_lock                  
00003d8d  _register_unlock                
20030fb0  _sys_memory                     
00003d03  _system_post_cinit              
00003ef3  _system_pre_init                
20033d64  _unlock                         
00003811  abort                           
000031ad  atexit                          
ffffffff  binit                           
000020fd  calloc                          
000038fd  copy_in                         
00003dc5  copysignf                       
20033d74  errno                           
00003819  exit                            
000019b3  finterpolatef                   
00003385  floorf                          
00001e47  free                            
20033d3c  g_intHandler                    
20000000  g_pfnRAMVectors                 
00000000  g_pfnVectors                    
20033d40  g_ui32SysClock                  
20033d82  gotData                         
00001989  interpolate                     
00003e09  isdigit                         
00001ca9  itoa                            
00003215  ldexpf                          
00003e19  lroundf                         
00002165  main                            
20033d78  main_func_sp                    
00001ddd  malloc                          
00002011  memalign                        
000032e9  memcpy                          
0000340d  memset                          
00001a03  min                             
00001d5d  minit                           
00000f65  powf                            
00001f09  realloc                         
0000355f  roundf                          
00003215  scalbnf                         
20033d44  socketId                        
00003c09  sqrtf                           
00001a1d  stof                            
00001b7b  stoi                            
00001c0f  stoiv                           
00003ccd  strcat                          
00003b79  strstr                          


GLOBAL SYMBOLS: SORTED BY Symbol Address 

address   name                            
-------   ----                            
00000000  __TI_static_base__              
00000000  g_pfnVectors                    
00000209  _Z8ESPWDISRv                    
0000021b  _Z17UART7RxIntHandlerv          
000003d3  _ZN7ESP82664GetIEv              
000003ff  _ZN7ESP82664GetPEv              
00000407  _ZN7ESP82666InitHWEi            
000004b3  _ZN7ESP82666EnableEb            
000004d1  _ZN7ESP82669IsEnabledEv         
000004db  _ZN7ESP82667AddHookEPFvhPKhtE   
000004f9  _ZN7ESP82669ConnectAPEPcS0_b    
000005b1  _ZN7ESP826611IsConnectedEv      
000005c5  _ZN7ESP826612DisconnectAPEv     
000005e9  _ZN7ESP82664MyIPEv              
0000061d  _ZN7ESP826614StartTCPServerEt   
000006c5  _ZN7ESP826613StopTCPServerEv    
00000707  _ZN7ESP826612ServerOpenedEv     
00000733  _ZN7ESP82669TCPListenEb         
00000755  _ZN7ESP826616GetClientByIndexEh 
0000077b  _ZN7ESP826617GetClientBySockIDEh
000007c1  _ZN7ESP826611OpenTCPSockEPctbh  
000008f9  _ZN7ESP826611ValidSocketEh      
00000971  _ZN7ESP826613ParseResponseEPct  
00000d1f  _ZN7ESP82668_SendRAWEPKcjj      
00000de5  _ZN7ESP8266C1Ev                 
00000de5  _ZN7ESP8266C2Ev                 
00000e17  _ZN7ESP8266D1Ev                 
00000e17  _ZN7ESP8266D2Ev                 
00000e27  _ZN7ESP82669_InStatusEjj        
00000e41  _ZN7ESP826613_RAWPortWriteEPKct 
00000e89  _ZN7ESP826610_FlushUARTEv       
00000eb3  _ZN7ESP82668_IPtoIntEPc         
00000f41  _ZN7ESP826610_IDtoIndexEh       
00000f65  powf                            
000014ed  UARTStdioConfig                 
00001533  UARTwrite                       
00001579  UARTgets                        
00001633  UARTgetc                        
00001659  UARTvprintf                     
00001953  UARTprintf                      
00001989  interpolate                     
000019b3  finterpolatef                   
00001a03  min                             
00001a1d  stof                            
00001b7b  stoi                            
00001c0f  stoiv                           
00001ca9  itoa                            
00001d5d  minit                           
00001ddd  malloc                          
00001e47  free                            
00001f09  realloc                         
00001f40  __SYSMEM_SIZE                   
00002011  memalign                        
000020fd  calloc                          
00002165  main                            
0000242d  _ZN10_espClientC1Ev             
0000242d  _ZN10_espClientC2Ev             
00002459  _ZN10_espClientC1EhP7ESP8266    
00002459  _ZN10_espClientC2EhP7ESP8266    
0000248d  _ZN10_espClientC1ERKS_          
0000248d  _ZN10_espClientC2ERKS_          
000024c9  _ZN10_espClientaSERKS_          
00002519  _ZN10_espClient7SendTCPEPct     
0000260b  _ZN10_espClient7ReceiveEPcPt    
00002665  _ZN10_espClient5ReadyEv         
00002675  _ZN10_espClient4DoneEv          
0000268d  _ZN10_espClient5CloseEv         
000026dd  _ZN10_espClient6_ClearEv        
00002725  HAL_ESP_InitPort                
000027a7  HAL_ESP_RegisterIntHandler      
000027d9  HAL_ESP_HWEnable                
00002809  HAL_ESP_IsHWEnabled             
00002829  HAL_ESP_IntEnable               
00002845  HAL_ESP_ClearInt                
0000285d  HAL_ESP_InitWD                  
00002895  HAL_ESP_WDControl               
000028fd  HAL_ESP_WDClearInt              
00002959  SysCtlClockFreqSet              
00002b59  UART0RxIntHandler               
00002ba9  _ZN10SerialPort4GetIEv          
00002bd5  _ZN10SerialPort4GetPEv          
00002bdd  _ZN10SerialPort6InitHWEv        
00002c4b  _ZN10SerialPort4SendEPKcz       
00002c73  _ZN10SerialPort7AddHookEPFvPhPtE
00002c85  _ZN10SerialPortC1Ev             
00002c85  _ZN10SerialPortC2Ev             
00002c91  _ZN10SerialPortD1Ev             
00002c91  _ZN10SerialPortD2Ev             
00002cc9  __aeabi_ddiv                    
00002dff  GPIOPadConfigSet                
00002f31  __aeabi_dmul                    
0000302d  UNUSED                          
00003037  HAL_BOARD_CLOCK_Init            
00003053  HAL_BOARD_Reset                 
0000305b  HAL_DelayUS                     
000030cb  _TM4CMsToCycles                 
000030e5  HAL_SetPWM                      
000030f7  HAL_GetPWM                      
00003121  __cxa_finalize                  
00003163  __cxa_ia64_exit                 
00003169  __cxa_atexit                    
000031ad  atexit                          
000031bb  __aeabi_atexit                  
00003215  ldexpf                          
00003215  scalbnf                         
000032e9  __aeabi_memcpy                  
000032e9  __aeabi_memcpy4                 
000032e9  __aeabi_memcpy8                 
000032e9  memcpy                          
00003385  floorf                          
00003405  __aeabi_memclr                  
00003405  __aeabi_memclr4                 
00003405  __aeabi_memclr8                 
00003407  __aeabi_memset                  
00003407  __aeabi_memset4                 
00003407  __aeabi_memset8                 
0000340d  memset                          
0000347f  __aeabi_idiv0                   
00003481  __TI_auto_init                  
000034f1  __aeabi_d2f                     
0000355f  roundf                          
000035cd  IntDisable                      
00003635  IntEnable                       
0000369d  __TI_decompress_lzss            
00003705  TimerConfigure                  
00003765  IntPendSet                      
000037b9  _c_int00                        
0000380d  C$$EXIT                         
00003811  abort                           
00003819  exit                            
00003861  SysCtlPeripheralReset           
000038fd  copy_in                         
00003949  GPIOPinConfigure                
000039d9  UARTConfigSetExpClk             
00003a1f  __mpu_init                      
00003a61  __aeabi_uidiv                   
00003a61  __aeabi_uidivmod                
00003aa1  SysCtlPeripheralPresent         
00003ad9  __aeabi_f2d                     
00003b11  IntRegister                     
00003b45  SysCtlPeripheralEnable          
00003b79  strstr                          
00003bad  _Znwj                           
00003bdd  GPIODirModeSet                  
00003c07  _Z21__default_new_handlerv      
00003c09  sqrtf                           
00003c31  UARTDisable                     
00003c71  __cxa_guard_release             
00003c7b  __cxa_guard_acquire             
00003c87  __cxa_guard_abort               
00003c91  PWMPulseWidthGet                
00003caf  PWMPulseWidthSet                
00003ccd  strcat                          
00003ceb  GPIOPinTypeGPIOOutput           
00003d03  _system_post_cinit              
00003d05  TimerDisable                    
00003d1d  TimerIntRegister                
00003d35  UARTIntRegister                 
00003d4d  _args_main                      
00003d65  FPUStackingEnable               
00003d79  UARTEnable                      
00003d8d  _register_unlock                
00003d93  _register_lock                  
00003d9b  _nop                            
00003da1  GPIOPinTypeUART                 
00003db3  TimerLoadSet                    
00003dc5  copysignf                       
00003dd9  FPUEnable                       
00003de9  IntMasterEnable                 
00003df9  SysCtlReset                     
00003e09  isdigit                         
00003e19  lroundf                         
00003e29  TimerEnable                     
00003e37  UARTCharGetNonBlocking          
00003e45  UARTCharsAvail                  
00003e53  __TI_decompress_none            
00003e61  CPUcpsie                        
00003e6d  __TI_zero_init                  
00003e79  ResetISR                        
00003e85  TimerIntStatus                  
00003e8f  UARTCharGet                     
00003e99  UARTCharPut                     
00003ea3  UARTIntStatus                   
00003ead  TimerIntEnable                  
00003eb5  UARTBusy                        
00003ebd  UARTIntEnable                   
00003ec5  _ZdlPv                          
00003ecd  GPIOPinRead                     
00003ed3  GPIOPinWrite                    
00003ed9  SysCtlDelay                     
00003edf  UARTClockSourceSet              
00003ee5  UARTFIFOLevelSet                
00003eeb  TimerIntClear                   
00003eef  UARTIntClear                    
00003ef3  _system_pre_init                
000040a8  _ctypes_                        
000044d8  __TI_Handler_Table_Base         
000044e4  __TI_Handler_Table_Limit        
000044f8  __TI_CINIT_Base                 
00004510  __TI_CINIT_Limit                
00030d40  __STACK_SIZE                    
20000000  g_pfnRAMVectors                 
2000026c  __stack                         
2000046c  __STACK_TOP                     
20030fac  __STACK_END                     
20030fb0  _sys_memory                     
20032ef0  _commBuf                        
20033d38  __dso_handle                    
20033d3c  g_intHandler                    
20033d40  g_ui32SysClock                  
20033d44  socketId                        
20033d48  __TI_cleanup_ptr                
20033d4c  __TI_dtors_ptr                  
20033d50  __TI_enable_exit_profile_output 
20033d60  _lock                           
20033d64  _unlock                         
20033d74  errno                           
20033d78  main_func_sp                    
20033d7c  _new_handler                    
20033d82  gotData                         
ffffffff  __TI_pprof_out_hndl             
ffffffff  __TI_prof_data_size             
ffffffff  __TI_prof_data_start            
ffffffff  __binit__                       
ffffffff  __c_args__                      
ffffffff  binit                           
UNDEFED   SHT$$INIT_ARRAY$$Base           
UNDEFED   SHT$$INIT_ARRAY$$Limit          

[228 symbols]
